<?xml version="1.0" encoding="ISO-8859-1" ?>
<link_info>
   <banner>TI ARM Linker PC v18.1.1.LTS</banner>
   <copyright>Copyright (c) 1996-2017 Texas Instruments Incorporated</copyright>
   <link_time>0x5df1098e</link_time>
   <link_errors>0x0</link_errors>
   <output_file>Car0.out</output_file>
   <entry_point>
      <name>_c_int00_noargs</name>
      <address>0x57ed</address>
   </entry_point>
   <input_file_list>
      <input_file id="fl-2">
         <path>.\</path>
         <kind>object</kind>
         <file>tm4c123gh6pm_startup_ccs.obj</file>
         <name>tm4c123gh6pm_startup_ccs.obj</name>
      </input_file>
      <input_file id="fl-3">
         <path>.\App\CarControl\src\</path>
         <kind>object</kind>
         <file>CarControl.obj</file>
         <name>CarControl.obj</name>
      </input_file>
      <input_file id="fl-4">
         <path>.\App\testApp\src\</path>
         <kind>object</kind>
         <file>Tasks.obj</file>
         <name>Tasks.obj</name>
      </input_file>
      <input_file id="fl-5">
         <path>.\App\testApp\src\</path>
         <kind>object</kind>
         <file>testApp.obj</file>
         <name>testApp.obj</name>
      </input_file>
      <input_file id="fl-6">
         <path>.\Ecual\Dc_Motor\src\</path>
         <kind>object</kind>
         <file>DC_Motor.obj</file>
         <name>DC_Motor.obj</name>
      </input_file>
      <input_file id="fl-7">
         <path>.\Ecual\Icu\src\</path>
         <kind>object</kind>
         <file>Icu.obj</file>
         <name>Icu.obj</name>
      </input_file>
      <input_file id="fl-8">
         <path>.\Ecual\Lcd\src\</path>
         <kind>object</kind>
         <file>lcd.obj</file>
         <name>lcd.obj</name>
      </input_file>
      <input_file id="fl-9">
         <path>.\Ecual\Ultrasonic\src\</path>
         <kind>object</kind>
         <file>Ultrasonic.obj</file>
         <name>Ultrasonic.obj</name>
      </input_file>
      <input_file id="fl-a">
         <path>.\Firmware\FreeRtos\src\</path>
         <kind>object</kind>
         <file>heap_1.obj</file>
         <name>heap_1.obj</name>
      </input_file>
      <input_file id="fl-b">
         <path>.\Firmware\FreeRtos\src\</path>
         <kind>object</kind>
         <file>list.obj</file>
         <name>list.obj</name>
      </input_file>
      <input_file id="fl-c">
         <path>.\Firmware\FreeRtos\src\</path>
         <kind>object</kind>
         <file>port.obj</file>
         <name>port.obj</name>
      </input_file>
      <input_file id="fl-d">
         <path>.\Firmware\FreeRtos\src\</path>
         <kind>object</kind>
         <file>portasm.obj</file>
         <name>portasm.obj</name>
      </input_file>
      <input_file id="fl-e">
         <path>.\Firmware\FreeRtos\src\</path>
         <kind>object</kind>
         <file>queue.obj</file>
         <name>queue.obj</name>
      </input_file>
      <input_file id="fl-f">
         <path>.\Firmware\FreeRtos\src\</path>
         <kind>object</kind>
         <file>tasks.obj</file>
         <name>tasks.obj</name>
      </input_file>
      <input_file id="fl-10">
         <path>.\Mcal\Ext_Int\src\</path>
         <kind>object</kind>
         <file>Ext_Int.obj</file>
         <name>Ext_Int.obj</name>
      </input_file>
      <input_file id="fl-11">
         <path>.\Mcal\PWM\src\</path>
         <kind>object</kind>
         <file>PWM.obj</file>
         <name>PWM.obj</name>
      </input_file>
      <input_file id="fl-12">
         <path>.\Mcal\Tivaware\driverlib\</path>
         <kind>object</kind>
         <file>adc.obj</file>
         <name>adc.obj</name>
      </input_file>
      <input_file id="fl-13">
         <path>.\Mcal\Tivaware\driverlib\</path>
         <kind>object</kind>
         <file>aes.obj</file>
         <name>aes.obj</name>
      </input_file>
      <input_file id="fl-14">
         <path>.\Mcal\Tivaware\driverlib\</path>
         <kind>object</kind>
         <file>can.obj</file>
         <name>can.obj</name>
      </input_file>
      <input_file id="fl-15">
         <path>.\Mcal\Tivaware\driverlib\</path>
         <kind>object</kind>
         <file>comp.obj</file>
         <name>comp.obj</name>
      </input_file>
      <input_file id="fl-16">
         <path>.\Mcal\Tivaware\driverlib\</path>
         <kind>object</kind>
         <file>cpu.obj</file>
         <name>cpu.obj</name>
      </input_file>
      <input_file id="fl-17">
         <path>.\Mcal\Tivaware\driverlib\</path>
         <kind>object</kind>
         <file>crc.obj</file>
         <name>crc.obj</name>
      </input_file>
      <input_file id="fl-18">
         <path>.\Mcal\Tivaware\driverlib\</path>
         <kind>object</kind>
         <file>des.obj</file>
         <name>des.obj</name>
      </input_file>
      <input_file id="fl-19">
         <path>.\Mcal\Tivaware\driverlib\</path>
         <kind>object</kind>
         <file>eeprom.obj</file>
         <name>eeprom.obj</name>
      </input_file>
      <input_file id="fl-1a">
         <path>.\Mcal\Tivaware\driverlib\</path>
         <kind>object</kind>
         <file>emac.obj</file>
         <name>emac.obj</name>
      </input_file>
      <input_file id="fl-1b">
         <path>.\Mcal\Tivaware\driverlib\</path>
         <kind>object</kind>
         <file>epi.obj</file>
         <name>epi.obj</name>
      </input_file>
      <input_file id="fl-1c">
         <path>.\Mcal\Tivaware\driverlib\</path>
         <kind>object</kind>
         <file>epi_workaround_ccs.obj</file>
         <name>epi_workaround_ccs.obj</name>
      </input_file>
      <input_file id="fl-1d">
         <path>.\Mcal\Tivaware\driverlib\</path>
         <kind>object</kind>
         <file>flash.obj</file>
         <name>flash.obj</name>
      </input_file>
      <input_file id="fl-1e">
         <path>.\Mcal\Tivaware\driverlib\</path>
         <kind>object</kind>
         <file>fpu.obj</file>
         <name>fpu.obj</name>
      </input_file>
      <input_file id="fl-1f">
         <path>.\Mcal\Tivaware\driverlib\</path>
         <kind>object</kind>
         <file>gpio.obj</file>
         <name>gpio.obj</name>
      </input_file>
      <input_file id="fl-20">
         <path>.\Mcal\Tivaware\driverlib\</path>
         <kind>object</kind>
         <file>hibernate.obj</file>
         <name>hibernate.obj</name>
      </input_file>
      <input_file id="fl-21">
         <path>.\Mcal\Tivaware\driverlib\</path>
         <kind>object</kind>
         <file>i2c.obj</file>
         <name>i2c.obj</name>
      </input_file>
      <input_file id="fl-22">
         <path>.\Mcal\Tivaware\driverlib\</path>
         <kind>object</kind>
         <file>interrupt.obj</file>
         <name>interrupt.obj</name>
      </input_file>
      <input_file id="fl-23">
         <path>.\Mcal\Tivaware\driverlib\</path>
         <kind>object</kind>
         <file>lcd.obj</file>
         <name>lcd.obj</name>
      </input_file>
      <input_file id="fl-24">
         <path>.\Mcal\Tivaware\driverlib\</path>
         <kind>object</kind>
         <file>mpu.obj</file>
         <name>mpu.obj</name>
      </input_file>
      <input_file id="fl-25">
         <path>.\Mcal\Tivaware\driverlib\</path>
         <kind>object</kind>
         <file>onewire.obj</file>
         <name>onewire.obj</name>
      </input_file>
      <input_file id="fl-26">
         <path>.\Mcal\Tivaware\driverlib\</path>
         <kind>object</kind>
         <file>pwm.obj</file>
         <name>pwm.obj</name>
      </input_file>
      <input_file id="fl-27">
         <path>.\Mcal\Tivaware\driverlib\</path>
         <kind>object</kind>
         <file>qei.obj</file>
         <name>qei.obj</name>
      </input_file>
      <input_file id="fl-28">
         <path>.\Mcal\Tivaware\driverlib\</path>
         <kind>object</kind>
         <file>shamd5.obj</file>
         <name>shamd5.obj</name>
      </input_file>
      <input_file id="fl-29">
         <path>.\Mcal\Tivaware\driverlib\</path>
         <kind>object</kind>
         <file>ssi.obj</file>
         <name>ssi.obj</name>
      </input_file>
      <input_file id="fl-2a">
         <path>.\Mcal\Tivaware\driverlib\</path>
         <kind>object</kind>
         <file>sw_crc.obj</file>
         <name>sw_crc.obj</name>
      </input_file>
      <input_file id="fl-2b">
         <path>.\Mcal\Tivaware\driverlib\</path>
         <kind>object</kind>
         <file>sysctl.obj</file>
         <name>sysctl.obj</name>
      </input_file>
      <input_file id="fl-2c">
         <path>.\Mcal\Tivaware\driverlib\</path>
         <kind>object</kind>
         <file>sysexc.obj</file>
         <name>sysexc.obj</name>
      </input_file>
      <input_file id="fl-2d">
         <path>.\Mcal\Tivaware\driverlib\</path>
         <kind>object</kind>
         <file>systick.obj</file>
         <name>systick.obj</name>
      </input_file>
      <input_file id="fl-2e">
         <path>.\Mcal\Tivaware\driverlib\</path>
         <kind>object</kind>
         <file>timer.obj</file>
         <name>timer.obj</name>
      </input_file>
      <input_file id="fl-2f">
         <path>.\Mcal\Tivaware\driverlib\</path>
         <kind>object</kind>
         <file>uart.obj</file>
         <name>uart.obj</name>
      </input_file>
      <input_file id="fl-30">
         <path>.\Mcal\Tivaware\driverlib\</path>
         <kind>object</kind>
         <file>udma.obj</file>
         <name>udma.obj</name>
      </input_file>
      <input_file id="fl-31">
         <path>.\Mcal\Tivaware\driverlib\</path>
         <kind>object</kind>
         <file>usb.obj</file>
         <name>usb.obj</name>
      </input_file>
      <input_file id="fl-32">
         <path>.\Mcal\Tivaware\driverlib\</path>
         <kind>object</kind>
         <file>watchdog.obj</file>
         <name>watchdog.obj</name>
      </input_file>
      <input_file id="fl-3a">
         <kind>object</kind>
         <file>&lt;internal&gt;</file>
         <name>&lt;internal&gt;</name>
      </input_file>
      <input_file id="fl-f0">
         <path>C:\ti\ccsv8\tools\compiler\ti-cgt-arm_18.1.1.LTS\lib\</path>
         <kind>archive</kind>
         <file>rtsv7M4_T_le_v4SPD16_eabi.lib</file>
         <name>fd_div_t2.asm.obj</name>
      </input_file>
      <input_file id="fl-f1">
         <path>C:\ti\ccsv8\tools\compiler\ti-cgt-arm_18.1.1.LTS\lib\</path>
         <kind>archive</kind>
         <file>rtsv7M4_T_le_v4SPD16_eabi.lib</file>
         <name>fd_mul_t2.asm.obj</name>
      </input_file>
      <input_file id="fl-f2">
         <path>C:\ti\ccsv8\tools\compiler\ti-cgt-arm_18.1.1.LTS\lib\</path>
         <kind>archive</kind>
         <file>rtsv7M4_T_le_v4SPD16_eabi.lib</file>
         <name>fd_tou_t2.asm.obj</name>
      </input_file>
      <input_file id="fl-f3">
         <path>C:\ti\ccsv8\tools\compiler\ti-cgt-arm_18.1.1.LTS\lib\</path>
         <kind>archive</kind>
         <file>rtsv7M4_T_le_v4SPD16_eabi.lib</file>
         <name>memcpy_t2.asm.obj</name>
      </input_file>
      <input_file id="fl-f4">
         <path>C:\ti\ccsv8\tools\compiler\ti-cgt-arm_18.1.1.LTS\lib\</path>
         <kind>archive</kind>
         <file>rtsv7M4_T_le_v4SPD16_eabi.lib</file>
         <name>u_tofd_t2.asm.obj</name>
      </input_file>
      <input_file id="fl-f5">
         <path>C:\ti\ccsv8\tools\compiler\ti-cgt-arm_18.1.1.LTS\lib\</path>
         <kind>archive</kind>
         <file>rtsv7M4_T_le_v4SPD16_eabi.lib</file>
         <name>memset_t2.asm.obj</name>
      </input_file>
      <input_file id="fl-f6">
         <path>C:\ti\ccsv8\tools\compiler\ti-cgt-arm_18.1.1.LTS\lib\</path>
         <kind>archive</kind>
         <file>rtsv7M4_T_le_v4SPD16_eabi.lib</file>
         <name>copy_zero_init.c.obj</name>
      </input_file>
      <input_file id="fl-f7">
         <path>C:\ti\ccsv8\tools\compiler\ti-cgt-arm_18.1.1.LTS\lib\</path>
         <kind>archive</kind>
         <file>rtsv7M4_T_le_v4SPD16_eabi.lib</file>
         <name>copy_decompress_none.c.obj</name>
      </input_file>
      <input_file id="fl-f8">
         <path>C:\ti\ccsv8\tools\compiler\ti-cgt-arm_18.1.1.LTS\lib\</path>
         <kind>archive</kind>
         <file>rtsv7M4_T_le_v4SPD16_eabi.lib</file>
         <name>copy_decompress_lzss.c.obj</name>
      </input_file>
      <input_file id="fl-f9">
         <path>C:\ti\ccsv8\tools\compiler\ti-cgt-arm_18.1.1.LTS\lib\</path>
         <kind>archive</kind>
         <file>rtsv7M4_T_le_v4SPD16_eabi.lib</file>
         <name>boot_cortex_m.c.obj</name>
      </input_file>
      <input_file id="fl-fa">
         <path>C:\ti\ccsv8\tools\compiler\ti-cgt-arm_18.1.1.LTS\lib\</path>
         <kind>archive</kind>
         <file>rtsv7M4_T_le_v4SPD16_eabi.lib</file>
         <name>exit.c.obj</name>
      </input_file>
      <input_file id="fl-fb">
         <path>C:\ti\ccsv8\tools\compiler\ti-cgt-arm_18.1.1.LTS\lib\</path>
         <kind>archive</kind>
         <file>rtsv7M4_T_le_v4SPD16_eabi.lib</file>
         <name>_lock.c.obj</name>
      </input_file>
      <input_file id="fl-fc">
         <path>C:\ti\ccsv8\tools\compiler\ti-cgt-arm_18.1.1.LTS\lib\</path>
         <kind>archive</kind>
         <file>rtsv7M4_T_le_v4SPD16_eabi.lib</file>
         <name>args_main.c.obj</name>
      </input_file>
      <input_file id="fl-fd">
         <path>C:\ti\ccsv8\tools\compiler\ti-cgt-arm_18.1.1.LTS\lib\</path>
         <kind>archive</kind>
         <file>rtsv7M4_T_le_v4SPD16_eabi.lib</file>
         <name>autoinit.c.obj</name>
      </input_file>
      <input_file id="fl-fe">
         <path>C:\ti\ccsv8\tools\compiler\ti-cgt-arm_18.1.1.LTS\lib\</path>
         <kind>archive</kind>
         <file>rtsv7M4_T_le_v4SPD16_eabi.lib</file>
         <name>pre_init.c.obj</name>
      </input_file>
      <input_file id="fl-ff">
         <path>C:\ti\ccsv8\tools\compiler\ti-cgt-arm_18.1.1.LTS\lib\</path>
         <kind>archive</kind>
         <file>rtsv7M4_T_le_v4SPD16_eabi.lib</file>
         <name>cpy_tbl.c.obj</name>
      </input_file>
   </input_file_list>
   <object_component_list>
      <object_component id="oc-f">
         <name>.intvecs</name>
         <load_address>0x0</load_address>
         <run_address>0x0</run_address>
         <size>0x26c</size>
         <input_file_ref idref="fl-2"/>
      </object_component>
      <object_component id="oc-88">
         <name>.text</name>
         <load_address>0x26c</load_address>
         <run_address>0x26c</run_address>
         <size>0x1938</size>
         <input_file_ref idref="fl-f"/>
      </object_component>
      <object_component id="oc-ae">
         <name>.text</name>
         <load_address>0x1ba4</load_address>
         <run_address>0x1ba4</run_address>
         <size>0xf80</size>
         <input_file_ref idref="fl-2b"/>
      </object_component>
      <object_component id="oc-9e">
         <name>.text</name>
         <load_address>0x2b24</load_address>
         <run_address>0x2b24</run_address>
         <size>0xb94</size>
         <input_file_ref idref="fl-1f"/>
      </object_component>
      <object_component id="oc-2d2">
         <name>.text</name>
         <load_address>0x36b8</load_address>
         <run_address>0x36b8</run_address>
         <size>0x718</size>
         <input_file_ref idref="fl-26"/>
      </object_component>
      <object_component id="oc-a8">
         <name>.text</name>
         <load_address>0x3dd0</load_address>
         <run_address>0x3dd0</run_address>
         <size>0x642</size>
         <input_file_ref idref="fl-2e"/>
      </object_component>
      <object_component id="oc-b4">
         <name>.text</name>
         <load_address>0x4414</load_address>
         <run_address>0x4414</run_address>
         <size>0x3c0</size>
         <input_file_ref idref="fl-22"/>
      </object_component>
      <object_component id="oc-259">
         <name>.text</name>
         <load_address>0x47d4</load_address>
         <run_address>0x47d4</run_address>
         <size>0x224</size>
         <input_file_ref idref="fl-8"/>
      </object_component>
      <object_component id="oc-2f">
         <name>.text</name>
         <load_address>0x49f8</load_address>
         <run_address>0x49f8</run_address>
         <size>0x13c</size>
         <input_file_ref idref="fl-c"/>
      </object_component>
      <object_component id="oc-28e">
         <name>.text</name>
         <load_address>0x4b34</load_address>
         <run_address>0x4b34</run_address>
         <size>0x136</size>
         <input_file_ref idref="fl-f0"/>
      </object_component>
      <object_component id="oc-110">
         <name>.text</name>
         <load_address>0x4c6a</load_address>
         <run_address>0x4c6a</run_address>
         <size>0x132</size>
         <input_file_ref idref="fl-b"/>
      </object_component>
      <object_component id="oc-3b">
         <name>.text</name>
         <load_address>0x4d9c</load_address>
         <run_address>0x4d9c</run_address>
         <size>0x108</size>
         <input_file_ref idref="fl-7"/>
      </object_component>
      <object_component id="oc-293">
         <name>.text</name>
         <load_address>0x4ea4</load_address>
         <run_address>0x4ea4</run_address>
         <size>0xfc</size>
         <input_file_ref idref="fl-f1"/>
      </object_component>
      <object_component id="oc-29e">
         <name>.text</name>
         <load_address>0x4fa0</load_address>
         <run_address>0x4fa0</run_address>
         <size>0xe4</size>
         <input_file_ref idref="fl-11"/>
      </object_component>
      <object_component id="oc-2a4">
         <name>.text</name>
         <load_address>0x5084</load_address>
         <run_address>0x5084</run_address>
         <size>0xdc</size>
         <input_file_ref idref="fl-6"/>
      </object_component>
      <object_component id="oc-2a">
         <name>.text</name>
         <load_address>0x5160</load_address>
         <run_address>0x5160</run_address>
         <size>0xda</size>
         <input_file_ref idref="fl-d"/>
      </object_component>
      <object_component id="oc-ee">
         <name>.text</name>
         <load_address>0x523c</load_address>
         <run_address>0x523c</run_address>
         <size>0xb8</size>
         <input_file_ref idref="fl-5"/>
      </object_component>
      <object_component id="oc-253">
         <name>.text</name>
         <load_address>0x52f4</load_address>
         <run_address>0x52f4</run_address>
         <size>0xb2</size>
         <input_file_ref idref="fl-3"/>
      </object_component>
      <object_component id="oc-24d">
         <name>.text</name>
         <load_address>0x53a8</load_address>
         <run_address>0x53a8</run_address>
         <size>0x9c</size>
         <input_file_ref idref="fl-9"/>
      </object_component>
      <object_component id="oc-10a">
         <name>.text</name>
         <load_address>0x5444</load_address>
         <run_address>0x5444</run_address>
         <size>0x9c</size>
         <input_file_ref idref="fl-a"/>
      </object_component>
      <object_component id="oc-4f">
         <name>.text</name>
         <load_address>0x54e0</load_address>
         <run_address>0x54e0</run_address>
         <size>0x9c</size>
         <input_file_ref idref="fl-f3"/>
      </object_component>
      <object_component id="oc-e2">
         <name>.text</name>
         <load_address>0x557c</load_address>
         <run_address>0x557c</run_address>
         <size>0x7a</size>
         <input_file_ref idref="fl-f5"/>
      </object_component>
      <object_component id="oc-1a7">
         <name>.text</name>
         <load_address>0x55f8</load_address>
         <run_address>0x55f8</run_address>
         <size>0x68</size>
         <input_file_ref idref="fl-4"/>
      </object_component>
      <object_component id="oc-12">
         <name>.text:decompress:lzss:__TI_decompress_lzss</name>
         <load_address>0x5660</load_address>
         <run_address>0x5660</run_address>
         <size>0x68</size>
         <input_file_ref idref="fl-f8"/>
      </object_component>
      <object_component id="oc-35">
         <name>.text</name>
         <load_address>0x56c8</load_address>
         <run_address>0x56c8</run_address>
         <size>0x5c</size>
         <input_file_ref idref="fl-10"/>
      </object_component>
      <object_component id="oc-1bc">
         <name>.text:__TI_auto_init_nobinit_nopinit:__TI_auto_init_nobinit_nopinit</name>
         <load_address>0x5724</load_address>
         <run_address>0x5724</run_address>
         <size>0x44</size>
         <input_file_ref idref="fl-fd"/>
      </object_component>
      <object_component id="oc-298">
         <name>.text</name>
         <load_address>0x5768</load_address>
         <run_address>0x5768</run_address>
         <size>0x44</size>
         <input_file_ref idref="fl-f2"/>
      </object_component>
      <object_component id="oc-15d">
         <name>.text</name>
         <load_address>0x57ac</load_address>
         <run_address>0x57ac</run_address>
         <size>0x3e</size>
         <input_file_ref idref="fl-16"/>
      </object_component>
      <object_component id="oc-6d">
         <name>.text:_c_int00_noargs:_c_int00_noargs</name>
         <load_address>0x57ec</load_address>
         <run_address>0x57ec</run_address>
         <size>0x38</size>
         <input_file_ref idref="fl-f9"/>
      </object_component>
      <object_component id="oc-289">
         <name>.text</name>
         <load_address>0x5824</load_address>
         <run_address>0x5824</run_address>
         <size>0x20</size>
         <input_file_ref idref="fl-f4"/>
      </object_component>
      <object_component id="oc-18">
         <name>.text:decompress:none:__TI_decompress_none</name>
         <load_address>0x5844</load_address>
         <run_address>0x5844</run_address>
         <size>0xe</size>
         <input_file_ref idref="fl-f7"/>
      </object_component>
      <object_component id="oc-61">
         <name>.text:decompress:ZI:__TI_zero_init</name>
         <load_address>0x5852</load_address>
         <run_address>0x5852</run_address>
         <size>0xc</size>
         <input_file_ref idref="fl-f6"/>
      </object_component>
      <object_component id="oc-24">
         <name>.text</name>
         <load_address>0x585e</load_address>
         <run_address>0x585e</run_address>
         <size>0xc</size>
         <input_file_ref idref="fl-2"/>
      </object_component>
      <object_component id="oc-16c">
         <name>.text:SysCtlDelay</name>
         <load_address>0x586a</load_address>
         <run_address>0x586a</run_address>
         <size>0x6</size>
         <input_file_ref idref="fl-2b"/>
      </object_component>
      <object_component id="oc-e8">
         <name>.text:_system_pre_init</name>
         <load_address>0x5870</load_address>
         <run_address>0x5870</run_address>
         <size>0x4</size>
         <input_file_ref idref="fl-fe"/>
      </object_component>
      <object_component id="oc-1b0">
         <name>.text:abort:abort</name>
         <load_address>0x5874</load_address>
         <run_address>0x5874</run_address>
         <size>0x4</size>
         <input_file_ref idref="fl-fa"/>
      </object_component>
      <object_component id="oc-169">
         <name>.const:g_pppui32XTALtoVCO</name>
         <load_address>0x5878</load_address>
         <run_address>0x5878</run_address>
         <size>0x1b0</size>
         <input_file_ref idref="fl-2b"/>
      </object_component>
      <object_component id="oc-13e">
         <name>.const:g_ppui32GPIOIntMapSnowflake</name>
         <load_address>0x5a28</load_address>
         <run_address>0x5a28</run_address>
         <size>0xd8</size>
         <input_file_ref idref="fl-1f"/>
      </object_component>
      <object_component id="oc-13b">
         <name>.const:g_ppui32GPIOIntMapBlizzard</name>
         <load_address>0x5b00</load_address>
         <run_address>0x5b00</run_address>
         <size>0xc0</size>
         <input_file_ref idref="fl-1f"/>
      </object_component>
      <object_component id="oc-175">
         <name>.const:g_pui32Regs</name>
         <load_address>0x5bc0</load_address>
         <run_address>0x5bc0</run_address>
         <size>0x9c</size>
         <input_file_ref idref="fl-22"/>
      </object_component>
      <object_component id="oc-141">
         <name>.const:g_pui32GPIOBaseAddrs</name>
         <load_address>0x5c5c</load_address>
         <run_address>0x5c5c</run_address>
         <size>0x90</size>
         <input_file_ref idref="fl-1f"/>
      </object_component>
      <object_component id="oc-163">
         <name>.const:g_pui32Xtals</name>
         <load_address>0x5cec</load_address>
         <run_address>0x5cec</run_address>
         <size>0x6c</size>
         <input_file_ref idref="fl-2b"/>
      </object_component>
      <object_component id="oc-152">
         <name>.const:g_ppui32TimerIntMap</name>
         <load_address>0x5d58</load_address>
         <run_address>0x5d58</run_address>
         <size>0x60</size>
         <input_file_ref idref="fl-2e"/>
      </object_component>
      <object_component id="oc-155">
         <name>.const:g_ppui32TimerIntMapSnowflake</name>
         <load_address>0x5db8</load_address>
         <run_address>0x5db8</run_address>
         <size>0x40</size>
         <input_file_ref idref="fl-2e"/>
      </object_component>
      <object_component id="oc-15a">
         <name>.const:g_sXTALtoMEMTIM</name>
         <load_address>0x5df8</load_address>
         <run_address>0x5df8</run_address>
         <size>0x30</size>
         <input_file_ref idref="fl-2b"/>
      </object_component>
      <object_component id="oc-172">
         <name>.const:g_pui32Priority</name>
         <load_address>0x5e28</load_address>
         <run_address>0x5e28</run_address>
         <size>0x20</size>
         <input_file_ref idref="fl-22"/>
      </object_component>
      <object_component id="oc-17b">
         <name>.const:g_pui32Dii16Regs</name>
         <load_address>0x5e48</load_address>
         <run_address>0x5e48</run_address>
         <size>0x14</size>
         <input_file_ref idref="fl-22"/>
      </object_component>
      <object_component id="oc-178">
         <name>.const:g_pui32EnRegs</name>
         <load_address>0x5e5c</load_address>
         <run_address>0x5e5c</run_address>
         <size>0x14</size>
         <input_file_ref idref="fl-22"/>
      </object_component>
      <object_component id="oc-17e">
         <name>.const:g_pui32PendRegs</name>
         <load_address>0x5e70</load_address>
         <run_address>0x5e70</run_address>
         <size>0x14</size>
         <input_file_ref idref="fl-22"/>
      </object_component>
      <object_component id="oc-181">
         <name>.const:g_pui32UnpendRegs</name>
         <load_address>0x5e84</load_address>
         <run_address>0x5e84</run_address>
         <size>0x14</size>
         <input_file_ref idref="fl-22"/>
      </object_component>
      <object_component id="oc-166">
         <name>.const:g_pui32VCOFrequencies</name>
         <load_address>0x5e98</load_address>
         <run_address>0x5e98</run_address>
         <size>0x8</size>
         <input_file_ref idref="fl-2b"/>
      </object_component>
      <object_component id="oc-85">
         <name>.const</name>
         <load_address>0x5ea0</load_address>
         <run_address>0x5ea0</run_address>
         <size>0x4</size>
         <input_file_ref idref="fl-c"/>
      </object_component>
      <object_component id="oc-319">
         <name>.cinit..data.load</name>
         <load_address>0x5ea8</load_address>
         <run_address>0x5ea8</run_address>
         <size>0x12</size>
      </object_component>
      <object_component id="oc-316">
         <name>__TI_handler_table</name>
         <load_address>0x5ebc</load_address>
         <run_address>0x5ebc</run_address>
         <size>0xc</size>
      </object_component>
      <object_component id="oc-31a">
         <name>.cinit..bss.load</name>
         <load_address>0x5ec8</load_address>
         <run_address>0x5ec8</run_address>
         <size>0x8</size>
      </object_component>
      <object_component id="oc-318">
         <name>.cinit..vtable.load</name>
         <load_address>0x5ed0</load_address>
         <run_address>0x5ed0</run_address>
         <size>0x8</size>
      </object_component>
      <object_component id="oc-317">
         <name>__TI_cinit_table</name>
         <load_address>0x5ed8</load_address>
         <run_address>0x5ed8</run_address>
         <size>0x18</size>
      </object_component>
      <object_component id="oc-16f">
         <name>.vtable</name>
         <uninitialized>true</uninitialized>
         <run_address>0x20000000</run_address>
         <size>0x26c</size>
         <input_file_ref idref="fl-22"/>
      </object_component>
      <object_component id="oc-ba">
         <name>.data</name>
         <load_address>0x200053c4</load_address>
         <run_address>0x200053c4</run_address>
         <size>0x8</size>
         <input_file_ref idref="fl-7"/>
      </object_component>
      <object_component id="oc-1ff">
         <name>.data</name>
         <load_address>0x200053cc</load_address>
         <run_address>0x200053cc</run_address>
         <size>0x8</size>
         <input_file_ref idref="fl-a"/>
      </object_component>
      <object_component id="oc-8f">
         <name>.data</name>
         <load_address>0x200053d4</load_address>
         <run_address>0x200053d4</run_address>
         <size>0x4</size>
         <input_file_ref idref="fl-c"/>
      </object_component>
      <object_component id="oc-82">
         <name>.data</name>
         <load_address>0x20005390</load_address>
         <run_address>0x20005390</run_address>
         <size>0x34</size>
         <input_file_ref idref="fl-f"/>
      </object_component>
      <object_component id="oc-bd">
         <name>.bss</name>
         <uninitialized>true</uninitialized>
         <run_address>0x20005170</run_address>
         <size>0x8</size>
         <input_file_ref idref="fl-7"/>
      </object_component>
      <object_component id="oc-202">
         <name>.bss:ucHeap</name>
         <uninitialized>true</uninitialized>
         <run_address>0x2000026c</run_address>
         <size>0x4e20</size>
         <input_file_ref idref="fl-a"/>
      </object_component>
      <object_component id="oc-116">
         <name>.bss:pxReadyTasksLists</name>
         <uninitialized>true</uninitialized>
         <run_address>0x2000508c</run_address>
         <size>0x78</size>
         <input_file_ref idref="fl-f"/>
      </object_component>
      <object_component id="oc-125">
         <name>.bss:xDelayedTaskList1</name>
         <uninitialized>true</uninitialized>
         <run_address>0x20005104</run_address>
         <size>0x14</size>
         <input_file_ref idref="fl-f"/>
      </object_component>
      <object_component id="oc-128">
         <name>.bss:xDelayedTaskList2</name>
         <uninitialized>true</uninitialized>
         <run_address>0x20005118</run_address>
         <size>0x14</size>
         <input_file_ref idref="fl-f"/>
      </object_component>
      <object_component id="oc-11c">
         <name>.bss</name>
         <uninitialized>true</uninitialized>
         <run_address>0x20005168</run_address>
         <size>0x8</size>
         <input_file_ref idref="fl-f"/>
      </object_component>
      <object_component id="oc-122">
         <name>.bss:xPendingReadyList</name>
         <uninitialized>true</uninitialized>
         <run_address>0x2000512c</run_address>
         <size>0x14</size>
         <input_file_ref idref="fl-f"/>
      </object_component>
      <object_component id="oc-119">
         <name>.bss:xTasksWaitingTermination</name>
         <uninitialized>true</uninitialized>
         <run_address>0x20005154</run_address>
         <size>0x14</size>
         <input_file_ref idref="fl-f"/>
      </object_component>
      <object_component id="oc-11f">
         <name>.bss:xSuspendedTaskList</name>
         <uninitialized>true</uninitialized>
         <run_address>0x20005140</run_address>
         <size>0x14</size>
         <input_file_ref idref="fl-f"/>
      </object_component>
      <object_component id="oc-1a4">
         <name>.common:Init_Task_Handle</name>
         <uninitialized>true</uninitialized>
         <run_address>0x2000517c</run_address>
         <size>0x4</size>
      </object_component>
      <object_component id="oc-1ae">
         <name>.common:Ultarsonic_Task_Handle</name>
         <uninitialized>true</uninitialized>
         <run_address>0x20005180</run_address>
         <size>0x4</size>
      </object_component>
      <object_component id="oc-1ad">
         <name>.common:CarTaskLogic_Handle</name>
         <uninitialized>true</uninitialized>
         <run_address>0x20005178</run_address>
         <size>0x4</size>
      </object_component>
      <object_component id="oc-25f">
         <name>.common:ultrasonicDistanc</name>
         <uninitialized>true</uninitialized>
         <run_address>0x20005188</run_address>
         <size>0x4</size>
      </object_component>
      <object_component id="oc-a4">
         <name>.common:ptr</name>
         <uninitialized>true</uninitialized>
         <run_address>0x20005184</run_address>
         <size>0x4</size>
      </object_component>
      <object_component id="oc-21">
         <name>.stack</name>
         <uninitialized>true</uninitialized>
         <run_address>0x20005190</run_address>
         <size>0x4</size>
         <input_file_ref idref="fl-f9"/>
      </object_component>
      <object_component id="oc-31b">
         <name>.stack</name>
         <uninitialized>true</uninitialized>
         <run_address>0x20005190</run_address>
         <size>0x0</size>
      </object_component>
      <object_component id="oc-43">
         <name>.debug_info</name>
         <load_address>0x0</load_address>
         <run_address>0x0</run_address>
         <size>0x366</size>
         <input_file_ref idref="fl-2"/>
      </object_component>
      <object_component id="oc-10">
         <name>.debug_info</name>
         <load_address>0x366</load_address>
         <run_address>0x366</run_address>
         <size>0xe5</size>
         <input_file_ref idref="fl-2"/>
      </object_component>
      <object_component id="oc-25">
         <name>.debug_info</name>
         <load_address>0x44b</load_address>
         <run_address>0x44b</run_address>
         <size>0x261</size>
         <input_file_ref idref="fl-2"/>
      </object_component>
      <object_component id="oc-c8">
         <name>.debug_info</name>
         <load_address>0x6ac</load_address>
         <run_address>0x6ac</run_address>
         <size>0x26b</size>
         <input_file_ref idref="fl-2"/>
      </object_component>
      <object_component id="oc-4a">
         <name>.debug_info</name>
         <load_address>0x917</load_address>
         <run_address>0x917</run_address>
         <size>0x84</size>
         <input_file_ref idref="fl-2"/>
      </object_component>
      <object_component id="oc-188">
         <name>.debug_info</name>
         <load_address>0x99b</load_address>
         <run_address>0x99b</run_address>
         <size>0x297</size>
         <input_file_ref idref="fl-2"/>
      </object_component>
      <object_component id="oc-145">
         <name>.debug_info</name>
         <load_address>0xc32</load_address>
         <run_address>0xc32</run_address>
         <size>0xef</size>
         <input_file_ref idref="fl-2"/>
      </object_component>
      <object_component id="oc-bf">
         <name>.debug_info</name>
         <load_address>0xd21</load_address>
         <run_address>0xd21</run_address>
         <size>0xbb</size>
         <input_file_ref idref="fl-2"/>
      </object_component>
      <object_component id="oc-13a">
         <name>.debug_info</name>
         <load_address>0xddc</load_address>
         <run_address>0xddc</run_address>
         <size>0x44a</size>
         <input_file_ref idref="fl-3"/>
      </object_component>
      <object_component id="oc-254">
         <name>.debug_info</name>
         <load_address>0x1226</load_address>
         <run_address>0x1226</run_address>
         <size>0x6a2</size>
         <input_file_ref idref="fl-3"/>
      </object_component>
      <object_component id="oc-103">
         <name>.debug_info</name>
         <load_address>0x18c8</load_address>
         <run_address>0x18c8</run_address>
         <size>0x30c</size>
         <input_file_ref idref="fl-3"/>
      </object_component>
      <object_component id="oc-135">
         <name>.debug_info</name>
         <load_address>0x1bd4</load_address>
         <run_address>0x1bd4</run_address>
         <size>0x3cd</size>
         <input_file_ref idref="fl-3"/>
      </object_component>
      <object_component id="oc-94">
         <name>.debug_info</name>
         <load_address>0x1fa1</load_address>
         <run_address>0x1fa1</run_address>
         <size>0x2c</size>
         <input_file_ref idref="fl-3"/>
      </object_component>
      <object_component id="oc-219">
         <name>.debug_info</name>
         <load_address>0x1fcd</load_address>
         <run_address>0x1fcd</run_address>
         <size>0xa1</size>
         <input_file_ref idref="fl-3"/>
      </object_component>
      <object_component id="oc-99">
         <name>.debug_info</name>
         <load_address>0x206e</load_address>
         <run_address>0x206e</run_address>
         <size>0x53</size>
         <input_file_ref idref="fl-3"/>
      </object_component>
      <object_component id="oc-130">
         <name>.debug_info</name>
         <load_address>0x20c1</load_address>
         <run_address>0x20c1</run_address>
         <size>0x14c</size>
         <input_file_ref idref="fl-3"/>
      </object_component>
      <object_component id="oc-1a5">
         <name>.debug_info</name>
         <load_address>0x220d</load_address>
         <run_address>0x220d</run_address>
         <size>0x5cc</size>
         <input_file_ref idref="fl-4"/>
      </object_component>
      <object_component id="oc-1a8">
         <name>.debug_info</name>
         <load_address>0x27d9</load_address>
         <run_address>0x27d9</run_address>
         <size>0x3b4</size>
         <input_file_ref idref="fl-4"/>
      </object_component>
      <object_component id="oc-14b">
         <name>.debug_info</name>
         <load_address>0x2b8d</load_address>
         <run_address>0x2b8d</run_address>
         <size>0x8b</size>
         <input_file_ref idref="fl-4"/>
      </object_component>
      <object_component id="oc-18f">
         <name>.debug_info</name>
         <load_address>0x2c18</load_address>
         <run_address>0x2c18</run_address>
         <size>0xa1</size>
         <input_file_ref idref="fl-4"/>
      </object_component>
      <object_component id="oc-ef">
         <name>.debug_info</name>
         <load_address>0x2cb9</load_address>
         <run_address>0x2cb9</run_address>
         <size>0x1ca</size>
         <input_file_ref idref="fl-5"/>
      </object_component>
      <object_component id="oc-2a5">
         <name>.debug_info</name>
         <load_address>0x2e83</load_address>
         <run_address>0x2e83</run_address>
         <size>0x4b5</size>
         <input_file_ref idref="fl-6"/>
      </object_component>
      <object_component id="oc-c4">
         <name>.debug_info</name>
         <load_address>0x3338</load_address>
         <run_address>0x3338</run_address>
         <size>0x567</size>
         <input_file_ref idref="fl-7"/>
      </object_component>
      <object_component id="oc-bb">
         <name>.debug_info</name>
         <load_address>0x389f</load_address>
         <run_address>0x389f</run_address>
         <size>0xe5</size>
         <input_file_ref idref="fl-7"/>
      </object_component>
      <object_component id="oc-3c">
         <name>.debug_info</name>
         <load_address>0x3984</load_address>
         <run_address>0x3984</run_address>
         <size>0x436</size>
         <input_file_ref idref="fl-7"/>
      </object_component>
      <object_component id="oc-2ac">
         <name>.debug_info</name>
         <load_address>0x3dba</load_address>
         <run_address>0x3dba</run_address>
         <size>0x423</size>
         <input_file_ref idref="fl-8"/>
      </object_component>
      <object_component id="oc-25a">
         <name>.debug_info</name>
         <load_address>0x41dd</load_address>
         <run_address>0x41dd</run_address>
         <size>0x893</size>
         <input_file_ref idref="fl-8"/>
      </object_component>
      <object_component id="oc-24e">
         <name>.debug_info</name>
         <load_address>0x4a70</load_address>
         <run_address>0x4a70</run_address>
         <size>0x454</size>
         <input_file_ref idref="fl-9"/>
      </object_component>
      <object_component id="oc-206">
         <name>.debug_info</name>
         <load_address>0x4ec4</load_address>
         <run_address>0x4ec4</run_address>
         <size>0x3d6</size>
         <input_file_ref idref="fl-a"/>
      </object_component>
      <object_component id="oc-203">
         <name>.debug_info</name>
         <load_address>0x529a</load_address>
         <run_address>0x529a</run_address>
         <size>0xdc</size>
         <input_file_ref idref="fl-a"/>
      </object_component>
      <object_component id="oc-200">
         <name>.debug_info</name>
         <load_address>0x5376</load_address>
         <run_address>0x5376</run_address>
         <size>0xea</size>
         <input_file_ref idref="fl-a"/>
      </object_component>
      <object_component id="oc-10e">
         <name>.debug_info</name>
         <load_address>0x5460</load_address>
         <run_address>0x5460</run_address>
         <size>0x3a2</size>
         <input_file_ref idref="fl-a"/>
      </object_component>
      <object_component id="oc-1fa">
         <name>.debug_info</name>
         <load_address>0x5802</load_address>
         <run_address>0x5802</run_address>
         <size>0x110</size>
         <input_file_ref idref="fl-a"/>
      </object_component>
      <object_component id="oc-208">
         <name>.debug_info</name>
         <load_address>0x5912</load_address>
         <run_address>0x5912</run_address>
         <size>0x34f</size>
         <input_file_ref idref="fl-b"/>
      </object_component>
      <object_component id="oc-111">
         <name>.debug_info</name>
         <load_address>0x5c61</load_address>
         <run_address>0x5c61</run_address>
         <size>0x530</size>
         <input_file_ref idref="fl-b"/>
      </object_component>
      <object_component id="oc-93">
         <name>.debug_info</name>
         <load_address>0x6191</load_address>
         <run_address>0x6191</run_address>
         <size>0x3ce</size>
         <input_file_ref idref="fl-c"/>
      </object_component>
      <object_component id="oc-86">
         <name>.debug_info</name>
         <load_address>0x655f</load_address>
         <run_address>0x655f</run_address>
         <size>0x109</size>
         <input_file_ref idref="fl-c"/>
      </object_component>
      <object_component id="oc-90">
         <name>.debug_info</name>
         <load_address>0x6668</load_address>
         <run_address>0x6668</run_address>
         <size>0xf0</size>
         <input_file_ref idref="fl-c"/>
      </object_component>
      <object_component id="oc-30">
         <name>.debug_info</name>
         <load_address>0x6758</load_address>
         <run_address>0x6758</run_address>
         <size>0x610</size>
         <input_file_ref idref="fl-c"/>
      </object_component>
      <object_component id="oc-2b">
         <name>.debug_info</name>
         <load_address>0x6d68</load_address>
         <run_address>0x6d68</run_address>
         <size>0x241</size>
         <input_file_ref idref="fl-d"/>
      </object_component>
      <object_component id="oc-102">
         <name>.debug_info</name>
         <load_address>0x6fa9</load_address>
         <run_address>0x6fa9</run_address>
         <size>0x724</size>
         <input_file_ref idref="fl-f"/>
      </object_component>
      <object_component id="oc-83">
         <name>.debug_info</name>
         <load_address>0x76cd</load_address>
         <run_address>0x76cd</run_address>
         <size>0x34b</size>
         <input_file_ref idref="fl-f"/>
      </object_component>
      <object_component id="oc-117">
         <name>.debug_info</name>
         <load_address>0x7a18</load_address>
         <run_address>0x7a18</run_address>
         <size>0xf2</size>
         <input_file_ref idref="fl-f"/>
      </object_component>
      <object_component id="oc-126">
         <name>.debug_info</name>
         <load_address>0x7b0a</load_address>
         <run_address>0x7b0a</run_address>
         <size>0xf2</size>
         <input_file_ref idref="fl-f"/>
      </object_component>
      <object_component id="oc-129">
         <name>.debug_info</name>
         <load_address>0x7bfc</load_address>
         <run_address>0x7bfc</run_address>
         <size>0xf2</size>
         <input_file_ref idref="fl-f"/>
      </object_component>
      <object_component id="oc-11d">
         <name>.debug_info</name>
         <load_address>0x7cee</load_address>
         <run_address>0x7cee</run_address>
         <size>0x135</size>
         <input_file_ref idref="fl-f"/>
      </object_component>
      <object_component id="oc-123">
         <name>.debug_info</name>
         <load_address>0x7e23</load_address>
         <run_address>0x7e23</run_address>
         <size>0xf2</size>
         <input_file_ref idref="fl-f"/>
      </object_component>
      <object_component id="oc-11a">
         <name>.debug_info</name>
         <load_address>0x7f15</load_address>
         <run_address>0x7f15</run_address>
         <size>0x100</size>
         <input_file_ref idref="fl-f"/>
      </object_component>
      <object_component id="oc-120">
         <name>.debug_info</name>
         <load_address>0x8015</load_address>
         <run_address>0x8015</run_address>
         <size>0xf4</size>
         <input_file_ref idref="fl-f"/>
      </object_component>
      <object_component id="oc-89">
         <name>.debug_info</name>
         <load_address>0x8109</load_address>
         <run_address>0x8109</run_address>
         <size>0x51cf</size>
         <input_file_ref idref="fl-f"/>
      </object_component>
      <object_component id="oc-1f0">
         <name>.debug_info</name>
         <load_address>0xd2d8</load_address>
         <run_address>0xd2d8</run_address>
         <size>0x46</size>
         <input_file_ref idref="fl-f"/>
      </object_component>
      <object_component id="oc-1f5">
         <name>.debug_info</name>
         <load_address>0xd31e</load_address>
         <run_address>0xd31e</run_address>
         <size>0x15b</size>
         <input_file_ref idref="fl-f"/>
      </object_component>
      <object_component id="oc-a5">
         <name>.debug_info</name>
         <load_address>0xd479</load_address>
         <run_address>0xd479</run_address>
         <size>0x393</size>
         <input_file_ref idref="fl-10"/>
      </object_component>
      <object_component id="oc-36">
         <name>.debug_info</name>
         <load_address>0xd80c</load_address>
         <run_address>0xd80c</run_address>
         <size>0x2b0</size>
         <input_file_ref idref="fl-10"/>
      </object_component>
      <object_component id="oc-29f">
         <name>.debug_info</name>
         <load_address>0xdabc</load_address>
         <run_address>0xdabc</run_address>
         <size>0x38e</size>
         <input_file_ref idref="fl-11"/>
      </object_component>
      <object_component id="oc-15e">
         <name>.debug_info</name>
         <load_address>0xde4a</load_address>
         <run_address>0xde4a</run_address>
         <size>0x3e8</size>
         <input_file_ref idref="fl-16"/>
      </object_component>
      <object_component id="oc-14a">
         <name>.debug_info</name>
         <load_address>0xe232</load_address>
         <run_address>0xe232</run_address>
         <size>0x364</size>
         <input_file_ref idref="fl-1f"/>
      </object_component>
      <object_component id="oc-13c">
         <name>.debug_info</name>
         <load_address>0xe596</load_address>
         <run_address>0xe596</run_address>
         <size>0x104</size>
         <input_file_ref idref="fl-1f"/>
      </object_component>
      <object_component id="oc-13f">
         <name>.debug_info</name>
         <load_address>0xe69a</load_address>
         <run_address>0xe69a</run_address>
         <size>0x106</size>
         <input_file_ref idref="fl-1f"/>
      </object_component>
      <object_component id="oc-142">
         <name>.debug_info</name>
         <load_address>0xe7a0</load_address>
         <run_address>0xe7a0</run_address>
         <size>0xf8</size>
         <input_file_ref idref="fl-1f"/>
      </object_component>
      <object_component id="oc-9f">
         <name>.debug_info</name>
         <load_address>0xe898</load_address>
         <run_address>0xe898</run_address>
         <size>0x3683</size>
         <input_file_ref idref="fl-1f"/>
      </object_component>
      <object_component id="oc-185">
         <name>.debug_info</name>
         <load_address>0x11f1b</load_address>
         <run_address>0x11f1b</run_address>
         <size>0x341</size>
         <input_file_ref idref="fl-22"/>
      </object_component>
      <object_component id="oc-173">
         <name>.debug_info</name>
         <load_address>0x1225c</load_address>
         <run_address>0x1225c</run_address>
         <size>0xf3</size>
         <input_file_ref idref="fl-22"/>
      </object_component>
      <object_component id="oc-176">
         <name>.debug_info</name>
         <load_address>0x1234f</load_address>
         <run_address>0x1234f</run_address>
         <size>0xeb</size>
         <input_file_ref idref="fl-22"/>
      </object_component>
      <object_component id="oc-179">
         <name>.debug_info</name>
         <load_address>0x1243a</load_address>
         <run_address>0x1243a</run_address>
         <size>0xef</size>
         <input_file_ref idref="fl-22"/>
      </object_component>
      <object_component id="oc-17c">
         <name>.debug_info</name>
         <load_address>0x12529</load_address>
         <run_address>0x12529</run_address>
         <size>0xf5</size>
         <input_file_ref idref="fl-22"/>
      </object_component>
      <object_component id="oc-17f">
         <name>.debug_info</name>
         <load_address>0x1261e</load_address>
         <run_address>0x1261e</run_address>
         <size>0xf3</size>
         <input_file_ref idref="fl-22"/>
      </object_component>
      <object_component id="oc-182">
         <name>.debug_info</name>
         <load_address>0x12711</load_address>
         <run_address>0x12711</run_address>
         <size>0xf7</size>
         <input_file_ref idref="fl-22"/>
      </object_component>
      <object_component id="oc-170">
         <name>.debug_info</name>
         <load_address>0x12808</load_address>
         <run_address>0x12808</run_address>
         <size>0xf4</size>
         <input_file_ref idref="fl-22"/>
      </object_component>
      <object_component id="oc-b5">
         <name>.debug_info</name>
         <load_address>0x128fc</load_address>
         <run_address>0x128fc</run_address>
         <size>0xed0</size>
         <input_file_ref idref="fl-22"/>
      </object_component>
      <object_component id="oc-2ec">
         <name>.debug_info</name>
         <load_address>0x137cc</load_address>
         <run_address>0x137cc</run_address>
         <size>0x316</size>
         <input_file_ref idref="fl-26"/>
      </object_component>
      <object_component id="oc-2d3">
         <name>.debug_info</name>
         <load_address>0x13ae2</load_address>
         <run_address>0x13ae2</run_address>
         <size>0x2bad</size>
         <input_file_ref idref="fl-26"/>
      </object_component>
      <object_component id="oc-16e">
         <name>.debug_info</name>
         <load_address>0x1668f</load_address>
         <run_address>0x1668f</run_address>
         <size>0x3c6</size>
         <input_file_ref idref="fl-2b"/>
      </object_component>
      <object_component id="oc-164">
         <name>.debug_info</name>
         <load_address>0x16a55</load_address>
         <run_address>0x16a55</run_address>
         <size>0xea</size>
         <input_file_ref idref="fl-2b"/>
      </object_component>
      <object_component id="oc-16a">
         <name>.debug_info</name>
         <load_address>0x16b3f</load_address>
         <run_address>0x16b3f</run_address>
         <size>0xf6</size>
         <input_file_ref idref="fl-2b"/>
      </object_component>
      <object_component id="oc-15b">
         <name>.debug_info</name>
         <load_address>0x16c35</load_address>
         <run_address>0x16c35</run_address>
         <size>0xf0</size>
         <input_file_ref idref="fl-2b"/>
      </object_component>
      <object_component id="oc-167">
         <name>.debug_info</name>
         <load_address>0x16d25</load_address>
         <run_address>0x16d25</run_address>
         <size>0xfd</size>
         <input_file_ref idref="fl-2b"/>
      </object_component>
      <object_component id="oc-af">
         <name>.debug_info</name>
         <load_address>0x16e22</load_address>
         <run_address>0x16e22</run_address>
         <size>0x3176</size>
         <input_file_ref idref="fl-2b"/>
      </object_component>
      <object_component id="oc-237">
         <name>.debug_info</name>
         <load_address>0x19f98</load_address>
         <run_address>0x19f98</run_address>
         <size>0x51</size>
         <input_file_ref idref="fl-2b"/>
      </object_component>
      <object_component id="oc-159">
         <name>.debug_info</name>
         <load_address>0x19fe9</load_address>
         <run_address>0x19fe9</run_address>
         <size>0x351</size>
         <input_file_ref idref="fl-2e"/>
      </object_component>
      <object_component id="oc-153">
         <name>.debug_info</name>
         <load_address>0x1a33a</load_address>
         <run_address>0x1a33a</run_address>
         <size>0xf7</size>
         <input_file_ref idref="fl-2e"/>
      </object_component>
      <object_component id="oc-156">
         <name>.debug_info</name>
         <load_address>0x1a431</load_address>
         <run_address>0x1a431</run_address>
         <size>0x109</size>
         <input_file_ref idref="fl-2e"/>
      </object_component>
      <object_component id="oc-a9">
         <name>.debug_info</name>
         <load_address>0x1a53a</load_address>
         <run_address>0x1a53a</run_address>
         <size>0x28c3</size>
         <input_file_ref idref="fl-2e"/>
      </object_component>
      <object_component id="oc-291">
         <name>.debug_info</name>
         <load_address>0x1cdfd</load_address>
         <run_address>0x1cdfd</run_address>
         <size>0x132</size>
         <input_file_ref idref="fl-f0"/>
      </object_component>
      <object_component id="oc-296">
         <name>.debug_info</name>
         <load_address>0x1cf2f</load_address>
         <run_address>0x1cf2f</run_address>
         <size>0x132</size>
         <input_file_ref idref="fl-f1"/>
      </object_component>
      <object_component id="oc-299">
         <name>.debug_info</name>
         <load_address>0x1d061</load_address>
         <run_address>0x1d061</run_address>
         <size>0x131</size>
         <input_file_ref idref="fl-f2"/>
      </object_component>
      <object_component id="oc-50">
         <name>.debug_info</name>
         <load_address>0x1d192</load_address>
         <run_address>0x1d192</run_address>
         <size>0x111</size>
         <input_file_ref idref="fl-f3"/>
      </object_component>
      <object_component id="oc-28a">
         <name>.debug_info</name>
         <load_address>0x1d2a3</load_address>
         <run_address>0x1d2a3</run_address>
         <size>0x126</size>
         <input_file_ref idref="fl-f4"/>
      </object_component>
      <object_component id="oc-e3">
         <name>.debug_info</name>
         <load_address>0x1d3c9</load_address>
         <run_address>0x1d3c9</run_address>
         <size>0x13f</size>
         <input_file_ref idref="fl-f5"/>
      </object_component>
      <object_component id="oc-e1">
         <name>.debug_info</name>
         <load_address>0x1d508</load_address>
         <run_address>0x1d508</run_address>
         <size>0x313</size>
         <input_file_ref idref="fl-f6"/>
      </object_component>
      <object_component id="oc-62">
         <name>.debug_info</name>
         <load_address>0x1d81b</load_address>
         <run_address>0x1d81b</run_address>
         <size>0x1aa</size>
         <input_file_ref idref="fl-f6"/>
      </object_component>
      <object_component id="oc-dc">
         <name>.debug_info</name>
         <load_address>0x1d9c5</load_address>
         <run_address>0x1d9c5</run_address>
         <size>0x46</size>
         <input_file_ref idref="fl-f6"/>
      </object_component>
      <object_component id="oc-19b">
         <name>.debug_info</name>
         <load_address>0x1da0b</load_address>
         <run_address>0x1da0b</run_address>
         <size>0x2c</size>
         <input_file_ref idref="fl-f6"/>
      </object_component>
      <object_component id="oc-5a">
         <name>.debug_info</name>
         <load_address>0x1da37</load_address>
         <run_address>0x1da37</run_address>
         <size>0x29d</size>
         <input_file_ref idref="fl-f7"/>
      </object_component>
      <object_component id="oc-19">
         <name>.debug_info</name>
         <load_address>0x1dcd4</load_address>
         <run_address>0x1dcd4</run_address>
         <size>0x1df</size>
         <input_file_ref idref="fl-f7"/>
      </object_component>
      <object_component id="oc-55">
         <name>.debug_info</name>
         <load_address>0x1deb3</load_address>
         <run_address>0x1deb3</run_address>
         <size>0x46</size>
         <input_file_ref idref="fl-f7"/>
      </object_component>
      <object_component id="oc-d4">
         <name>.debug_info</name>
         <load_address>0x1def9</load_address>
         <run_address>0x1def9</run_address>
         <size>0x2c</size>
         <input_file_ref idref="fl-f7"/>
      </object_component>
      <object_component id="oc-d2">
         <name>.debug_info</name>
         <load_address>0x1df25</load_address>
         <run_address>0x1df25</run_address>
         <size>0x293</size>
         <input_file_ref idref="fl-f8"/>
      </object_component>
      <object_component id="oc-16">
         <name>.debug_info</name>
         <load_address>0x1e1b8</load_address>
         <run_address>0x1e1b8</run_address>
         <size>0x245</size>
         <input_file_ref idref="fl-f8"/>
      </object_component>
      <object_component id="oc-45">
         <name>.debug_info</name>
         <load_address>0x1e3fd</load_address>
         <run_address>0x1e3fd</run_address>
         <size>0x60</size>
         <input_file_ref idref="fl-f8"/>
      </object_component>
      <object_component id="oc-194">
         <name>.debug_info</name>
         <load_address>0x1e45d</load_address>
         <run_address>0x1e45d</run_address>
         <size>0x46</size>
         <input_file_ref idref="fl-f8"/>
      </object_component>
      <object_component id="oc-cd">
         <name>.debug_info</name>
         <load_address>0x1e4a3</load_address>
         <run_address>0x1e4a3</run_address>
         <size>0x39</size>
         <input_file_ref idref="fl-f8"/>
      </object_component>
      <object_component id="oc-22">
         <name>.debug_info</name>
         <load_address>0x1e4dc</load_address>
         <run_address>0x1e4dc</run_address>
         <size>0x100</size>
         <input_file_ref idref="fl-f9"/>
      </object_component>
      <object_component id="oc-70">
         <name>.debug_info</name>
         <load_address>0x1e5dc</load_address>
         <run_address>0x1e5dc</run_address>
         <size>0x1a4</size>
         <input_file_ref idref="fl-f9"/>
      </object_component>
      <object_component id="oc-1b1">
         <name>.debug_info</name>
         <load_address>0x1e780</load_address>
         <run_address>0x1e780</run_address>
         <size>0x117</size>
         <input_file_ref idref="fl-fa"/>
      </object_component>
      <object_component id="oc-26c">
         <name>.debug_info</name>
         <load_address>0x1e897</load_address>
         <run_address>0x1e897</run_address>
         <size>0x547</size>
         <input_file_ref idref="fl-fd"/>
      </object_component>
      <object_component id="oc-1c0">
         <name>.debug_info</name>
         <load_address>0x1edde</load_address>
         <run_address>0x1edde</run_address>
         <size>0x19b</size>
         <input_file_ref idref="fl-fd"/>
      </object_component>
      <object_component id="oc-2bd">
         <name>.debug_info</name>
         <load_address>0x1ef79</load_address>
         <run_address>0x1ef79</run_address>
         <size>0x39</size>
         <input_file_ref idref="fl-fd"/>
      </object_component>
      <object_component id="oc-2df">
         <name>.debug_info</name>
         <load_address>0x1efb2</load_address>
         <run_address>0x1efb2</run_address>
         <size>0x39</size>
         <input_file_ref idref="fl-fd"/>
      </object_component>
      <object_component id="oc-2c2">
         <name>.debug_info</name>
         <load_address>0x1efeb</load_address>
         <run_address>0x1efeb</run_address>
         <size>0x39</size>
         <input_file_ref idref="fl-fd"/>
      </object_component>
      <object_component id="oc-2c7">
         <name>.debug_info</name>
         <load_address>0x1f024</load_address>
         <run_address>0x1f024</run_address>
         <size>0xcd</size>
         <input_file_ref idref="fl-fd"/>
      </object_component>
      <object_component id="oc-e9">
         <name>.debug_info</name>
         <load_address>0x1f0f1</load_address>
         <run_address>0x1f0f1</run_address>
         <size>0x148</size>
         <input_file_ref idref="fl-fe"/>
      </object_component>
      <object_component id="oc-31c">
         <name>.debug_info</name>
         <load_address>0x1f239</load_address>
         <run_address>0x1f239</run_address>
         <size>0x9b</size>
      </object_component>
      <object_component id="oc-c7">
         <name>.debug_line</name>
         <load_address>0x0</load_address>
         <run_address>0x0</run_address>
         <size>0x41</size>
         <input_file_ref idref="fl-2"/>
      </object_component>
      <object_component id="oc-42">
         <name>.debug_line</name>
         <load_address>0x41</load_address>
         <run_address>0x41</run_address>
         <size>0x41</size>
         <input_file_ref idref="fl-2"/>
      </object_component>
      <object_component id="oc-28">
         <name>.debug_line</name>
         <load_address>0x82</load_address>
         <run_address>0x82</run_address>
         <size>0xa1</size>
         <input_file_ref idref="fl-2"/>
      </object_component>
      <object_component id="oc-cb">
         <name>.debug_line</name>
         <load_address>0x123</load_address>
         <run_address>0x123</run_address>
         <size>0x69</size>
         <input_file_ref idref="fl-2"/>
      </object_component>
      <object_component id="oc-4d">
         <name>.debug_line</name>
         <load_address>0x18c</load_address>
         <run_address>0x18c</run_address>
         <size>0x20</size>
         <input_file_ref idref="fl-2"/>
      </object_component>
      <object_component id="oc-18b">
         <name>.debug_line</name>
         <load_address>0x1ac</load_address>
         <run_address>0x1ac</run_address>
         <size>0x6d</size>
         <input_file_ref idref="fl-2"/>
      </object_component>
      <object_component id="oc-148">
         <name>.debug_line</name>
         <load_address>0x219</load_address>
         <run_address>0x219</run_address>
         <size>0x69</size>
         <input_file_ref idref="fl-2"/>
      </object_component>
      <object_component id="oc-c2">
         <name>.debug_line</name>
         <load_address>0x282</load_address>
         <run_address>0x282</run_address>
         <size>0x6a</size>
         <input_file_ref idref="fl-2"/>
      </object_component>
      <object_component id="oc-218">
         <name>.debug_line</name>
         <load_address>0x2ec</load_address>
         <run_address>0x2ec</run_address>
         <size>0xa8</size>
         <input_file_ref idref="fl-3"/>
      </object_component>
      <object_component id="oc-257">
         <name>.debug_line</name>
         <load_address>0x394</load_address>
         <run_address>0x394</run_address>
         <size>0x11d</size>
         <input_file_ref idref="fl-3"/>
      </object_component>
      <object_component id="oc-106">
         <name>.debug_line</name>
         <load_address>0x4b1</load_address>
         <run_address>0x4b1</run_address>
         <size>0x67</size>
         <input_file_ref idref="fl-3"/>
      </object_component>
      <object_component id="oc-138">
         <name>.debug_line</name>
         <load_address>0x518</load_address>
         <run_address>0x518</run_address>
         <size>0x6b</size>
         <input_file_ref idref="fl-3"/>
      </object_component>
      <object_component id="oc-97">
         <name>.debug_line</name>
         <load_address>0x583</load_address>
         <run_address>0x583</run_address>
         <size>0x6b</size>
         <input_file_ref idref="fl-3"/>
      </object_component>
      <object_component id="oc-21c">
         <name>.debug_line</name>
         <load_address>0x5ee</load_address>
         <run_address>0x5ee</run_address>
         <size>0x60</size>
         <input_file_ref idref="fl-3"/>
      </object_component>
      <object_component id="oc-9c">
         <name>.debug_line</name>
         <load_address>0x64e</load_address>
         <run_address>0x64e</run_address>
         <size>0x6c</size>
         <input_file_ref idref="fl-3"/>
      </object_component>
      <object_component id="oc-133">
         <name>.debug_line</name>
         <load_address>0x6ba</load_address>
         <run_address>0x6ba</run_address>
         <size>0x67</size>
         <input_file_ref idref="fl-3"/>
      </object_component>
      <object_component id="oc-24c">
         <name>.debug_line</name>
         <load_address>0x721</load_address>
         <run_address>0x721</run_address>
         <size>0x1a4</size>
         <input_file_ref idref="fl-4"/>
      </object_component>
      <object_component id="oc-1ab">
         <name>.debug_line</name>
         <load_address>0x8c5</load_address>
         <run_address>0x8c5</run_address>
         <size>0x9b</size>
         <input_file_ref idref="fl-4"/>
      </object_component>
      <object_component id="oc-14e">
         <name>.debug_line</name>
         <load_address>0x960</load_address>
         <run_address>0x960</run_address>
         <size>0x20</size>
         <input_file_ref idref="fl-4"/>
      </object_component>
      <object_component id="oc-192">
         <name>.debug_line</name>
         <load_address>0x980</load_address>
         <run_address>0x980</run_address>
         <size>0x61</size>
         <input_file_ref idref="fl-4"/>
      </object_component>
      <object_component id="oc-f2">
         <name>.debug_line</name>
         <load_address>0x9e1</load_address>
         <run_address>0x9e1</run_address>
         <size>0x6a</size>
         <input_file_ref idref="fl-5"/>
      </object_component>
      <object_component id="oc-2a8">
         <name>.debug_line</name>
         <load_address>0xa4b</load_address>
         <run_address>0xa4b</run_address>
         <size>0xeb</size>
         <input_file_ref idref="fl-6"/>
      </object_component>
      <object_component id="oc-18e">
         <name>.debug_line</name>
         <load_address>0xb36</load_address>
         <run_address>0xb36</run_address>
         <size>0x1e9</size>
         <input_file_ref idref="fl-7"/>
      </object_component>
      <object_component id="oc-187">
         <name>.debug_line</name>
         <load_address>0xd1f</load_address>
         <run_address>0xd1f</run_address>
         <size>0x3a</size>
         <input_file_ref idref="fl-7"/>
      </object_component>
      <object_component id="oc-3f">
         <name>.debug_line</name>
         <load_address>0xd59</load_address>
         <run_address>0xd59</run_address>
         <size>0xe0</size>
         <input_file_ref idref="fl-7"/>
      </object_component>
      <object_component id="oc-2db">
         <name>.debug_line</name>
         <load_address>0xe39</load_address>
         <run_address>0xe39</run_address>
         <size>0xfb</size>
         <input_file_ref idref="fl-8"/>
      </object_component>
      <object_component id="oc-25d">
         <name>.debug_line</name>
         <load_address>0xf34</load_address>
         <run_address>0xf34</run_address>
         <size>0x135</size>
         <input_file_ref idref="fl-8"/>
      </object_component>
      <object_component id="oc-251">
         <name>.debug_line</name>
         <load_address>0x1069</load_address>
         <run_address>0x1069</run_address>
         <size>0xba</size>
         <input_file_ref idref="fl-9"/>
      </object_component>
      <object_component id="oc-286">
         <name>.debug_line</name>
         <load_address>0x1123</load_address>
         <run_address>0x1123</run_address>
         <size>0x67</size>
         <input_file_ref idref="fl-a"/>
      </object_component>
      <object_component id="oc-284">
         <name>.debug_line</name>
         <load_address>0x118a</load_address>
         <run_address>0x118a</run_address>
         <size>0x45</size>
         <input_file_ref idref="fl-a"/>
      </object_component>
      <object_component id="oc-282">
         <name>.debug_line</name>
         <load_address>0x11cf</load_address>
         <run_address>0x11cf</run_address>
         <size>0x45</size>
         <input_file_ref idref="fl-a"/>
      </object_component>
      <object_component id="oc-10b">
         <name>.debug_line</name>
         <load_address>0x1214</load_address>
         <run_address>0x1214</run_address>
         <size>0xc8</size>
         <input_file_ref idref="fl-a"/>
      </object_component>
      <object_component id="oc-1fd">
         <name>.debug_line</name>
         <load_address>0x12dc</load_address>
         <run_address>0x12dc</run_address>
         <size>0x65</size>
         <input_file_ref idref="fl-a"/>
      </object_component>
      <object_component id="oc-288">
         <name>.debug_line</name>
         <load_address>0x1341</load_address>
         <run_address>0x1341</run_address>
         <size>0x20</size>
         <input_file_ref idref="fl-b"/>
      </object_component>
      <object_component id="oc-114">
         <name>.debug_line</name>
         <load_address>0x1361</load_address>
         <run_address>0x1361</run_address>
         <size>0xfb</size>
         <input_file_ref idref="fl-b"/>
      </object_component>
      <object_component id="oc-12f">
         <name>.debug_line</name>
         <load_address>0x145c</load_address>
         <run_address>0x145c</run_address>
         <size>0x8a</size>
         <input_file_ref idref="fl-c"/>
      </object_component>
      <object_component id="oc-109">
         <name>.debug_line</name>
         <load_address>0x14e6</load_address>
         <run_address>0x14e6</run_address>
         <size>0x43</size>
         <input_file_ref idref="fl-c"/>
      </object_component>
      <object_component id="oc-12d">
         <name>.debug_line</name>
         <load_address>0x1529</load_address>
         <run_address>0x1529</run_address>
         <size>0x43</size>
         <input_file_ref idref="fl-c"/>
      </object_component>
      <object_component id="oc-33">
         <name>.debug_line</name>
         <load_address>0x156c</load_address>
         <run_address>0x156c</run_address>
         <size>0x145</size>
         <input_file_ref idref="fl-c"/>
      </object_component>
      <object_component id="oc-2e">
         <name>.debug_line</name>
         <load_address>0x16b1</load_address>
         <run_address>0x16b1</run_address>
         <size>0xd8</size>
         <input_file_ref idref="fl-d"/>
      </object_component>
      <object_component id="oc-1ef">
         <name>.debug_line</name>
         <load_address>0x1789</load_address>
         <run_address>0x1789</run_address>
         <size>0x143</size>
         <input_file_ref idref="fl-f"/>
      </object_component>
      <object_component id="oc-101">
         <name>.debug_line</name>
         <load_address>0x18cc</load_address>
         <run_address>0x18cc</run_address>
         <size>0x44</size>
         <input_file_ref idref="fl-f"/>
      </object_component>
      <object_component id="oc-20a">
         <name>.debug_line</name>
         <load_address>0x1910</load_address>
         <run_address>0x1910</run_address>
         <size>0x44</size>
         <input_file_ref idref="fl-f"/>
      </object_component>
      <object_component id="oc-214">
         <name>.debug_line</name>
         <load_address>0x1954</load_address>
         <run_address>0x1954</run_address>
         <size>0x44</size>
         <input_file_ref idref="fl-f"/>
      </object_component>
      <object_component id="oc-216">
         <name>.debug_line</name>
         <load_address>0x1998</load_address>
         <run_address>0x1998</run_address>
         <size>0x44</size>
         <input_file_ref idref="fl-f"/>
      </object_component>
      <object_component id="oc-20e">
         <name>.debug_line</name>
         <load_address>0x19dc</load_address>
         <run_address>0x19dc</run_address>
         <size>0x44</size>
         <input_file_ref idref="fl-f"/>
      </object_component>
      <object_component id="oc-212">
         <name>.debug_line</name>
         <load_address>0x1a20</load_address>
         <run_address>0x1a20</run_address>
         <size>0x44</size>
         <input_file_ref idref="fl-f"/>
      </object_component>
      <object_component id="oc-20c">
         <name>.debug_line</name>
         <load_address>0x1a64</load_address>
         <run_address>0x1a64</run_address>
         <size>0x44</size>
         <input_file_ref idref="fl-f"/>
      </object_component>
      <object_component id="oc-210">
         <name>.debug_line</name>
         <load_address>0x1aa8</load_address>
         <run_address>0x1aa8</run_address>
         <size>0x44</size>
         <input_file_ref idref="fl-f"/>
      </object_component>
      <object_component id="oc-8c">
         <name>.debug_line</name>
         <load_address>0x1aec</load_address>
         <run_address>0x1aec</run_address>
         <size>0xe13</size>
         <input_file_ref idref="fl-f"/>
      </object_component>
      <object_component id="oc-1f3">
         <name>.debug_line</name>
         <load_address>0x28ff</load_address>
         <run_address>0x28ff</run_address>
         <size>0x69</size>
         <input_file_ref idref="fl-f"/>
      </object_component>
      <object_component id="oc-1f8">
         <name>.debug_line</name>
         <load_address>0x2968</load_address>
         <run_address>0x2968</run_address>
         <size>0x44</size>
         <input_file_ref idref="fl-f"/>
      </object_component>
      <object_component id="oc-151">
         <name>.debug_line</name>
         <load_address>0x29ac</load_address>
         <run_address>0x29ac</run_address>
         <size>0x8a</size>
         <input_file_ref idref="fl-10"/>
      </object_component>
      <object_component id="oc-39">
         <name>.debug_line</name>
         <load_address>0x2a36</load_address>
         <run_address>0x2a36</run_address>
         <size>0x8f</size>
         <input_file_ref idref="fl-10"/>
      </object_component>
      <object_component id="oc-2a2">
         <name>.debug_line</name>
         <load_address>0x2ac5</load_address>
         <run_address>0x2ac5</run_address>
         <size>0x85</size>
         <input_file_ref idref="fl-11"/>
      </object_component>
      <object_component id="oc-161">
         <name>.debug_line</name>
         <load_address>0x2b4a</load_address>
         <run_address>0x2b4a</run_address>
         <size>0xe7</size>
         <input_file_ref idref="fl-16"/>
      </object_component>
      <object_component id="oc-225">
         <name>.debug_line</name>
         <load_address>0x2c31</load_address>
         <run_address>0x2c31</run_address>
         <size>0x4a</size>
         <input_file_ref idref="fl-1f"/>
      </object_component>
      <object_component id="oc-21f">
         <name>.debug_line</name>
         <load_address>0x2c7b</load_address>
         <run_address>0x2c7b</run_address>
         <size>0x45</size>
         <input_file_ref idref="fl-1f"/>
      </object_component>
      <object_component id="oc-221">
         <name>.debug_line</name>
         <load_address>0x2cc0</load_address>
         <run_address>0x2cc0</run_address>
         <size>0x45</size>
         <input_file_ref idref="fl-1f"/>
      </object_component>
      <object_component id="oc-223">
         <name>.debug_line</name>
         <load_address>0x2d05</load_address>
         <run_address>0x2d05</run_address>
         <size>0x45</size>
         <input_file_ref idref="fl-1f"/>
      </object_component>
      <object_component id="oc-a2">
         <name>.debug_line</name>
         <load_address>0x2d4a</load_address>
         <run_address>0x2d4a</run_address>
         <size>0x640</size>
         <input_file_ref idref="fl-1f"/>
      </object_component>
      <object_component id="oc-24a">
         <name>.debug_line</name>
         <load_address>0x338a</load_address>
         <run_address>0x338a</run_address>
         <size>0x44</size>
         <input_file_ref idref="fl-22"/>
      </object_component>
      <object_component id="oc-23e">
         <name>.debug_line</name>
         <load_address>0x33ce</load_address>
         <run_address>0x33ce</run_address>
         <size>0x4a</size>
         <input_file_ref idref="fl-22"/>
      </object_component>
      <object_component id="oc-240">
         <name>.debug_line</name>
         <load_address>0x3418</load_address>
         <run_address>0x3418</run_address>
         <size>0x4a</size>
         <input_file_ref idref="fl-22"/>
      </object_component>
      <object_component id="oc-242">
         <name>.debug_line</name>
         <load_address>0x3462</load_address>
         <run_address>0x3462</run_address>
         <size>0x4a</size>
         <input_file_ref idref="fl-22"/>
      </object_component>
      <object_component id="oc-244">
         <name>.debug_line</name>
         <load_address>0x34ac</load_address>
         <run_address>0x34ac</run_address>
         <size>0x4a</size>
         <input_file_ref idref="fl-22"/>
      </object_component>
      <object_component id="oc-246">
         <name>.debug_line</name>
         <load_address>0x34f6</load_address>
         <run_address>0x34f6</run_address>
         <size>0x4a</size>
         <input_file_ref idref="fl-22"/>
      </object_component>
      <object_component id="oc-248">
         <name>.debug_line</name>
         <load_address>0x3540</load_address>
         <run_address>0x3540</run_address>
         <size>0x4a</size>
         <input_file_ref idref="fl-22"/>
      </object_component>
      <object_component id="oc-23c">
         <name>.debug_line</name>
         <load_address>0x358a</load_address>
         <run_address>0x358a</run_address>
         <size>0x4a</size>
         <input_file_ref idref="fl-22"/>
      </object_component>
      <object_component id="oc-b8">
         <name>.debug_line</name>
         <load_address>0x35d4</load_address>
         <run_address>0x35d4</run_address>
         <size>0x2fb</size>
         <input_file_ref idref="fl-22"/>
      </object_component>
      <object_component id="oc-2ee">
         <name>.debug_line</name>
         <load_address>0x38cf</load_address>
         <run_address>0x38cf</run_address>
         <size>0x4a</size>
[...]
         <object_component_ref idref="oc-2d2"/>
      </symbol>
      <symbol id="sm-674">
         <name>PWMPulseWidthGet</name>
         <value>0x37db</value>
         <object_component_ref idref="oc-2d2"/>
      </symbol>
      <symbol id="sm-675">
         <name>PWMOutputInvert</name>
         <value>0x38cf</value>
         <object_component_ref idref="oc-2d2"/>
      </symbol>
      <symbol id="sm-676">
         <name>PWMFaultIntUnregister</name>
         <value>0x3b11</value>
         <object_component_ref idref="oc-2d2"/>
      </symbol>
      <symbol id="sm-7bb">
         <name>SysCtlGPIOAHBEnable</name>
         <value>0x294f</value>
         <object_component_ref idref="oc-ae"/>
      </symbol>
      <symbol id="sm-7bc">
         <name>SysCtlIntRegister</name>
         <value>0x202d</value>
         <object_component_ref idref="oc-ae"/>
      </symbol>
      <symbol id="sm-7bd">
         <name>SysCtlFlashSizeGet</name>
         <value>0x1c6f</value>
         <object_component_ref idref="oc-ae"/>
      </symbol>
      <symbol id="sm-7be">
         <name>SysCtlPeripheralDeepSleepEnable</name>
         <value>0x1f41</value>
         <object_component_ref idref="oc-ae"/>
      </symbol>
      <symbol id="sm-7bf">
         <name>SysCtlLDODeepSleepGet</name>
         <value>0x20d3</value>
         <object_component_ref idref="oc-ae"/>
      </symbol>
      <symbol id="sm-7c0">
         <name>SysCtlFlashSectorSizeGet</name>
         <value>0x1c9b</value>
         <object_component_ref idref="oc-ae"/>
      </symbol>
      <symbol id="sm-7c1">
         <name>SysCtlIntDisable</name>
         <value>0x2069</value>
         <object_component_ref idref="oc-ae"/>
      </symbol>
      <symbol id="sm-7c2">
         <name>SysCtlResetBehaviorGet</name>
         <value>0x21b9</value>
         <object_component_ref idref="oc-ae"/>
      </symbol>
      <symbol id="sm-7c3">
         <name>SysCtlPeripheralPresent</name>
         <value>0x1cc1</value>
         <object_component_ref idref="oc-ae"/>
      </symbol>
      <symbol id="sm-7c4">
         <name>SysCtlDeepSleepClockSet</name>
         <value>0x2877</value>
         <object_component_ref idref="oc-ae"/>
      </symbol>
      <symbol id="sm-7c5">
         <name>SysCtlClockSet</name>
         <value>0x2501</value>
         <object_component_ref idref="oc-ae"/>
      </symbol>
      <symbol id="sm-7c6">
         <name>SysCtlAltClkConfig</name>
         <value>0x2ae1</value>
         <object_component_ref idref="oc-ae"/>
      </symbol>
      <symbol id="sm-7c7">
         <name>SysCtlPeripheralClockGating</name>
         <value>0x1fd9</value>
         <object_component_ref idref="oc-ae"/>
      </symbol>
      <symbol id="sm-7c8">
         <name>SysCtlIntStatus</name>
         <value>0x2091</value>
         <object_component_ref idref="oc-ae"/>
      </symbol>
      <symbol id="sm-7c9">
         <name>SysCtlIntClear</name>
         <value>0x2081</value>
         <object_component_ref idref="oc-ae"/>
      </symbol>
      <symbol id="sm-7ca">
         <name>SysCtlVoltageEventStatus</name>
         <value>0x29b5</value>
         <object_component_ref idref="oc-ae"/>
      </symbol>
      <symbol id="sm-7cb">
         <name>SysCtlVoltageEventConfig</name>
         <value>0x29a5</value>
         <object_component_ref idref="oc-ae"/>
      </symbol>
      <symbol id="sm-7cc">
         <name>SysCtlResetCauseGet</name>
         <value>0x2129</value>
         <object_component_ref idref="oc-ae"/>
      </symbol>
      <symbol id="sm-7cd">
         <name>SysCtlSleep</name>
         <value>0x2105</value>
         <object_component_ref idref="oc-ae"/>
      </symbol>
      <symbol id="sm-7ce">
         <name>SysCtlPWMClockGet</name>
         <value>0x2939</value>
         <object_component_ref idref="oc-ae"/>
      </symbol>
      <symbol id="sm-7cf">
         <name>SysCtlDeepSleepPowerSet</name>
         <value>0x20ed</value>
         <object_component_ref idref="oc-ae"/>
      </symbol>
      <symbol id="sm-7d0">
         <name>SysCtlClockOutConfig</name>
         <value>0x2ac5</value>
         <object_component_ref idref="oc-ae"/>
      </symbol>
      <symbol id="sm-7d1">
         <name>SysCtlNMIStatus</name>
         <value>0x2a95</value>
         <object_component_ref idref="oc-ae"/>
      </symbol>
      <symbol id="sm-7d2">
         <name>SysCtlDeepSleepClockConfigSet</name>
         <value>0x2895</value>
         <object_component_ref idref="oc-ae"/>
      </symbol>
      <symbol id="sm-7d3">
         <name>SysCtlDelay</name>
         <value>0x586b</value>
         <object_component_ref idref="oc-16c"/>
      </symbol>
      <symbol id="sm-7d4">
         <name>SysCtlVoltageEventClear</name>
         <value>0x29c1</value>
         <object_component_ref idref="oc-ae"/>
      </symbol>
      <symbol id="sm-7d5">
         <name>SysCtlLDOSleepSet</name>
         <value>0x20ad</value>
         <object_component_ref idref="oc-ae"/>
      </symbol>
      <symbol id="sm-7d6">
         <name>SysCtlMOSCConfigSet</name>
         <value>0x2143</value>
         <object_component_ref idref="oc-ae"/>
      </symbol>
      <symbol id="sm-7d7">
         <name>SysCtlPeripheralEnable</name>
         <value>0x1e41</value>
         <object_component_ref idref="oc-ae"/>
      </symbol>
      <symbol id="sm-7d8">
         <name>SysCtlIntEnable</name>
         <value>0x2055</value>
         <object_component_ref idref="oc-ae"/>
      </symbol>
      <symbol id="sm-7d9">
         <name>SysCtlNMIClear</name>
         <value>0x2aa9</value>
         <object_component_ref idref="oc-ae"/>
      </symbol>
      <symbol id="sm-7da">
         <name>SysCtlPeripheralPowerOff</name>
         <value>0x1d7d</value>
         <object_component_ref idref="oc-ae"/>
      </symbol>
      <symbol id="sm-7db">
         <name>SysCtlSleepPowerSet</name>
         <value>0x20d9</value>
         <object_component_ref idref="oc-ae"/>
      </symbol>
      <symbol id="sm-7dc">
         <name>SysCtlDeepSleep</name>
         <value>0x210d</value>
         <object_component_ref idref="oc-ae"/>
      </symbol>
      <symbol id="sm-7dd">
         <name>SysCtlLDODeepSleepSet</name>
         <value>0x20c3</value>
         <object_component_ref idref="oc-ae"/>
      </symbol>
      <symbol id="sm-7de">
         <name>SysCtlPeripheralPowerOn</name>
         <value>0x1d41</value>
         <object_component_ref idref="oc-ae"/>
      </symbol>
      <symbol id="sm-7df">
         <name>SysCtlPeripheralDeepSleepDisable</name>
         <value>0x1f91</value>
         <object_component_ref idref="oc-ae"/>
      </symbol>
      <symbol id="sm-7e0">
         <name>SysCtlPeripheralSleepDisable</name>
         <value>0x1f05</value>
         <object_component_ref idref="oc-ae"/>
      </symbol>
      <symbol id="sm-7e1">
         <name>SysCtlVCOGet</name>
         <value>0x29d9</value>
         <object_component_ref idref="oc-ae"/>
      </symbol>
      <symbol id="sm-7e2">
         <name>SysCtlResetBehaviorSet</name>
         <value>0x21a9</value>
         <object_component_ref idref="oc-ae"/>
      </symbol>
      <symbol id="sm-7e3">
         <name>SysCtlReset</name>
         <value>0x20fd</value>
         <object_component_ref idref="oc-ae"/>
      </symbol>
      <symbol id="sm-7e4">
         <name>SysCtlGPIOAHBDisable</name>
         <value>0x296b</value>
         <object_component_ref idref="oc-ae"/>
      </symbol>
      <symbol id="sm-7e5">
         <name>SysCtlSRAMSizeGet</name>
         <value>0x1c65</value>
         <object_component_ref idref="oc-ae"/>
      </symbol>
      <symbol id="sm-7e6">
         <name>SysCtlClockGet</name>
         <value>0x26d1</value>
         <object_component_ref idref="oc-ae"/>
      </symbol>
      <symbol id="sm-7e7">
         <name>SysCtlPeripheralDisable</name>
         <value>0x1e7d</value>
         <object_component_ref idref="oc-ae"/>
      </symbol>
      <symbol id="sm-7e8">
         <name>SysCtlPWMClockSet</name>
         <value>0x291f</value>
         <object_component_ref idref="oc-ae"/>
      </symbol>
      <symbol id="sm-7e9">
         <name>SysCtlUSBPLLEnable</name>
         <value>0x2987</value>
         <object_component_ref idref="oc-ae"/>
      </symbol>
      <symbol id="sm-7ea">
         <name>SysCtlPeripheralSleepEnable</name>
         <value>0x1ec1</value>
         <object_component_ref idref="oc-ae"/>
      </symbol>
      <symbol id="sm-7eb">
         <name>SysCtlIntUnregister</name>
         <value>0x2045</value>
         <object_component_ref idref="oc-ae"/>
      </symbol>
      <symbol id="sm-7ec">
         <name>SysCtlUSBPLLDisable</name>
         <value>0x2993</value>
         <object_component_ref idref="oc-ae"/>
      </symbol>
      <symbol id="sm-7ed">
         <name>SysCtlPeripheralReady</name>
         <value>0x1d01</value>
         <object_component_ref idref="oc-ae"/>
      </symbol>
      <symbol id="sm-7ee">
         <name>SysCtlPIOSCCalibrate</name>
         <value>0x2159</value>
         <object_component_ref idref="oc-ae"/>
      </symbol>
      <symbol id="sm-7ef">
         <name>SysCtlResetCauseClear</name>
         <value>0x212f</value>
         <object_component_ref idref="oc-ae"/>
      </symbol>
      <symbol id="sm-7f0">
         <name>SysCtlLDOSleepGet</name>
         <value>0x20bd</value>
         <object_component_ref idref="oc-ae"/>
      </symbol>
      <symbol id="sm-7f1">
         <name>SysCtlClockFreqSet</name>
         <value>0x2209</value>
         <object_component_ref idref="oc-ae"/>
      </symbol>
      <symbol id="sm-7f2">
         <name>SysCtlPeripheralReset</name>
         <value>0x1db9</value>
         <object_component_ref idref="oc-ae"/>
      </symbol>
      <symbol id="sm-86c">
         <name>TimerMatchSet</name>
         <value>0x4235</value>
         <object_component_ref idref="oc-a8"/>
      </symbol>
      <symbol id="sm-86d">
         <name>TimerLoadSet</name>
         <value>0x4155</value>
         <object_component_ref idref="oc-a8"/>
      </symbol>
      <symbol id="sm-86e">
         <name>TimerDMAEventSet</name>
         <value>0x439f</value>
         <object_component_ref idref="oc-a8"/>
      </symbol>
      <symbol id="sm-86f">
         <name>TimerADCEventSet</name>
         <value>0x437f</value>
         <object_component_ref idref="oc-a8"/>
      </symbol>
      <symbol id="sm-870">
         <name>TimerPrescaleMatchGet</name>
         <value>0x4139</value>
         <object_component_ref idref="oc-a8"/>
      </symbol>
      <symbol id="sm-871">
         <name>TimerPrescaleGet</name>
         <value>0x40ef</value>
         <object_component_ref idref="oc-a8"/>
      </symbol>
      <symbol id="sm-872">
         <name>TimerControlLevel</name>
         <value>0x3efb</value>
         <object_component_ref idref="oc-a8"/>
      </symbol>
      <symbol id="sm-873">
         <name>TimerDisable</name>
         <value>0x3e61</value>
         <object_component_ref idref="oc-a8"/>
      </symbol>
      <symbol id="sm-874">
         <name>TimerUpdateMode</name>
         <value>0x43bf</value>
         <object_component_ref idref="oc-a8"/>
      </symbol>
      <symbol id="sm-875">
         <name>TimerIntRegister</name>
         <value>0x42c7</value>
         <object_component_ref idref="oc-a8"/>
      </symbol>
      <symbol id="sm-876">
         <name>TimerMatchSet64</name>
         <value>0x427b</value>
         <object_component_ref idref="oc-a8"/>
      </symbol>
      <symbol id="sm-877">
         <name>TimerEnable</name>
         <value>0x3e43</value>
         <object_component_ref idref="oc-a8"/>
      </symbol>
      <symbol id="sm-878">
         <name>TimerLoadGet64</name>
         <value>0x41b5</value>
         <object_component_ref idref="oc-a8"/>
      </symbol>
      <symbol id="sm-879">
         <name>TimerIntUnregister</name>
         <value>0x42ef</value>
         <object_component_ref idref="oc-a8"/>
      </symbol>
      <symbol id="sm-87a">
         <name>TimerValueGet64</name>
         <value>0x4203</value>
         <object_component_ref idref="oc-a8"/>
      </symbol>
      <symbol id="sm-87b">
         <name>TimerMatchGet</name>
         <value>0x425f</value>
         <object_component_ref idref="oc-a8"/>
      </symbol>
      <symbol id="sm-87c">
         <name>TimerIntStatus</name>
         <value>0x433d</value>
         <object_component_ref idref="oc-a8"/>
      </symbol>
      <symbol id="sm-87d">
         <name>TimerClockSourceGet</name>
         <value>0x40b5</value>
         <object_component_ref idref="oc-a8"/>
      </symbol>
      <symbol id="sm-87e">
         <name>TimerIntDisable</name>
         <value>0x4325</value>
         <object_component_ref idref="oc-a8"/>
      </symbol>
      <symbol id="sm-87f">
         <name>TimerValueGet</name>
         <value>0x41e7</value>
         <object_component_ref idref="oc-a8"/>
      </symbol>
      <symbol id="sm-880">
         <name>TimerControlTrigger</name>
         <value>0x3f31</value>
         <object_component_ref idref="oc-a8"/>
      </symbol>
      <symbol id="sm-881">
         <name>TimerPrescaleSet</name>
         <value>0x40c5</value>
         <object_component_ref idref="oc-a8"/>
      </symbol>
      <symbol id="sm-882">
         <name>TimerControlStall</name>
         <value>0x3fc9</value>
         <object_component_ref idref="oc-a8"/>
      </symbol>
      <symbol id="sm-883">
         <name>TimerMatchGet64</name>
         <value>0x4295</value>
         <object_component_ref idref="oc-a8"/>
      </symbol>
      <symbol id="sm-884">
         <name>TimerRTCEnable</name>
         <value>0x405f</value>
         <object_component_ref idref="oc-a8"/>
      </symbol>
      <symbol id="sm-885">
         <name>TimerLoadGet</name>
         <value>0x417f</value>
         <object_component_ref idref="oc-a8"/>
      </symbol>
      <symbol id="sm-886">
         <name>TimerIntEnable</name>
         <value>0x430d</value>
         <object_component_ref idref="oc-a8"/>
      </symbol>
      <symbol id="sm-887">
         <name>TimerClockSourceSet</name>
         <value>0x408b</value>
         <object_component_ref idref="oc-a8"/>
      </symbol>
      <symbol id="sm-888">
         <name>TimerLoadSet64</name>
         <value>0x419b</value>
         <object_component_ref idref="oc-a8"/>
      </symbol>
      <symbol id="sm-889">
         <name>TimerDMAEventGet</name>
         <value>0x43b1</value>
         <object_component_ref idref="oc-a8"/>
      </symbol>
      <symbol id="sm-88a">
         <name>TimerRTCDisable</name>
         <value>0x4075</value>
         <object_component_ref idref="oc-a8"/>
      </symbol>
      <symbol id="sm-88b">
         <name>TimerADCEventGet</name>
         <value>0x4391</value>
         <object_component_ref idref="oc-a8"/>
      </symbol>
      <symbol id="sm-88c">
         <name>TimerPrescaleMatchSet</name>
         <value>0x410b</value>
         <object_component_ref idref="oc-a8"/>
      </symbol>
      <symbol id="sm-88d">
         <name>TimerControlWaitOnTrigger</name>
         <value>0x3fff</value>
         <object_component_ref idref="oc-a8"/>
      </symbol>
      <symbol id="sm-88e">
         <name>TimerConfigure</name>
         <value>0x3e7f</value>
         <object_component_ref idref="oc-a8"/>
      </symbol>
      <symbol id="sm-88f">
         <name>TimerControlEvent</name>
         <value>0x3f9f</value>
         <object_component_ref idref="oc-a8"/>
      </symbol>
      <symbol id="sm-890">
         <name>TimerIntClear</name>
         <value>0x435b</value>
         <object_component_ref idref="oc-a8"/>
      </symbol>
      <symbol id="sm-891">
         <name>TimerSynchronize</name>
         <value>0x436d</value>
         <object_component_ref idref="oc-a8"/>
      </symbol>
      <symbol id="sm-8a9">
         <name>__aeabi_ddiv</name>
         <value>0x4b35</value>
         <object_component_ref idref="oc-28e"/>
      </symbol>
      <symbol id="sm-8b4">
         <name>__aeabi_dmul</name>
         <value>0x4ea5</value>
         <object_component_ref idref="oc-293"/>
      </symbol>
      <symbol id="sm-8be">
         <name>__aeabi_d2uiz</name>
         <value>0x5769</value>
         <object_component_ref idref="oc-298"/>
      </symbol>
      <symbol id="sm-8d9">
         <name>memcpy</name>
         <value>0x54e1</value>
         <object_component_ref idref="oc-4f"/>
      </symbol>
      <symbol id="sm-8da">
         <name>__aeabi_memcpy</name>
         <value>0x54e1</value>
         <object_component_ref idref="oc-4f"/>
      </symbol>
      <symbol id="sm-8db">
         <name>__aeabi_memcpy8</name>
         <value>0x54e1</value>
         <object_component_ref idref="oc-4f"/>
      </symbol>
      <symbol id="sm-8dc">
         <name>__aeabi_memcpy4</name>
         <value>0x54e1</value>
         <object_component_ref idref="oc-4f"/>
      </symbol>
      <symbol id="sm-8e6">
         <name>__aeabi_ui2d</name>
         <value>0x5825</value>
         <object_component_ref idref="oc-289"/>
      </symbol>
      <symbol id="sm-8f5">
         <name>__aeabi_memset</name>
         <value>0x557f</value>
         <object_component_ref idref="oc-e2"/>
      </symbol>
      <symbol id="sm-8f6">
         <name>memset</name>
         <value>0x5585</value>
         <object_component_ref idref="oc-e2"/>
      </symbol>
      <symbol id="sm-8f7">
         <name>__aeabi_memset8</name>
         <value>0x557f</value>
         <object_component_ref idref="oc-e2"/>
      </symbol>
      <symbol id="sm-8f8">
         <name>__aeabi_memset4</name>
         <value>0x557f</value>
         <object_component_ref idref="oc-e2"/>
      </symbol>
      <symbol id="sm-8f9">
         <name>__aeabi_memclr8</name>
         <value>0x557d</value>
         <object_component_ref idref="oc-e2"/>
      </symbol>
      <symbol id="sm-8fa">
         <name>__aeabi_memclr4</name>
         <value>0x557d</value>
         <object_component_ref idref="oc-e2"/>
      </symbol>
      <symbol id="sm-8fb">
         <name>__aeabi_memclr</name>
         <value>0x557d</value>
         <object_component_ref idref="oc-e2"/>
      </symbol>
      <symbol id="sm-912">
         <name>__TI_zero_init</name>
         <value>0x5853</value>
         <object_component_ref idref="oc-61"/>
      </symbol>
      <symbol id="sm-929">
         <name>__TI_decompress_none</name>
         <value>0x5845</value>
         <object_component_ref idref="oc-18"/>
      </symbol>
      <symbol id="sm-94c">
         <name>__TI_decompress_lzss</name>
         <value>0x5661</value>
         <object_component_ref idref="oc-12"/>
      </symbol>
      <symbol id="sm-95f">
         <name>__stack</name>
         <value>0x20005190</value>
         <object_component_ref idref="oc-21"/>
      </symbol>
      <symbol id="sm-960">
         <name>_c_int00_noargs</name>
         <value>0x57ed</value>
         <object_component_ref idref="oc-6d"/>
      </symbol>
      <symbol id="sm-96b">
         <name>C$$EXIT</name>
         <value>0x5875</value>
         <object_component_ref idref="oc-1b0"/>
      </symbol>
      <symbol id="sm-96c">
         <name>abort</name>
         <value>0x5875</value>
         <object_component_ref idref="oc-1b0"/>
      </symbol>
      <symbol id="sm-996">
         <name>__TI_auto_init_nobinit_nopinit</name>
         <value>0x5725</value>
         <object_component_ref idref="oc-1bc"/>
      </symbol>
      <symbol id="sm-9a0">
         <name>_system_pre_init</name>
         <value>0x5871</value>
         <object_component_ref idref="oc-e8"/>
      </symbol>
      <symbol id="sm-9a2">
         <name>__TI_static_base__</name>
         <value>0x0</value>
      </symbol>
      <symbol id="sm-9a5">
         <name>__mpu_init</name>
         <value>0x0</value>
      </symbol>
      <symbol id="sm-9a6">
         <name>_system_post_cinit</name>
         <value>0x0</value>
      </symbol>
   </symbol_table>
   <title>Link successful</title>
</link_info>
