******************************************************************************
                  TI ARM Linker PC v18.1.1                     
******************************************************************************
>> Linked Wed Dec 11 17:21:50 2019

OUTPUT FILE NAME:   <Car0.out>
ENTRY POINT SYMBOL: "_c_int00_noargs"  address: 000057ed


MEMORY CONFIGURATION

         name            origin    length      used     unused   attr    fill
----------------------  --------  ---------  --------  --------  ----  --------
  FLASH                 00000000   00040000  00005eec  0003a114  R  X
  SRAM                  20000000   00008000  000053d4  00002c2c  RW X


SEGMENT ALLOCATION MAP

run origin  load origin   length   init length attrs members
----------  ----------- ---------- ----------- ----- -------
00000000    00000000    00005ef0   00005ef0    r-x
  00000000    00000000    0000026c   0000026c    r-- .intvecs
  0000026c    0000026c    0000560c   0000560c    r-x .text
  00005878    00005878    0000062c   0000062c    r-- .const
  00005ea8    00005ea8    00000048   00000048    r-- .cinit
20000000    20000000    000053d8   00000000    rw-
  20000000    20000000    0000026c   00000000    rw- .vtable
  2000026c    2000026c    00004f20   00000000    rw- .bss
  20005190    20005190    00000200   00000000    rw- .stack
  20005390    20005390    00000048   00000000    rw- .data


SECTION ALLOCATION MAP

 output                                  attributes/
section   page    origin      length       input sections
--------  ----  ----------  ----------   ----------------
.intvecs   0    00000000    0000026c     
                  00000000    0000026c     tm4c123gh6pm_startup_ccs.obj (.intvecs)

.text      0    0000026c    0000560c     
                  0000026c    00001938     tasks.obj (.text)
                  00001ba4    00000f80     sysctl.obj (.text)
                  00002b24    00000b94     gpio.obj (.text)
                  000036b8    00000718     pwm.obj (.text)
                  00003dd0    00000642     timer.obj (.text)
                  00004412    00000002     --HOLE-- [fill = 0]
                  00004414    000003c0     interrupt.obj (.text)
                  000047d4    00000224     lcd.obj (.text)
                  000049f8    0000013c     port.obj (.text)
                  00004b34    00000136     rtsv7M4_T_le_v4SPD16_eabi.lib : fd_div_t2.asm.obj (.text)
                  00004c6a    00000132     list.obj (.text)
                  00004d9c    00000108     Icu.obj (.text)
                  00004ea4    000000fc     rtsv7M4_T_le_v4SPD16_eabi.lib : fd_mul_t2.asm.obj (.text)
                  00004fa0    000000e4     PWM.obj (.text)
                  00005084    000000dc     DC_Motor.obj (.text)
                  00005160    000000da     portasm.obj (.text)
                  0000523a    00000002     --HOLE-- [fill = 0]
                  0000523c    000000b8     testApp.obj (.text)
                  000052f4    000000b2     CarControl.obj (.text)
                  000053a6    00000002     --HOLE-- [fill = 0]
                  000053a8    0000009c     Ultrasonic.obj (.text)
                  00005444    0000009c     heap_1.obj (.text)
                  000054e0    0000009c     rtsv7M4_T_le_v4SPD16_eabi.lib : memcpy_t2.asm.obj (.text)
                  0000557c    0000007a                                   : memset_t2.asm.obj (.text)
                  000055f6    00000002     --HOLE-- [fill = 0]
                  000055f8    00000068     Tasks.obj (.text)
                  00005660    00000068     rtsv7M4_T_le_v4SPD16_eabi.lib : copy_decompress_lzss.c.obj (.text:decompress:lzss:__TI_decompress_lzss)
                  000056c8    0000005c     Ext_Int.obj (.text)
                  00005724    00000044     rtsv7M4_T_le_v4SPD16_eabi.lib : autoinit.c.obj (.text:__TI_auto_init_nobinit_nopinit:__TI_auto_init_nobinit_nopinit)
                  00005768    00000044                                   : fd_tou_t2.asm.obj (.text)
                  000057ac    0000003e     cpu.obj (.text)
                  000057ea    00000002     --HOLE-- [fill = 0]
                  000057ec    00000038     rtsv7M4_T_le_v4SPD16_eabi.lib : boot_cortex_m.c.obj (.text:_c_int00_noargs:_c_int00_noargs)
                  00005824    00000020                                   : u_tofd_t2.asm.obj (.text)
                  00005844    0000000e                                   : copy_decompress_none.c.obj (.text:decompress:none:__TI_decompress_none)
                  00005852    0000000c                                   : copy_zero_init.c.obj (.text:decompress:ZI:__TI_zero_init)
                  0000585e    0000000c     tm4c123gh6pm_startup_ccs.obj (.text)
                  0000586a    00000006     sysctl.obj (.text:SysCtlDelay)
                  00005870    00000004     rtsv7M4_T_le_v4SPD16_eabi.lib : pre_init.c.obj (.text:_system_pre_init)
                  00005874    00000004                                   : exit.c.obj (.text:abort:abort)

.const     0    00005878    0000062c     
                  00005878    000001b0     sysctl.obj (.const:g_pppui32XTALtoVCO)
                  00005a28    000000d8     gpio.obj (.const:g_ppui32GPIOIntMapSnowflake)
                  00005b00    000000c0     gpio.obj (.const:g_ppui32GPIOIntMapBlizzard)
                  00005bc0    0000009c     interrupt.obj (.const:g_pui32Regs)
                  00005c5c    00000090     gpio.obj (.const:g_pui32GPIOBaseAddrs)
                  00005cec    0000006c     sysctl.obj (.const:g_pui32Xtals)
                  00005d58    00000060     timer.obj (.const:g_ppui32TimerIntMap)
                  00005db8    00000040     timer.obj (.const:g_ppui32TimerIntMapSnowflake)
                  00005df8    00000030     sysctl.obj (.const:g_sXTALtoMEMTIM)
                  00005e28    00000020     interrupt.obj (.const:g_pui32Priority)
                  00005e48    00000014     interrupt.obj (.const:g_pui32Dii16Regs)
                  00005e5c    00000014     interrupt.obj (.const:g_pui32EnRegs)
                  00005e70    00000014     interrupt.obj (.const:g_pui32PendRegs)
                  00005e84    00000014     interrupt.obj (.const:g_pui32UnpendRegs)
                  00005e98    00000008     sysctl.obj (.const:g_pui32VCOFrequencies)
                  00005ea0    00000004     port.obj (.const)

.cinit     0    00005ea8    00000048     
                  00005ea8    00000012     (.cinit..data.load) [load image, compression = lzss]
                  00005eba    00000002     --HOLE-- [fill = 0]
                  00005ebc    0000000c     (__TI_handler_table)
                  00005ec8    00000008     (.cinit..bss.load) [load image, compression = zero_init]
                  00005ed0    00000008     (.cinit..vtable.load) [load image, compression = zero_init]
                  00005ed8    00000018     (__TI_cinit_table)

.init_array 
*          0    00000000    00000000     UNINITIALIZED

.vtable    0    20000000    0000026c     UNINITIALIZED
                  20000000    0000026c     interrupt.obj (.vtable)

.bss       0    2000026c    00004f20     UNINITIALIZED
                  2000026c    00004e20     heap_1.obj (.bss:ucHeap)
                  2000508c    00000078     tasks.obj (.bss:pxReadyTasksLists)
                  20005104    00000014     tasks.obj (.bss:xDelayedTaskList1)
                  20005118    00000014     tasks.obj (.bss:xDelayedTaskList2)
                  2000512c    00000014     tasks.obj (.bss:xPendingReadyList)
                  20005140    00000014     tasks.obj (.bss:xSuspendedTaskList)
                  20005154    00000014     tasks.obj (.bss:xTasksWaitingTermination)
                  20005168    00000008     tasks.obj (.bss)
                  20005170    00000008     Icu.obj (.bss)
                  20005178    00000004     (.common:CarTaskLogic_Handle)
                  2000517c    00000004     (.common:Init_Task_Handle)
                  20005180    00000004     (.common:Ultarsonic_Task_Handle)
                  20005184    00000004     (.common:ptr)
                  20005188    00000004     (.common:ultrasonicDistanc)

.data      0    20005390    00000048     UNINITIALIZED
                  20005390    00000034     tasks.obj (.data)
                  200053c4    00000008     Icu.obj (.data)
                  200053cc    00000008     heap_1.obj (.data)
                  200053d4    00000004     port.obj (.data)

.stack     0    20005190    00000200     UNINITIALIZED
                  20005190    00000004     rtsv7M4_T_le_v4SPD16_eabi.lib : boot_cortex_m.c.obj (.stack)
                  20005194    000001fc     --HOLE--

MODULE SUMMARY

       Module                         code    ro data   rw data
       ------                         ----    -------   -------
    .\
       tm4c123gh6pm_startup_ccs.obj   12      620       0      
    +--+------------------------------+-------+---------+---------+
       Total:                         12      620       0      
                                                               
    .\App\CarControl\src\
       CarControl.obj                 178     0         0      
    +--+------------------------------+-------+---------+---------+
       Total:                         178     0         0      
                                                               
    .\App\testApp\src\
       testApp.obj                    184     0         0      
       Tasks.obj                      104     0         16     
    +--+------------------------------+-------+---------+---------+
       Total:                         288     0         16     
                                                               
    .\Ecual\Dc_Motor\src\
       DC_Motor.obj                   220     0         0      
    +--+------------------------------+-------+---------+---------+
       Total:                         220     0         0      
                                                               
    .\Ecual\Icu\src\
       Icu.obj                        264     0         16     
    +--+------------------------------+-------+---------+---------+
       Total:                         264     0         16     
                                                               
    .\Ecual\Lcd\src\
       lcd.obj                        548     0         0      
    +--+------------------------------+-------+---------+---------+
       Total:                         548     0         0      
                                                               
    .\Ecual\Ultrasonic\src\
       Ultrasonic.obj                 156     0         0      
    +--+------------------------------+-------+---------+---------+
       Total:                         156     0         0      
                                                               
    .\Firmware\FreeRtos\src\
       heap_1.obj                     156     0         20008  
       tasks.obj                      6456    0         280    
       port.obj                       316     4         4      
       list.obj                       306     0         0      
       portasm.obj                    218     0         0      
    +--+------------------------------+-------+---------+---------+
       Total:                         7452    4         20292  
                                                               
    .\Mcal\Ext_Int\src\
       Ext_Int.obj                    92      0         4      
    +--+------------------------------+-------+---------+---------+
       Total:                         92      0         4      
                                                               
    .\Mcal\PWM\src\
       PWM.obj                        228     0         0      
    +--+------------------------------+-------+---------+---------+
       Total:                         228     0         0      
                                                               
    .\Mcal\Tivaware\driverlib\
       sysctl.obj                     3974    596       0      
       gpio.obj                       2964    552       0      
       interrupt.obj                  960     268       620    
       pwm.obj                        1816    0         0      
       timer.obj                      1602    160       0      
       cpu.obj                        62      0         0      
    +--+------------------------------+-------+---------+---------+
       Total:                         11378   1576      620    
                                                               
    C:\ti\ccsv8\tools\compiler\ti-cgt-arm_18.1.1.LTS\lib\rtsv7M4_T_le_v4SPD16_eabi.lib
       fd_div_t2.asm.obj              310     0         0      
       fd_mul_t2.asm.obj              252     0         0      
       memcpy_t2.asm.obj              156     0         0      
       memset_t2.asm.obj              122     0         0      
       copy_decompress_lzss.c.obj     104     0         0      
       autoinit.c.obj                 68      0         0      
       fd_tou_t2.asm.obj              68      0         0      
       boot_cortex_m.c.obj            56      0         0      
       u_tofd_t2.asm.obj              32      0         0      
       copy_decompress_none.c.obj     14      0         0      
       copy_zero_init.c.obj           12      0         0      
       exit.c.obj                     4       0         0      
       pre_init.c.obj                 4       0         0      
    +--+------------------------------+-------+---------+---------+
       Total:                         1202    0         0      
                                                               
       Stack:                         0       0         512    
       Linker Generated:              0       70        0      
    +--+------------------------------+-------+---------+---------+
       Grand Total:                   22018   2270      21460  


LINKER GENERATED COPY TABLES

__TI_cinit_table @ 00005ed8 records: 3, size/record: 8, table size: 24
	.data: load addr=00005ea8, load size=00000012 bytes, run addr=20005390, run size=00000048 bytes, compression=lzss
	.bss: load addr=00005ec8, load size=00000008 bytes, run addr=2000026c, run size=00004f20 bytes, compression=zero_init
	.vtable: load addr=00005ed0, load size=00000008 bytes, run addr=20000000, run size=0000026c bytes, compression=zero_init


LINKER GENERATED HANDLER TABLE

__TI_handler_table @ 00005ebc records: 3, size/record: 4, table size: 12
	index: 0, handler: __TI_zero_init
	index: 1, handler: __TI_decompress_lzss
	index: 2, handler: __TI_decompress_none


GLOBAL SYMBOLS: SORTED ALPHABETICALLY BY Name 

address   name                             
-------   ----                             
00005875  C$$EXIT                          
000057e1  CPUbasepriGet                    
000057d3  CPUbasepriSet                    
000057ad  CPUcpsid                         
000057c3  CPUcpsie                         
000057b9  CPUprimask                       
000057cf  CPUwfi                           
0000570b  CallBack                         
0000530d  CarControlLogic                  
0000535b  CarMove__Backward                
00005347  CarMove__Forward                 
00005383  CarMove__RotateLeft              
0000536f  CarMove__RotateRight             
00005397  CarStop                          
0000561b  CarTaskLogic                     
20005178  CarTaskLogic_Handle              
000052f5  Car_Init                         
00005085  DC_Motor_Init                    
000050cd  DC_Motor_Set_Direction           
000050b9  DC_Motor_Set_Speed               
0000512b  DC_Motor_Stop                    
000056c9  ExtInt_Init                      
00003691  GPIOADCTriggerDisable            
00003673  GPIOADCTriggerEnable             
00003655  GPIODMATriggerDisable            
00003637  GPIODMATriggerEnable             
00002bdf  GPIODirModeGet                   
00002b83  GPIODirModeSet                   
00003147  GPIOIntClear                     
0000310b  GPIOIntDisable                   
000030f1  GPIOIntEnable                    
0000315b  GPIOIntRegister                  
00003193  GPIOIntRegisterPin               
00003125  GPIOIntStatus                    
00002ccf  GPIOIntTypeGet                   
00002c2b  GPIOIntTypeSet                   
00003179  GPIOIntUnregister                
000031c1  GPIOIntUnregisterPin             
00002f9f  GPIOPadConfigGet                 
00002d65  GPIOPadConfigSet                 
000035d9  GPIOPinConfigure                 
000031e5  GPIOPinRead                      
0000321d  GPIOPinTypeADC                   
00003241  GPIOPinTypeCAN                   
00003265  GPIOPinTypeComparator            
00003289  GPIOPinTypeComparatorOutput      
000032ad  GPIOPinTypeDIVSCLK               
000032d1  GPIOPinTypeEPI                   
000032f5  GPIOPinTypeEthernetLED           
00003319  GPIOPinTypeEthernetMII           
0000333d  GPIOPinTypeGPIOInput             
00003361  GPIOPinTypeGPIOOutput            
00003385  GPIOPinTypeGPIOOutputOD          
000033a9  GPIOPinTypeHibernateRTCCLK       
000033cd  GPIOPinTypeI2C                   
000033f1  GPIOPinTypeI2CSCL                
00003415  GPIOPinTypeLCD                   
00003439  GPIOPinTypeOneWire               
0000345d  GPIOPinTypePWM                   
00003481  GPIOPinTypeQEI                   
000034a5  GPIOPinTypeSSI                   
000034c9  GPIOPinTypeTimer                 
000034ed  GPIOPinTypeTrace                 
00003511  GPIOPinTypeUART                  
00003535  GPIOPinTypeUSBAnalog             
00003559  GPIOPinTypeUSBDigital            
0000357d  GPIOPinTypeWakeHigh              
000035a3  GPIOPinTypeWakeLow               
000035c9  GPIOPinWakeStatus                
000031fd  GPIOPinWrite                     
00004e75  ICU_Enable                       
000055f9  Init_Task                        
2000517c  Init_Task_Handle                 
000045d5  IntDisable                       
00004563  IntEnable                        
00004647  IntIsEnabled                     
00004427  IntMasterDisable                 
00004417  IntMasterEnable                  
0000473d  IntPendClear                     
000046cd  IntPendSet                       
0000453f  IntPriorityGet                   
000044b7  IntPriorityGroupingGet           
0000449d  IntPriorityGroupingSet           
00004797  IntPriorityMaskGet               
0000478b  IntPriorityMaskSet               
000044ef  IntPrioritySet                   
00004437  IntRegister                      
0000479f  IntTrigger                       
00004489  IntUnregister                    
000049d5  LCD_DisplayNumber                
000049e1  LCD_clearScreen                  
00004867  LCD_displayCharacter             
00004957  LCD_displayString                
0000497d  LCD_displayStringRowColumn       
000048f9  LCD_init                         
000047d5  LCD_sendCommand                  
00003d33  PWMClockGet                      
00003d13  PWMClockSet                      
0000385d  PWMDeadBandDisable               
00003825  PWMDeadBandEnable                
00003bd9  PWMFaultIntClear                 
00003c0b  PWMFaultIntClearExt              
00003af3  PWMFaultIntRegister              
00003b11  PWMFaultIntUnregister            
000036b9  PWMGenConfigure                  
00003777  PWMGenDisable                    
0000375d  PWMGenEnable                     
00003cdd  PWMGenFaultClear                 
00003c29  PWMGenFaultConfigure             
00003ca7  PWMGenFaultStatus                
00003c83  PWMGenFaultTriggerGet            
00003c59  PWMGenFaultTriggerSet            
00003b91  PWMGenIntClear                   
00003a65  PWMGenIntRegister                
00003b67  PWMGenIntStatus                  
00003b49  PWMGenIntTrigDisable             
00003b2b  PWMGenIntTrigEnable              
00003a8d  PWMGenIntUnregister              
00003733  PWMGenPeriodGet                  
00003703  PWMGenPeriodSet                  
00003bc1  PWMIntDisable                    
00003ba9  PWMIntEnable                     
00003beb  PWMIntStatus                     
00003933  PWMOutputFault                   
00003901  PWMOutputFaultLevel              
000038cf  PWMOutputInvert                  
0000389d  PWMOutputState                   
00003d5d  PWMOutputUpdateMode              
000037db  PWMPulseWidthGet                 
00003791  PWMPulseWidthSet                 
0000388b  PWMSyncTimeBase                  
00003879  PWMSyncUpdate                    
00004fa1  PWM_Init                         
0000500b  PWM_SetDutyCycle                 
000056f7  PortAIntHandler                  
0000585f  ResetISR                         
00004e27  SwICU_Init                       
00004e63  SwICU_Read                       
00002ae1  SysCtlAltClkConfig               
00002209  SysCtlClockFreqSet               
000026d1  SysCtlClockGet                   
00002ac5  SysCtlClockOutConfig             
00002501  SysCtlClockSet                   
0000210d  SysCtlDeepSleep                  
00002895  SysCtlDeepSleepClockConfigSet    
00002877  SysCtlDeepSleepClockSet          
000020ed  SysCtlDeepSleepPowerSet          
0000586b  SysCtlDelay                      
00001c9b  SysCtlFlashSectorSizeGet         
00001c6f  SysCtlFlashSizeGet               
0000296b  SysCtlGPIOAHBDisable             
0000294f  SysCtlGPIOAHBEnable              
00002081  SysCtlIntClear                   
00002069  SysCtlIntDisable                 
00002055  SysCtlIntEnable                  
0000202d  SysCtlIntRegister                
00002091  SysCtlIntStatus                  
00002045  SysCtlIntUnregister              
000020d3  SysCtlLDODeepSleepGet            
000020c3  SysCtlLDODeepSleepSet            
000020bd  SysCtlLDOSleepGet                
000020ad  SysCtlLDOSleepSet                
00002143  SysCtlMOSCConfigSet              
00002aa9  SysCtlNMIClear                   
00002a95  SysCtlNMIStatus                  
00002159  SysCtlPIOSCCalibrate             
00002939  SysCtlPWMClockGet                
0000291f  SysCtlPWMClockSet                
00001fd9  SysCtlPeripheralClockGating      
00001f91  SysCtlPeripheralDeepSleepDisable 
00001f41  SysCtlPeripheralDeepSleepEnable  
00001e7d  SysCtlPeripheralDisable          
00001e41  SysCtlPeripheralEnable           
00001d7d  SysCtlPeripheralPowerOff         
00001d41  SysCtlPeripheralPowerOn          
00001cc1  SysCtlPeripheralPresent          
00001d01  SysCtlPeripheralReady            
00001db9  SysCtlPeripheralReset            
00001f05  SysCtlPeripheralSleepDisable     
00001ec1  SysCtlPeripheralSleepEnable      
000020fd  SysCtlReset                      
000021b9  SysCtlResetBehaviorGet           
000021a9  SysCtlResetBehaviorSet           
0000212f  SysCtlResetCauseClear            
00002129  SysCtlResetCauseGet              
00001c65  SysCtlSRAMSizeGet                
00002105  SysCtlSleep                      
000020d9  SysCtlSleepPowerSet              
00002993  SysCtlUSBPLLDisable              
00002987  SysCtlUSBPLLEnable               
000029d9  SysCtlVCOGet                     
000029c1  SysCtlVoltageEventClear          
000029a5  SysCtlVoltageEventConfig         
000029b5  SysCtlVoltageEventStatus         
200053c8  TON                              
00004e1b  Timer0Isr                        
00004391  TimerADCEventGet                 
0000437f  TimerADCEventSet                 
000040b5  TimerClockSourceGet              
0000408b  TimerClockSourceSet              
00003e7f  TimerConfigure                   
00003f9f  TimerControlEvent                
00003efb  TimerControlLevel                
00003fc9  TimerControlStall                
00003f31  TimerControlTrigger              
00003fff  TimerControlWaitOnTrigger        
000043b1  TimerDMAEventGet                 
0000439f  TimerDMAEventSet                 
00003e61  TimerDisable                     
00003e43  TimerEnable                      
0000435b  TimerIntClear                    
00004325  TimerIntDisable                  
0000430d  TimerIntEnable                   
000042c7  TimerIntRegister                 
0000433d  TimerIntStatus                   
000042ef  TimerIntUnregister               
0000417f  TimerLoadGet                     
000041b5  TimerLoadGet64                   
00004155  TimerLoadSet                     
0000419b  TimerLoadSet64                   
0000425f  TimerMatchGet                    
00004295  TimerMatchGet64                  
00004235  TimerMatchSet                    
0000427b  TimerMatchSet64                  
000040ef  TimerPrescaleGet                 
00004139  TimerPrescaleMatchGet            
0000410b  TimerPrescaleMatchSet            
000040c5  TimerPrescaleSet                 
00004075  TimerRTCDisable                  
0000405f  TimerRTCEnable                   
0000436d  TimerSynchronize                 
000043bf  TimerUpdateMode                  
000041e7  TimerValueGet                    
00004203  TimerValueGet64                  
20005180  Ultarsonic_Task_Handle           
0000562f  UltrasonicTask                   
20005390  __STACK_END                      
00000200  __STACK_SIZE                     
20005390  __STACK_TOP                      
00005ed8  __TI_CINIT_Base                  
00005ef0  __TI_CINIT_Limit                 
00005ebc  __TI_Handler_Table_Base          
00005ec8  __TI_Handler_Table_Limit         
00005725  __TI_auto_init_nobinit_nopinit   
00005661  __TI_decompress_lzss             
00005845  __TI_decompress_none             
ffffffff  __TI_pprof_out_hndl              
ffffffff  __TI_prof_data_size              
ffffffff  __TI_prof_data_start             
00000000  __TI_static_base__               
00005853  __TI_zero_init                   
00005769  __aeabi_d2uiz                    
00004b35  __aeabi_ddiv                     
00004ea5  __aeabi_dmul                     
0000557d  __aeabi_memclr                   
0000557d  __aeabi_memclr4                  
0000557d  __aeabi_memclr8                  
000054e1  __aeabi_memcpy                   
000054e1  __aeabi_memcpy4                  
000054e1  __aeabi_memcpy8                  
0000557f  __aeabi_memset                   
0000557f  __aeabi_memset4                  
0000557f  __aeabi_memset8                  
00005825  __aeabi_ui2d                     
ffffffff  __binit__                        
ffffffff  __c_args__                       
UNDEFED   __mpu_init                       
20005190  __stack                          
000057ed  _c_int00_noargs                  
UNDEFED   _system_post_cinit               
00005871  _system_pre_init                 
00005875  abort                            
ffffffff  binit                            
000053f7  calculateDistance                
000053a9  delayUS                          
000005e1  eTaskGetState                    
200053c4  flag                             
20000000  g_pfnRAMVectors                  
00000000  g_pfnVectors                     
000053c3  initializeUltraSonic             
0000523d  main                             
000054e1  memcpy                           
00005585  memset                           
00000b75  pcTaskGetName                    
20005184  ptr                              
00005445  pvPortMalloc                     
000016a3  pvTaskIncrementMutexHeldCount    
20005390  pxCurrentTCB                     
000049f9  pxPortInitialiseStack            
00004d9d  startCalculationIcu              
000053d5  triggerUltrasonic                
00005ea0  ulMaxSyscallInterruptPriority    
00005171  ulPortGetIPSR                    
000016bb  ulTaskNotifyTake                 
20005188  ultrasonicDistanc                
00004d55  uxListRemove                     
00000b6f  uxTaskGetNumberOfTasks           
00001481  uxTaskGetStackHighWaterMark      
00000cf5  uxTaskGetSystemState             
000011f5  uxTaskGetTaskNumber              
00000671  uxTaskPriorityGet                
000006a1  uxTaskPriorityGetFromISR         
0000167d  uxTaskResetEventItemValue        
00004c6b  vListInitialise                  
00004c9b  vListInitialiseItem              
00004ce7  vListInsert                      
00004cab  vListInsertEnd                   
0000522d  vPortEnableVFP                   
00004a99  vPortEndScheduler                
00004a9b  vPortEnterCritical               
00004abb  vPortExitCritical                
000054b5  vPortFree                        
000054bf  vPortInitialiseBlocks            
000051e9  vPortSVCHandler                  
00004af7  vPortSetupTimerInterrupt         
00005209  vPortStartFirstTask              
000005a3  vTaskDelay                       
000004f5  vTaskDelayUntil                  
00000465  vTaskDelete                      
00000a21  vTaskEndScheduler                
00001305  vTaskGetInfo                     
000011e9  vTaskMissedYield                 
000019eb  vTaskNotifyGiveFromISR           
00000fbf  vTaskPlaceOnEventList            
00000fdf  vTaskPlaceOnUnorderedEventList   
00001559  vTaskPriorityInherit             
000006f1  vTaskPrioritySet                 
000008cd  vTaskResume                      
00001219  vTaskSetTaskNumber               
00001125  vTaskSetTimeOutState             
000009d1  vTaskStartScheduler              
000007eb  vTaskSuspend                     
00000a3d  vTaskSuspendAll                  
00000f41  vTaskSwitchContext               
000054c7  xPortGetFreeHeapSize             
00005189  xPortPendSVHandler               
00004a63  xPortStartScheduler              
00004ad1  xPortSysTickHandler              
00000dd9  xTaskAbortDelay                  
00001149  xTaskCheckForTimeOut             
0000026d  xTaskCreate                      
00001801  xTaskGenericNotify               
000018dd  xTaskGenericNotifyFromISR        
000014fd  xTaskGetCurrentTaskHandle        
00000c71  xTaskGetHandle                   
00000dcf  xTaskGetIdleTaskHandle           
00001529  xTaskGetSchedulerState           
00000b25  xTaskGetTickCount                
00000b41  xTaskGetTickCountFromISR         
00000e4b  xTaskIncrementTick               
00001a9d  xTaskNotifyStateClear            
00001745  xTaskNotifyWait                  
000015fd  xTaskPriorityDisinherit          
00001011  xTaskRemoveFromEventList         
00001091  xTaskRemoveFromUnorderedEventList
00000a55  xTaskResumeAll                   
00000941  xTaskResumeFromISR               


GLOBAL SYMBOLS: SORTED BY Symbol Address 

address   name                             
-------   ----                             
00000000  __TI_static_base__               
00000000  g_pfnVectors                     
00000200  __STACK_SIZE                     
0000026d  xTaskCreate                      
00000465  vTaskDelete                      
000004f5  vTaskDelayUntil                  
000005a3  vTaskDelay                       
000005e1  eTaskGetState                    
00000671  uxTaskPriorityGet                
000006a1  uxTaskPriorityGetFromISR         
000006f1  vTaskPrioritySet                 
000007eb  vTaskSuspend                     
000008cd  vTaskResume                      
00000941  xTaskResumeFromISR               
000009d1  vTaskStartScheduler              
00000a21  vTaskEndScheduler                
00000a3d  vTaskSuspendAll                  
00000a55  xTaskResumeAll                   
00000b25  xTaskGetTickCount                
00000b41  xTaskGetTickCountFromISR         
00000b6f  uxTaskGetNumberOfTasks           
00000b75  pcTaskGetName                    
00000c71  xTaskGetHandle                   
00000cf5  uxTaskGetSystemState             
00000dcf  xTaskGetIdleTaskHandle           
00000dd9  xTaskAbortDelay                  
00000e4b  xTaskIncrementTick               
00000f41  vTaskSwitchContext               
00000fbf  vTaskPlaceOnEventList            
00000fdf  vTaskPlaceOnUnorderedEventList   
00001011  xTaskRemoveFromEventList         
00001091  xTaskRemoveFromUnorderedEventList
00001125  vTaskSetTimeOutState             
00001149  xTaskCheckForTimeOut             
000011e9  vTaskMissedYield                 
000011f5  uxTaskGetTaskNumber              
00001219  vTaskSetTaskNumber               
00001305  vTaskGetInfo                     
00001481  uxTaskGetStackHighWaterMark      
000014fd  xTaskGetCurrentTaskHandle        
00001529  xTaskGetSchedulerState           
00001559  vTaskPriorityInherit             
000015fd  xTaskPriorityDisinherit          
0000167d  uxTaskResetEventItemValue        
000016a3  pvTaskIncrementMutexHeldCount    
000016bb  ulTaskNotifyTake                 
00001745  xTaskNotifyWait                  
00001801  xTaskGenericNotify               
000018dd  xTaskGenericNotifyFromISR        
000019eb  vTaskNotifyGiveFromISR           
00001a9d  xTaskNotifyStateClear            
00001c65  SysCtlSRAMSizeGet                
00001c6f  SysCtlFlashSizeGet               
00001c9b  SysCtlFlashSectorSizeGet         
00001cc1  SysCtlPeripheralPresent          
00001d01  SysCtlPeripheralReady            
00001d41  SysCtlPeripheralPowerOn          
00001d7d  SysCtlPeripheralPowerOff         
00001db9  SysCtlPeripheralReset            
00001e41  SysCtlPeripheralEnable           
00001e7d  SysCtlPeripheralDisable          
00001ec1  SysCtlPeripheralSleepEnable      
00001f05  SysCtlPeripheralSleepDisable     
00001f41  SysCtlPeripheralDeepSleepEnable  
00001f91  SysCtlPeripheralDeepSleepDisable 
00001fd9  SysCtlPeripheralClockGating      
0000202d  SysCtlIntRegister                
00002045  SysCtlIntUnregister              
00002055  SysCtlIntEnable                  
00002069  SysCtlIntDisable                 
00002081  SysCtlIntClear                   
00002091  SysCtlIntStatus                  
000020ad  SysCtlLDOSleepSet                
000020bd  SysCtlLDOSleepGet                
000020c3  SysCtlLDODeepSleepSet            
000020d3  SysCtlLDODeepSleepGet            
000020d9  SysCtlSleepPowerSet              
000020ed  SysCtlDeepSleepPowerSet          
000020fd  SysCtlReset                      
00002105  SysCtlSleep                      
0000210d  SysCtlDeepSleep                  
00002129  SysCtlResetCauseGet              
0000212f  SysCtlResetCauseClear            
00002143  SysCtlMOSCConfigSet              
00002159  SysCtlPIOSCCalibrate             
000021a9  SysCtlResetBehaviorSet           
000021b9  SysCtlResetBehaviorGet           
00002209  SysCtlClockFreqSet               
00002501  SysCtlClockSet                   
000026d1  SysCtlClockGet                   
00002877  SysCtlDeepSleepClockSet          
00002895  SysCtlDeepSleepClockConfigSet    
0000291f  SysCtlPWMClockSet                
00002939  SysCtlPWMClockGet                
0000294f  SysCtlGPIOAHBEnable              
0000296b  SysCtlGPIOAHBDisable             
00002987  SysCtlUSBPLLEnable               
00002993  SysCtlUSBPLLDisable              
000029a5  SysCtlVoltageEventConfig         
000029b5  SysCtlVoltageEventStatus         
000029c1  SysCtlVoltageEventClear          
000029d9  SysCtlVCOGet                     
00002a95  SysCtlNMIStatus                  
00002aa9  SysCtlNMIClear                   
00002ac5  SysCtlClockOutConfig             
00002ae1  SysCtlAltClkConfig               
00002b83  GPIODirModeSet                   
00002bdf  GPIODirModeGet                   
00002c2b  GPIOIntTypeSet                   
00002ccf  GPIOIntTypeGet                   
00002d65  GPIOPadConfigSet                 
00002f9f  GPIOPadConfigGet                 
000030f1  GPIOIntEnable                    
0000310b  GPIOIntDisable                   
00003125  GPIOIntStatus                    
00003147  GPIOIntClear                     
0000315b  GPIOIntRegister                  
00003179  GPIOIntUnregister                
00003193  GPIOIntRegisterPin               
000031c1  GPIOIntUnregisterPin             
000031e5  GPIOPinRead                      
000031fd  GPIOPinWrite                     
0000321d  GPIOPinTypeADC                   
00003241  GPIOPinTypeCAN                   
00003265  GPIOPinTypeComparator            
00003289  GPIOPinTypeComparatorOutput      
000032ad  GPIOPinTypeDIVSCLK               
000032d1  GPIOPinTypeEPI                   
000032f5  GPIOPinTypeEthernetLED           
00003319  GPIOPinTypeEthernetMII           
0000333d  GPIOPinTypeGPIOInput             
00003361  GPIOPinTypeGPIOOutput            
00003385  GPIOPinTypeGPIOOutputOD          
000033a9  GPIOPinTypeHibernateRTCCLK       
000033cd  GPIOPinTypeI2C                   
000033f1  GPIOPinTypeI2CSCL                
00003415  GPIOPinTypeLCD                   
00003439  GPIOPinTypeOneWire               
0000345d  GPIOPinTypePWM                   
00003481  GPIOPinTypeQEI                   
000034a5  GPIOPinTypeSSI                   
000034c9  GPIOPinTypeTimer                 
000034ed  GPIOPinTypeTrace                 
00003511  GPIOPinTypeUART                  
00003535  GPIOPinTypeUSBAnalog             
00003559  GPIOPinTypeUSBDigital            
0000357d  GPIOPinTypeWakeHigh              
000035a3  GPIOPinTypeWakeLow               
000035c9  GPIOPinWakeStatus                
000035d9  GPIOPinConfigure                 
00003637  GPIODMATriggerEnable             
00003655  GPIODMATriggerDisable            
00003673  GPIOADCTriggerEnable             
00003691  GPIOADCTriggerDisable            
000036b9  PWMGenConfigure                  
00003703  PWMGenPeriodSet                  
00003733  PWMGenPeriodGet                  
0000375d  PWMGenEnable                     
00003777  PWMGenDisable                    
00003791  PWMPulseWidthSet                 
000037db  PWMPulseWidthGet                 
00003825  PWMDeadBandEnable                
0000385d  PWMDeadBandDisable               
00003879  PWMSyncUpdate                    
0000388b  PWMSyncTimeBase                  
0000389d  PWMOutputState                   
000038cf  PWMOutputInvert                  
00003901  PWMOutputFaultLevel              
00003933  PWMOutputFault                   
00003a65  PWMGenIntRegister                
00003a8d  PWMGenIntUnregister              
00003af3  PWMFaultIntRegister              
00003b11  PWMFaultIntUnregister            
00003b2b  PWMGenIntTrigEnable              
00003b49  PWMGenIntTrigDisable             
00003b67  PWMGenIntStatus                  
00003b91  PWMGenIntClear                   
00003ba9  PWMIntEnable                     
00003bc1  PWMIntDisable                    
00003bd9  PWMFaultIntClear                 
00003beb  PWMIntStatus                     
00003c0b  PWMFaultIntClearExt              
00003c29  PWMGenFaultConfigure             
00003c59  PWMGenFaultTriggerSet            
00003c83  PWMGenFaultTriggerGet            
00003ca7  PWMGenFaultStatus                
00003cdd  PWMGenFaultClear                 
00003d13  PWMClockSet                      
00003d33  PWMClockGet                      
00003d5d  PWMOutputUpdateMode              
00003e43  TimerEnable                      
00003e61  TimerDisable                     
00003e7f  TimerConfigure                   
00003efb  TimerControlLevel                
00003f31  TimerControlTrigger              
00003f9f  TimerControlEvent                
00003fc9  TimerControlStall                
00003fff  TimerControlWaitOnTrigger        
0000405f  TimerRTCEnable                   
00004075  TimerRTCDisable                  
0000408b  TimerClockSourceSet              
000040b5  TimerClockSourceGet              
000040c5  TimerPrescaleSet                 
000040ef  TimerPrescaleGet                 
0000410b  TimerPrescaleMatchSet            
00004139  TimerPrescaleMatchGet            
00004155  TimerLoadSet                     
0000417f  TimerLoadGet                     
0000419b  TimerLoadSet64                   
000041b5  TimerLoadGet64                   
000041e7  TimerValueGet                    
00004203  TimerValueGet64                  
00004235  TimerMatchSet                    
0000425f  TimerMatchGet                    
0000427b  TimerMatchSet64                  
00004295  TimerMatchGet64                  
000042c7  TimerIntRegister                 
000042ef  TimerIntUnregister               
0000430d  TimerIntEnable                   
00004325  TimerIntDisable                  
0000433d  TimerIntStatus                   
0000435b  TimerIntClear                    
0000436d  TimerSynchronize                 
0000437f  TimerADCEventSet                 
00004391  TimerADCEventGet                 
0000439f  TimerDMAEventSet                 
000043b1  TimerDMAEventGet                 
000043bf  TimerUpdateMode                  
00004417  IntMasterEnable                  
00004427  IntMasterDisable                 
00004437  IntRegister                      
00004489  IntUnregister                    
0000449d  IntPriorityGroupingSet           
000044b7  IntPriorityGroupingGet           
000044ef  IntPrioritySet                   
0000453f  IntPriorityGet                   
00004563  IntEnable                        
000045d5  IntDisable                       
00004647  IntIsEnabled                     
000046cd  IntPendSet                       
0000473d  IntPendClear                     
0000478b  IntPriorityMaskSet               
00004797  IntPriorityMaskGet               
0000479f  IntTrigger                       
000047d5  LCD_sendCommand                  
00004867  LCD_displayCharacter             
000048f9  LCD_init                         
00004957  LCD_displayString                
0000497d  LCD_displayStringRowColumn       
000049d5  LCD_DisplayNumber                
000049e1  LCD_clearScreen                  
000049f9  pxPortInitialiseStack            
00004a63  xPortStartScheduler              
00004a99  vPortEndScheduler                
00004a9b  vPortEnterCritical               
00004abb  vPortExitCritical                
00004ad1  xPortSysTickHandler              
00004af7  vPortSetupTimerInterrupt         
00004b35  __aeabi_ddiv                     
00004c6b  vListInitialise                  
00004c9b  vListInitialiseItem              
00004cab  vListInsertEnd                   
00004ce7  vListInsert                      
00004d55  uxListRemove                     
00004d9d  startCalculationIcu              
00004e1b  Timer0Isr                        
00004e27  SwICU_Init                       
00004e63  SwICU_Read                       
00004e75  ICU_Enable                       
00004ea5  __aeabi_dmul                     
00004fa1  PWM_Init                         
0000500b  PWM_SetDutyCycle                 
00005085  DC_Motor_Init                    
000050b9  DC_Motor_Set_Speed               
000050cd  DC_Motor_Set_Direction           
0000512b  DC_Motor_Stop                    
00005171  ulPortGetIPSR                    
00005189  xPortPendSVHandler               
000051e9  vPortSVCHandler                  
00005209  vPortStartFirstTask              
0000522d  vPortEnableVFP                   
0000523d  main                             
000052f5  Car_Init                         
0000530d  CarControlLogic                  
00005347  CarMove__Forward                 
0000535b  CarMove__Backward                
0000536f  CarMove__RotateRight             
00005383  CarMove__RotateLeft              
00005397  CarStop                          
000053a9  delayUS                          
000053c3  initializeUltraSonic             
000053d5  triggerUltrasonic                
000053f7  calculateDistance                
00005445  pvPortMalloc                     
000054b5  vPortFree                        
000054bf  vPortInitialiseBlocks            
000054c7  xPortGetFreeHeapSize             
000054e1  __aeabi_memcpy                   
000054e1  __aeabi_memcpy4                  
000054e1  __aeabi_memcpy8                  
000054e1  memcpy                           
0000557d  __aeabi_memclr                   
0000557d  __aeabi_memclr4                  
0000557d  __aeabi_memclr8                  
0000557f  __aeabi_memset                   
0000557f  __aeabi_memset4                  
0000557f  __aeabi_memset8                  
00005585  memset                           
000055f9  Init_Task                        
0000561b  CarTaskLogic                     
0000562f  UltrasonicTask                   
00005661  __TI_decompress_lzss             
000056c9  ExtInt_Init                      
000056f7  PortAIntHandler                  
0000570b  CallBack                         
00005725  __TI_auto_init_nobinit_nopinit   
00005769  __aeabi_d2uiz                    
000057ad  CPUcpsid                         
000057b9  CPUprimask                       
000057c3  CPUcpsie                         
000057cf  CPUwfi                           
000057d3  CPUbasepriSet                    
000057e1  CPUbasepriGet                    
000057ed  _c_int00_noargs                  
00005825  __aeabi_ui2d                     
00005845  __TI_decompress_none             
00005853  __TI_zero_init                   
0000585f  ResetISR                         
0000586b  SysCtlDelay                      
00005871  _system_pre_init                 
00005875  C$$EXIT                          
00005875  abort                            
00005ea0  ulMaxSyscallInterruptPriority    
00005ebc  __TI_Handler_Table_Base          
00005ec8  __TI_Handler_Table_Limit         
00005ed8  __TI_CINIT_Base                  
00005ef0  __TI_CINIT_Limit                 
20000000  g_pfnRAMVectors                  
20005178  CarTaskLogic_Handle              
2000517c  Init_Task_Handle                 
20005180  Ultarsonic_Task_Handle           
20005184  ptr                              
20005188  ultrasonicDistanc                
20005190  __stack                          
20005390  __STACK_END                      
20005390  __STACK_TOP                      
20005390  pxCurrentTCB                     
200053c4  flag                             
200053c8  TON                              
ffffffff  __TI_pprof_out_hndl              
ffffffff  __TI_prof_data_size              
ffffffff  __TI_prof_data_start             
ffffffff  __binit__                        
ffffffff  __c_args__                       
ffffffff  binit                            
UNDEFED   __mpu_init                       
UNDEFED   _system_post_cinit               

[357 symbols]
