<?xml version="1.0" encoding="ISO-8859-1" ?>
<link_info>
   <banner>TI ARM Linker PC v18.1.1.LTS</banner>
   <copyright>Copyright (c) 1996-2017 Texas Instruments Incorporated</copyright>
   <link_time>0x5def9a5f</link_time>
   <link_errors>0x0</link_errors>
   <output_file>Car0.out</output_file>
   <entry_point>
      <name>_c_int00_noargs</name>
      <address>0x4ab1</address>
   </entry_point>
   <input_file_list>
      <input_file id="fl-2">
         <path>.\</path>
         <kind>object</kind>
         <file>tm4c123gh6pm_startup_ccs.obj</file>
         <name>tm4c123gh6pm_startup_ccs.obj</name>
      </input_file>
      <input_file id="fl-3">
         <path>.\App\CarControl\src\</path>
         <kind>object</kind>
         <file>CarControl.obj</file>
         <name>CarControl.obj</name>
      </input_file>
      <input_file id="fl-4">
         <path>.\App\testApp\src\</path>
         <kind>object</kind>
         <file>Tasks.obj</file>
         <name>Tasks.obj</name>
      </input_file>
      <input_file id="fl-5">
         <path>.\App\testApp\src\</path>
         <kind>object</kind>
         <file>testApp.obj</file>
         <name>testApp.obj</name>
      </input_file>
      <input_file id="fl-6">
         <path>.\Ecual\Dc_Motor\src\</path>
         <kind>object</kind>
         <file>DC_Motor.obj</file>
         <name>DC_Motor.obj</name>
      </input_file>
      <input_file id="fl-7">
         <path>.\Firmware\FreeRtos\src\</path>
         <kind>object</kind>
         <file>heap_1.obj</file>
         <name>heap_1.obj</name>
      </input_file>
      <input_file id="fl-8">
         <path>.\Firmware\FreeRtos\src\</path>
         <kind>object</kind>
         <file>list.obj</file>
         <name>list.obj</name>
      </input_file>
      <input_file id="fl-9">
         <path>.\Firmware\FreeRtos\src\</path>
         <kind>object</kind>
         <file>port.obj</file>
         <name>port.obj</name>
      </input_file>
      <input_file id="fl-a">
         <path>.\Firmware\FreeRtos\src\</path>
         <kind>object</kind>
         <file>portasm.obj</file>
         <name>portasm.obj</name>
      </input_file>
      <input_file id="fl-b">
         <path>.\Firmware\FreeRtos\src\</path>
         <kind>object</kind>
         <file>queue.obj</file>
         <name>queue.obj</name>
      </input_file>
      <input_file id="fl-c">
         <path>.\Firmware\FreeRtos\src\</path>
         <kind>object</kind>
         <file>tasks.obj</file>
         <name>tasks.obj</name>
      </input_file>
      <input_file id="fl-d">
         <path>.\Mcal\PWM\src\</path>
         <kind>object</kind>
         <file>PWM_t.obj</file>
         <name>PWM_t.obj</name>
      </input_file>
      <input_file id="fl-e">
         <path>.\Mcal\Tivaware\driverlib\</path>
         <kind>object</kind>
         <file>adc.obj</file>
         <name>adc.obj</name>
      </input_file>
      <input_file id="fl-f">
         <path>.\Mcal\Tivaware\driverlib\</path>
         <kind>object</kind>
         <file>aes.obj</file>
         <name>aes.obj</name>
      </input_file>
      <input_file id="fl-10">
         <path>.\Mcal\Tivaware\driverlib\</path>
         <kind>object</kind>
         <file>can.obj</file>
         <name>can.obj</name>
      </input_file>
      <input_file id="fl-11">
         <path>.\Mcal\Tivaware\driverlib\</path>
         <kind>object</kind>
         <file>comp.obj</file>
         <name>comp.obj</name>
      </input_file>
      <input_file id="fl-12">
         <path>.\Mcal\Tivaware\driverlib\</path>
         <kind>object</kind>
         <file>cpu.obj</file>
         <name>cpu.obj</name>
      </input_file>
      <input_file id="fl-13">
         <path>.\Mcal\Tivaware\driverlib\</path>
         <kind>object</kind>
         <file>crc.obj</file>
         <name>crc.obj</name>
      </input_file>
      <input_file id="fl-14">
         <path>.\Mcal\Tivaware\driverlib\</path>
         <kind>object</kind>
         <file>des.obj</file>
         <name>des.obj</name>
      </input_file>
      <input_file id="fl-15">
         <path>.\Mcal\Tivaware\driverlib\</path>
         <kind>object</kind>
         <file>eeprom.obj</file>
         <name>eeprom.obj</name>
      </input_file>
      <input_file id="fl-16">
         <path>.\Mcal\Tivaware\driverlib\</path>
         <kind>object</kind>
         <file>emac.obj</file>
         <name>emac.obj</name>
      </input_file>
      <input_file id="fl-17">
         <path>.\Mcal\Tivaware\driverlib\</path>
         <kind>object</kind>
         <file>epi.obj</file>
         <name>epi.obj</name>
      </input_file>
      <input_file id="fl-18">
         <path>.\Mcal\Tivaware\driverlib\</path>
         <kind>object</kind>
         <file>epi_workaround_ccs.obj</file>
         <name>epi_workaround_ccs.obj</name>
      </input_file>
      <input_file id="fl-19">
         <path>.\Mcal\Tivaware\driverlib\</path>
         <kind>object</kind>
         <file>flash.obj</file>
         <name>flash.obj</name>
      </input_file>
      <input_file id="fl-1a">
         <path>.\Mcal\Tivaware\driverlib\</path>
         <kind>object</kind>
         <file>fpu.obj</file>
         <name>fpu.obj</name>
      </input_file>
      <input_file id="fl-1b">
         <path>.\Mcal\Tivaware\driverlib\</path>
         <kind>object</kind>
         <file>gpio.obj</file>
         <name>gpio.obj</name>
      </input_file>
      <input_file id="fl-1c">
         <path>.\Mcal\Tivaware\driverlib\</path>
         <kind>object</kind>
         <file>hibernate.obj</file>
         <name>hibernate.obj</name>
      </input_file>
      <input_file id="fl-1d">
         <path>.\Mcal\Tivaware\driverlib\</path>
         <kind>object</kind>
         <file>i2c.obj</file>
         <name>i2c.obj</name>
      </input_file>
      <input_file id="fl-1e">
         <path>.\Mcal\Tivaware\driverlib\</path>
         <kind>object</kind>
         <file>interrupt.obj</file>
         <name>interrupt.obj</name>
      </input_file>
      <input_file id="fl-1f">
         <path>.\Mcal\Tivaware\driverlib\</path>
         <kind>object</kind>
         <file>lcd.obj</file>
         <name>lcd.obj</name>
      </input_file>
      <input_file id="fl-20">
         <path>.\Mcal\Tivaware\driverlib\</path>
         <kind>object</kind>
         <file>mpu.obj</file>
         <name>mpu.obj</name>
      </input_file>
      <input_file id="fl-21">
         <path>.\Mcal\Tivaware\driverlib\</path>
         <kind>object</kind>
         <file>onewire.obj</file>
         <name>onewire.obj</name>
      </input_file>
      <input_file id="fl-22">
         <path>.\Mcal\Tivaware\driverlib\</path>
         <kind>object</kind>
         <file>pwm.obj</file>
         <name>pwm.obj</name>
      </input_file>
      <input_file id="fl-23">
         <path>.\Mcal\Tivaware\driverlib\</path>
         <kind>object</kind>
         <file>qei.obj</file>
         <name>qei.obj</name>
      </input_file>
      <input_file id="fl-24">
         <path>.\Mcal\Tivaware\driverlib\</path>
         <kind>object</kind>
         <file>shamd5.obj</file>
         <name>shamd5.obj</name>
      </input_file>
      <input_file id="fl-25">
         <path>.\Mcal\Tivaware\driverlib\</path>
         <kind>object</kind>
         <file>ssi.obj</file>
         <name>ssi.obj</name>
      </input_file>
      <input_file id="fl-26">
         <path>.\Mcal\Tivaware\driverlib\</path>
         <kind>object</kind>
         <file>sw_crc.obj</file>
         <name>sw_crc.obj</name>
      </input_file>
      <input_file id="fl-27">
         <path>.\Mcal\Tivaware\driverlib\</path>
         <kind>object</kind>
         <file>sysctl.obj</file>
         <name>sysctl.obj</name>
      </input_file>
      <input_file id="fl-28">
         <path>.\Mcal\Tivaware\driverlib\</path>
         <kind>object</kind>
         <file>sysexc.obj</file>
         <name>sysexc.obj</name>
      </input_file>
      <input_file id="fl-29">
         <path>.\Mcal\Tivaware\driverlib\</path>
         <kind>object</kind>
         <file>systick.obj</file>
         <name>systick.obj</name>
      </input_file>
      <input_file id="fl-2a">
         <path>.\Mcal\Tivaware\driverlib\</path>
         <kind>object</kind>
         <file>timer.obj</file>
         <name>timer.obj</name>
      </input_file>
      <input_file id="fl-2b">
         <path>.\Mcal\Tivaware\driverlib\</path>
         <kind>object</kind>
         <file>uart.obj</file>
         <name>uart.obj</name>
      </input_file>
      <input_file id="fl-2c">
         <path>.\Mcal\Tivaware\driverlib\</path>
         <kind>object</kind>
         <file>udma.obj</file>
         <name>udma.obj</name>
      </input_file>
      <input_file id="fl-2d">
         <path>.\Mcal\Tivaware\driverlib\</path>
         <kind>object</kind>
         <file>usb.obj</file>
         <name>usb.obj</name>
      </input_file>
      <input_file id="fl-2e">
         <path>.\Mcal\Tivaware\driverlib\</path>
         <kind>object</kind>
         <file>watchdog.obj</file>
         <name>watchdog.obj</name>
      </input_file>
      <input_file id="fl-36">
         <kind>object</kind>
         <file>&lt;internal&gt;</file>
         <name>&lt;internal&gt;</name>
      </input_file>
      <input_file id="fl-ec">
         <path>C:\ti\ccsv8\tools\compiler\ti-cgt-arm_18.1.1.LTS\lib\</path>
         <kind>archive</kind>
         <file>rtsv7M4_T_le_v4SPD16_eabi.lib</file>
         <name>memcpy_t2.asm.obj</name>
      </input_file>
      <input_file id="fl-ed">
         <path>C:\ti\ccsv8\tools\compiler\ti-cgt-arm_18.1.1.LTS\lib\</path>
         <kind>archive</kind>
         <file>rtsv7M4_T_le_v4SPD16_eabi.lib</file>
         <name>memset_t2.asm.obj</name>
      </input_file>
      <input_file id="fl-ee">
         <path>C:\ti\ccsv8\tools\compiler\ti-cgt-arm_18.1.1.LTS\lib\</path>
         <kind>archive</kind>
         <file>rtsv7M4_T_le_v4SPD16_eabi.lib</file>
         <name>copy_zero_init.c.obj</name>
      </input_file>
      <input_file id="fl-ef">
         <path>C:\ti\ccsv8\tools\compiler\ti-cgt-arm_18.1.1.LTS\lib\</path>
         <kind>archive</kind>
         <file>rtsv7M4_T_le_v4SPD16_eabi.lib</file>
         <name>copy_decompress_none.c.obj</name>
      </input_file>
      <input_file id="fl-f0">
         <path>C:\ti\ccsv8\tools\compiler\ti-cgt-arm_18.1.1.LTS\lib\</path>
         <kind>archive</kind>
         <file>rtsv7M4_T_le_v4SPD16_eabi.lib</file>
         <name>copy_decompress_lzss.c.obj</name>
      </input_file>
      <input_file id="fl-f1">
         <path>C:\ti\ccsv8\tools\compiler\ti-cgt-arm_18.1.1.LTS\lib\</path>
         <kind>archive</kind>
         <file>rtsv7M4_T_le_v4SPD16_eabi.lib</file>
         <name>boot_cortex_m.c.obj</name>
      </input_file>
      <input_file id="fl-f2">
         <path>C:\ti\ccsv8\tools\compiler\ti-cgt-arm_18.1.1.LTS\lib\</path>
         <kind>archive</kind>
         <file>rtsv7M4_T_le_v4SPD16_eabi.lib</file>
         <name>exit.c.obj</name>
      </input_file>
      <input_file id="fl-f3">
         <path>C:\ti\ccsv8\tools\compiler\ti-cgt-arm_18.1.1.LTS\lib\</path>
         <kind>archive</kind>
         <file>rtsv7M4_T_le_v4SPD16_eabi.lib</file>
         <name>_lock.c.obj</name>
      </input_file>
      <input_file id="fl-f4">
         <path>C:\ti\ccsv8\tools\compiler\ti-cgt-arm_18.1.1.LTS\lib\</path>
         <kind>archive</kind>
         <file>rtsv7M4_T_le_v4SPD16_eabi.lib</file>
         <name>args_main.c.obj</name>
      </input_file>
      <input_file id="fl-f5">
         <path>C:\ti\ccsv8\tools\compiler\ti-cgt-arm_18.1.1.LTS\lib\</path>
         <kind>archive</kind>
         <file>rtsv7M4_T_le_v4SPD16_eabi.lib</file>
         <name>autoinit.c.obj</name>
      </input_file>
      <input_file id="fl-f6">
         <path>C:\ti\ccsv8\tools\compiler\ti-cgt-arm_18.1.1.LTS\lib\</path>
         <kind>archive</kind>
         <file>rtsv7M4_T_le_v4SPD16_eabi.lib</file>
         <name>pre_init.c.obj</name>
      </input_file>
      <input_file id="fl-f7">
         <path>C:\ti\ccsv8\tools\compiler\ti-cgt-arm_18.1.1.LTS\lib\</path>
         <kind>archive</kind>
         <file>rtsv7M4_T_le_v4SPD16_eabi.lib</file>
         <name>cpy_tbl.c.obj</name>
      </input_file>
   </input_file_list>
   <object_component_list>
      <object_component id="oc-f">
         <name>.intvecs</name>
         <load_address>0x0</load_address>
         <run_address>0x0</run_address>
         <size>0x26c</size>
         <input_file_ref idref="fl-2"/>
      </object_component>
      <object_component id="oc-82">
         <name>.text</name>
         <load_address>0x26c</load_address>
         <run_address>0x26c</run_address>
         <size>0x1938</size>
         <input_file_ref idref="fl-c"/>
      </object_component>
      <object_component id="oc-123">
         <name>.text</name>
         <load_address>0x1ba4</load_address>
         <run_address>0x1ba4</run_address>
         <size>0xf80</size>
         <input_file_ref idref="fl-27"/>
      </object_component>
      <object_component id="oc-129">
         <name>.text</name>
         <load_address>0x2b24</load_address>
         <run_address>0x2b24</run_address>
         <size>0xb94</size>
         <input_file_ref idref="fl-1b"/>
      </object_component>
      <object_component id="oc-12f">
         <name>.text</name>
         <load_address>0x36b8</load_address>
         <run_address>0x36b8</run_address>
         <size>0x718</size>
         <input_file_ref idref="fl-22"/>
      </object_component>
      <object_component id="oc-1c6">
         <name>.text</name>
         <load_address>0x3dd0</load_address>
         <run_address>0x3dd0</run_address>
         <size>0x3c0</size>
         <input_file_ref idref="fl-1e"/>
      </object_component>
      <object_component id="oc-2f">
         <name>.text</name>
         <load_address>0x4190</load_address>
         <run_address>0x4190</run_address>
         <size>0x13c</size>
         <input_file_ref idref="fl-9"/>
      </object_component>
      <object_component id="oc-f8">
         <name>.text</name>
         <load_address>0x42cc</load_address>
         <run_address>0x42cc</run_address>
         <size>0x132</size>
         <input_file_ref idref="fl-8"/>
      </object_component>
      <object_component id="oc-98">
         <name>.text</name>
         <load_address>0x4400</load_address>
         <run_address>0x4400</run_address>
         <size>0xe4</size>
         <input_file_ref idref="fl-d"/>
      </object_component>
      <object_component id="oc-136">
         <name>.text</name>
         <load_address>0x44e4</load_address>
         <run_address>0x44e4</run_address>
         <size>0xdc</size>
         <input_file_ref idref="fl-6"/>
      </object_component>
      <object_component id="oc-2a">
         <name>.text</name>
         <load_address>0x45c0</load_address>
         <run_address>0x45c0</run_address>
         <size>0xda</size>
         <input_file_ref idref="fl-a"/>
      </object_component>
      <object_component id="oc-9e">
         <name>.text</name>
         <load_address>0x469a</load_address>
         <run_address>0x469a</run_address>
         <size>0xb4</size>
         <input_file_ref idref="fl-3"/>
      </object_component>
      <object_component id="oc-f2">
         <name>.text</name>
         <load_address>0x4750</load_address>
         <run_address>0x4750</run_address>
         <size>0x9c</size>
         <input_file_ref idref="fl-7"/>
      </object_component>
      <object_component id="oc-49">
         <name>.text</name>
         <load_address>0x47ec</load_address>
         <run_address>0x47ec</run_address>
         <size>0x9c</size>
         <input_file_ref idref="fl-ec"/>
      </object_component>
      <object_component id="oc-ca">
         <name>.text</name>
         <load_address>0x4888</load_address>
         <run_address>0x4888</run_address>
         <size>0x7a</size>
         <input_file_ref idref="fl-ed"/>
      </object_component>
      <object_component id="oc-35">
         <name>.text</name>
         <load_address>0x4904</load_address>
         <run_address>0x4904</run_address>
         <size>0x74</size>
         <input_file_ref idref="fl-4"/>
      </object_component>
      <object_component id="oc-12">
         <name>.text:decompress:lzss:__TI_decompress_lzss</name>
         <load_address>0x4978</load_address>
         <run_address>0x4978</run_address>
         <size>0x68</size>
         <input_file_ref idref="fl-f0"/>
      </object_component>
      <object_component id="oc-d6">
         <name>.text</name>
         <load_address>0x49e0</load_address>
         <run_address>0x49e0</run_address>
         <size>0x4c</size>
         <input_file_ref idref="fl-5"/>
      </object_component>
      <object_component id="oc-161">
         <name>.text:__TI_auto_init_nobinit_nopinit:__TI_auto_init_nobinit_nopinit</name>
         <load_address>0x4a2c</load_address>
         <run_address>0x4a2c</run_address>
         <size>0x44</size>
         <input_file_ref idref="fl-f5"/>
      </object_component>
      <object_component id="oc-1cc">
         <name>.text</name>
         <load_address>0x4a70</load_address>
         <run_address>0x4a70</run_address>
         <size>0x3e</size>
         <input_file_ref idref="fl-12"/>
      </object_component>
      <object_component id="oc-67">
         <name>.text:_c_int00_noargs:_c_int00_noargs</name>
         <load_address>0x4ab0</load_address>
         <run_address>0x4ab0</run_address>
         <size>0x38</size>
         <input_file_ref idref="fl-f1"/>
      </object_component>
      <object_component id="oc-18">
         <name>.text:decompress:none:__TI_decompress_none</name>
         <load_address>0x4ae8</load_address>
         <run_address>0x4ae8</run_address>
         <size>0xe</size>
         <input_file_ref idref="fl-ef"/>
      </object_component>
      <object_component id="oc-5b">
         <name>.text:decompress:ZI:__TI_zero_init</name>
         <load_address>0x4af6</load_address>
         <run_address>0x4af6</run_address>
         <size>0xc</size>
         <input_file_ref idref="fl-ee"/>
      </object_component>
      <object_component id="oc-24">
         <name>.text</name>
         <load_address>0x4b02</load_address>
         <run_address>0x4b02</run_address>
         <size>0xc</size>
         <input_file_ref idref="fl-2"/>
      </object_component>
      <object_component id="oc-1db">
         <name>.text:SysCtlDelay</name>
         <load_address>0x4b0e</load_address>
         <run_address>0x4b0e</run_address>
         <size>0x6</size>
         <input_file_ref idref="fl-27"/>
      </object_component>
      <object_component id="oc-d0">
         <name>.text:_system_pre_init</name>
         <load_address>0x4b14</load_address>
         <run_address>0x4b14</run_address>
         <size>0x4</size>
         <input_file_ref idref="fl-f6"/>
      </object_component>
      <object_component id="oc-155">
         <name>.text:abort:abort</name>
         <load_address>0x4b18</load_address>
         <run_address>0x4b18</run_address>
         <size>0x4</size>
         <input_file_ref idref="fl-f2"/>
      </object_component>
      <object_component id="oc-1d8">
         <name>.const:g_pppui32XTALtoVCO</name>
         <load_address>0x4b1c</load_address>
         <run_address>0x4b1c</run_address>
         <size>0x1b0</size>
         <input_file_ref idref="fl-27"/>
      </object_component>
      <object_component id="oc-1eb">
         <name>.const:g_ppui32GPIOIntMapSnowflake</name>
         <load_address>0x4ccc</load_address>
         <run_address>0x4ccc</run_address>
         <size>0xd8</size>
         <input_file_ref idref="fl-1b"/>
      </object_component>
      <object_component id="oc-1e8">
         <name>.const:g_ppui32GPIOIntMapBlizzard</name>
         <load_address>0x4da4</load_address>
         <run_address>0x4da4</run_address>
         <size>0xc0</size>
         <input_file_ref idref="fl-1b"/>
      </object_component>
      <object_component id="oc-226">
         <name>.const:g_pui32Regs</name>
         <load_address>0x4e64</load_address>
         <run_address>0x4e64</run_address>
         <size>0x9c</size>
         <input_file_ref idref="fl-1e"/>
      </object_component>
      <object_component id="oc-1ee">
         <name>.const:g_pui32GPIOBaseAddrs</name>
         <load_address>0x4f00</load_address>
         <run_address>0x4f00</run_address>
         <size>0x90</size>
         <input_file_ref idref="fl-1b"/>
      </object_component>
      <object_component id="oc-1d2">
         <name>.const:g_pui32Xtals</name>
         <load_address>0x4f90</load_address>
         <run_address>0x4f90</run_address>
         <size>0x6c</size>
         <input_file_ref idref="fl-27"/>
      </object_component>
      <object_component id="oc-1c3">
         <name>.const:g_sXTALtoMEMTIM</name>
         <load_address>0x4ffc</load_address>
         <run_address>0x4ffc</run_address>
         <size>0x30</size>
         <input_file_ref idref="fl-27"/>
      </object_component>
      <object_component id="oc-223">
         <name>.const:g_pui32Priority</name>
         <load_address>0x502c</load_address>
         <run_address>0x502c</run_address>
         <size>0x20</size>
         <input_file_ref idref="fl-1e"/>
      </object_component>
      <object_component id="oc-22c">
         <name>.const:g_pui32Dii16Regs</name>
         <load_address>0x504c</load_address>
         <run_address>0x504c</run_address>
         <size>0x14</size>
         <input_file_ref idref="fl-1e"/>
      </object_component>
      <object_component id="oc-229">
         <name>.const:g_pui32EnRegs</name>
         <load_address>0x5060</load_address>
         <run_address>0x5060</run_address>
         <size>0x14</size>
         <input_file_ref idref="fl-1e"/>
      </object_component>
      <object_component id="oc-22f">
         <name>.const:g_pui32PendRegs</name>
         <load_address>0x5074</load_address>
         <run_address>0x5074</run_address>
         <size>0x14</size>
         <input_file_ref idref="fl-1e"/>
      </object_component>
      <object_component id="oc-232">
         <name>.const:g_pui32UnpendRegs</name>
         <load_address>0x5088</load_address>
         <run_address>0x5088</run_address>
         <size>0x14</size>
         <input_file_ref idref="fl-1e"/>
      </object_component>
      <object_component id="oc-1d5">
         <name>.const:g_pui32VCOFrequencies</name>
         <load_address>0x509c</load_address>
         <run_address>0x509c</run_address>
         <size>0x8</size>
         <input_file_ref idref="fl-27"/>
      </object_component>
      <object_component id="oc-7f">
         <name>.const</name>
         <load_address>0x50a4</load_address>
         <run_address>0x50a4</run_address>
         <size>0x4</size>
         <input_file_ref idref="fl-9"/>
      </object_component>
      <object_component id="oc-2b8">
         <name>.cinit..data.load</name>
         <load_address>0x50a8</load_address>
         <run_address>0x50a8</run_address>
         <size>0x12</size>
      </object_component>
      <object_component id="oc-2b5">
         <name>__TI_handler_table</name>
         <load_address>0x50bc</load_address>
         <run_address>0x50bc</run_address>
         <size>0xc</size>
      </object_component>
      <object_component id="oc-2b9">
         <name>.cinit..bss.load</name>
         <load_address>0x50c8</load_address>
         <run_address>0x50c8</run_address>
         <size>0x8</size>
      </object_component>
      <object_component id="oc-2b7">
         <name>.cinit..vtable.load</name>
         <load_address>0x50d0</load_address>
         <run_address>0x50d0</run_address>
         <size>0x8</size>
      </object_component>
      <object_component id="oc-2b6">
         <name>__TI_cinit_table</name>
         <load_address>0x50d8</load_address>
         <run_address>0x50d8</run_address>
         <size>0x18</size>
      </object_component>
      <object_component id="oc-220">
         <name>.vtable</name>
         <uninitialized>true</uninitialized>
         <run_address>0x20000000</run_address>
         <size>0x26c</size>
         <input_file_ref idref="fl-1e"/>
      </object_component>
      <object_component id="oc-1a4">
         <name>.data</name>
         <load_address>0x2000539c</load_address>
         <run_address>0x2000539c</run_address>
         <size>0x8</size>
         <input_file_ref idref="fl-7"/>
      </object_component>
      <object_component id="oc-89">
         <name>.data</name>
         <load_address>0x200053a4</load_address>
         <run_address>0x200053a4</run_address>
         <size>0x4</size>
         <input_file_ref idref="fl-9"/>
      </object_component>
      <object_component id="oc-7c">
         <name>.data</name>
         <load_address>0x20005368</load_address>
         <run_address>0x20005368</run_address>
         <size>0x34</size>
         <input_file_ref idref="fl-c"/>
      </object_component>
      <object_component id="oc-1a7">
         <name>.bss:ucHeap</name>
         <uninitialized>true</uninitialized>
         <run_address>0x2000026c</run_address>
         <size>0x4e20</size>
         <input_file_ref idref="fl-7"/>
      </object_component>
      <object_component id="oc-fe">
         <name>.bss:pxReadyTasksLists</name>
         <uninitialized>true</uninitialized>
         <run_address>0x2000508c</run_address>
         <size>0x64</size>
         <input_file_ref idref="fl-c"/>
      </object_component>
      <object_component id="oc-10d">
         <name>.bss:xDelayedTaskList1</name>
         <uninitialized>true</uninitialized>
         <run_address>0x200050f0</run_address>
         <size>0x14</size>
         <input_file_ref idref="fl-c"/>
      </object_component>
      <object_component id="oc-110">
         <name>.bss:xDelayedTaskList2</name>
         <uninitialized>true</uninitialized>
         <run_address>0x20005104</run_address>
         <size>0x14</size>
         <input_file_ref idref="fl-c"/>
      </object_component>
      <object_component id="oc-104">
         <name>.bss</name>
         <uninitialized>true</uninitialized>
         <run_address>0x20005154</run_address>
         <size>0x8</size>
         <input_file_ref idref="fl-c"/>
      </object_component>
      <object_component id="oc-10a">
         <name>.bss:xPendingReadyList</name>
         <uninitialized>true</uninitialized>
         <run_address>0x20005118</run_address>
         <size>0x14</size>
         <input_file_ref idref="fl-c"/>
      </object_component>
      <object_component id="oc-101">
         <name>.bss:xTasksWaitingTermination</name>
         <uninitialized>true</uninitialized>
         <run_address>0x20005140</run_address>
         <size>0x14</size>
         <input_file_ref idref="fl-c"/>
      </object_component>
      <object_component id="oc-107">
         <name>.bss:xSuspendedTaskList</name>
         <uninitialized>true</uninitialized>
         <run_address>0x2000512c</run_address>
         <size>0x14</size>
         <input_file_ref idref="fl-c"/>
      </object_component>
      <object_component id="oc-a7">
         <name>.common:Init_Task_Handle</name>
         <uninitialized>true</uninitialized>
         <run_address>0x20005160</run_address>
         <size>0x4</size>
      </object_component>
      <object_component id="oc-a4">
         <name>.common:CarTaskLogic_Handle</name>
         <uninitialized>true</uninitialized>
         <run_address>0x2000515c</run_address>
         <size>0x4</size>
      </object_component>
      <object_component id="oc-21">
         <name>.stack</name>
         <uninitialized>true</uninitialized>
         <run_address>0x20005168</run_address>
         <size>0x4</size>
         <input_file_ref idref="fl-f1"/>
      </object_component>
      <object_component id="oc-2ba">
         <name>.stack</name>
         <uninitialized>true</uninitialized>
         <run_address>0x20005168</run_address>
         <size>0x0</size>
      </object_component>
      <object_component id="oc-3d">
         <name>.debug_info</name>
         <load_address>0x0</load_address>
         <run_address>0x0</run_address>
         <size>0x34e</size>
         <input_file_ref idref="fl-2"/>
      </object_component>
      <object_component id="oc-10">
         <name>.debug_info</name>
         <load_address>0x34e</load_address>
         <run_address>0x34e</run_address>
         <size>0xe5</size>
         <input_file_ref idref="fl-2"/>
      </object_component>
      <object_component id="oc-25">
         <name>.debug_info</name>
         <load_address>0x433</load_address>
         <run_address>0x433</run_address>
         <size>0x261</size>
         <input_file_ref idref="fl-2"/>
      </object_component>
      <object_component id="oc-b0">
         <name>.debug_info</name>
         <load_address>0x694</load_address>
         <run_address>0x694</run_address>
         <size>0x26b</size>
         <input_file_ref idref="fl-2"/>
      </object_component>
      <object_component id="oc-44">
         <name>.debug_info</name>
         <load_address>0x8ff</load_address>
         <run_address>0x8ff</run_address>
         <size>0x84</size>
         <input_file_ref idref="fl-2"/>
      </object_component>
      <object_component id="oc-13f">
         <name>.debug_info</name>
         <load_address>0x983</load_address>
         <run_address>0x983</run_address>
         <size>0x297</size>
         <input_file_ref idref="fl-2"/>
      </object_component>
      <object_component id="oc-1dd">
         <name>.debug_info</name>
         <load_address>0xc1a</load_address>
         <run_address>0xc1a</run_address>
         <size>0xef</size>
         <input_file_ref idref="fl-2"/>
      </object_component>
      <object_component id="oc-a9">
         <name>.debug_info</name>
         <load_address>0xd09</load_address>
         <run_address>0xd09</run_address>
         <size>0xbb</size>
         <input_file_ref idref="fl-2"/>
      </object_component>
      <object_component id="oc-122">
         <name>.debug_info</name>
         <load_address>0xdc4</load_address>
         <run_address>0xdc4</run_address>
         <size>0x432</size>
         <input_file_ref idref="fl-3"/>
      </object_component>
      <object_component id="oc-9f">
         <name>.debug_info</name>
         <load_address>0x11f6</load_address>
         <run_address>0x11f6</run_address>
         <size>0x65d</size>
         <input_file_ref idref="fl-3"/>
      </object_component>
      <object_component id="oc-eb">
         <name>.debug_info</name>
         <load_address>0x1853</load_address>
         <run_address>0x1853</run_address>
         <size>0x30c</size>
         <input_file_ref idref="fl-3"/>
      </object_component>
      <object_component id="oc-11d">
         <name>.debug_info</name>
         <load_address>0x1b5f</load_address>
         <run_address>0x1b5f</run_address>
         <size>0x3cd</size>
         <input_file_ref idref="fl-3"/>
      </object_component>
      <object_component id="oc-8e">
         <name>.debug_info</name>
         <load_address>0x1f2c</load_address>
         <run_address>0x1f2c</run_address>
         <size>0x2c</size>
         <input_file_ref idref="fl-3"/>
      </object_component>
      <object_component id="oc-1be">
         <name>.debug_info</name>
         <load_address>0x1f58</load_address>
         <run_address>0x1f58</run_address>
         <size>0xa1</size>
         <input_file_ref idref="fl-3"/>
      </object_component>
      <object_component id="oc-93">
         <name>.debug_info</name>
         <load_address>0x1ff9</load_address>
         <run_address>0x1ff9</run_address>
         <size>0x53</size>
         <input_file_ref idref="fl-3"/>
      </object_component>
      <object_component id="oc-118">
         <name>.debug_info</name>
         <load_address>0x204c</load_address>
         <run_address>0x204c</run_address>
         <size>0x14c</size>
         <input_file_ref idref="fl-3"/>
      </object_component>
      <object_component id="oc-a5">
         <name>.debug_info</name>
         <load_address>0x2198</load_address>
         <run_address>0x2198</run_address>
         <size>0x4bb</size>
         <input_file_ref idref="fl-4"/>
      </object_component>
      <object_component id="oc-36">
         <name>.debug_info</name>
         <load_address>0x2653</load_address>
         <run_address>0x2653</run_address>
         <size>0x33c</size>
         <input_file_ref idref="fl-4"/>
      </object_component>
      <object_component id="oc-d7">
         <name>.debug_info</name>
         <load_address>0x298f</load_address>
         <run_address>0x298f</run_address>
         <size>0x185</size>
         <input_file_ref idref="fl-5"/>
      </object_component>
      <object_component id="oc-137">
         <name>.debug_info</name>
         <load_address>0x2b14</load_address>
         <run_address>0x2b14</run_address>
         <size>0x4b5</size>
         <input_file_ref idref="fl-6"/>
      </object_component>
      <object_component id="oc-1ab">
         <name>.debug_info</name>
         <load_address>0x2fc9</load_address>
         <run_address>0x2fc9</run_address>
         <size>0x3d6</size>
         <input_file_ref idref="fl-7"/>
      </object_component>
      <object_component id="oc-1a8">
         <name>.debug_info</name>
         <load_address>0x339f</load_address>
         <run_address>0x339f</run_address>
         <size>0xdc</size>
         <input_file_ref idref="fl-7"/>
      </object_component>
      <object_component id="oc-1a5">
         <name>.debug_info</name>
         <load_address>0x347b</load_address>
         <run_address>0x347b</run_address>
         <size>0xea</size>
         <input_file_ref idref="fl-7"/>
      </object_component>
      <object_component id="oc-f3">
         <name>.debug_info</name>
         <load_address>0x3565</load_address>
         <run_address>0x3565</run_address>
         <size>0x3a2</size>
         <input_file_ref idref="fl-7"/>
      </object_component>
      <object_component id="oc-19f">
         <name>.debug_info</name>
         <load_address>0x3907</load_address>
         <run_address>0x3907</run_address>
         <size>0x110</size>
         <input_file_ref idref="fl-7"/>
      </object_component>
      <object_component id="oc-1ad">
         <name>.debug_info</name>
         <load_address>0x3a17</load_address>
         <run_address>0x3a17</run_address>
         <size>0x34f</size>
         <input_file_ref idref="fl-8"/>
      </object_component>
      <object_component id="oc-f9">
         <name>.debug_info</name>
         <load_address>0x3d66</load_address>
         <run_address>0x3d66</run_address>
         <size>0x530</size>
         <input_file_ref idref="fl-8"/>
      </object_component>
      <object_component id="oc-8d">
         <name>.debug_info</name>
         <load_address>0x4296</load_address>
         <run_address>0x4296</run_address>
         <size>0x3ce</size>
         <input_file_ref idref="fl-9"/>
      </object_component>
      <object_component id="oc-80">
         <name>.debug_info</name>
         <load_address>0x4664</load_address>
         <run_address>0x4664</run_address>
         <size>0x109</size>
         <input_file_ref idref="fl-9"/>
      </object_component>
      <object_component id="oc-8a">
         <name>.debug_info</name>
         <load_address>0x476d</load_address>
         <run_address>0x476d</run_address>
         <size>0xf0</size>
         <input_file_ref idref="fl-9"/>
      </object_component>
      <object_component id="oc-30">
         <name>.debug_info</name>
         <load_address>0x485d</load_address>
         <run_address>0x485d</run_address>
         <size>0x610</size>
         <input_file_ref idref="fl-9"/>
      </object_component>
      <object_component id="oc-2b">
         <name>.debug_info</name>
         <load_address>0x4e6d</load_address>
         <run_address>0x4e6d</run_address>
         <size>0x241</size>
         <input_file_ref idref="fl-a"/>
      </object_component>
      <object_component id="oc-ea">
         <name>.debug_info</name>
         <load_address>0x50ae</load_address>
         <run_address>0x50ae</run_address>
         <size>0x724</size>
         <input_file_ref idref="fl-c"/>
      </object_component>
      <object_component id="oc-7d">
         <name>.debug_info</name>
         <load_address>0x57d2</load_address>
         <run_address>0x57d2</run_address>
         <size>0x34b</size>
         <input_file_ref idref="fl-c"/>
      </object_component>
      <object_component id="oc-ff">
         <name>.debug_info</name>
         <load_address>0x5b1d</load_address>
         <run_address>0x5b1d</run_address>
         <size>0xf2</size>
         <input_file_ref idref="fl-c"/>
      </object_component>
      <object_component id="oc-10e">
         <name>.debug_info</name>
         <load_address>0x5c0f</load_address>
         <run_address>0x5c0f</run_address>
         <size>0xf2</size>
         <input_file_ref idref="fl-c"/>
      </object_component>
      <object_component id="oc-111">
         <name>.debug_info</name>
         <load_address>0x5d01</load_address>
         <run_address>0x5d01</run_address>
         <size>0xf2</size>
         <input_file_ref idref="fl-c"/>
      </object_component>
      <object_component id="oc-105">
         <name>.debug_info</name>
         <load_address>0x5df3</load_address>
         <run_address>0x5df3</run_address>
         <size>0x135</size>
         <input_file_ref idref="fl-c"/>
      </object_component>
      <object_component id="oc-10b">
         <name>.debug_info</name>
         <load_address>0x5f28</load_address>
         <run_address>0x5f28</run_address>
         <size>0xf2</size>
         <input_file_ref idref="fl-c"/>
      </object_component>
      <object_component id="oc-102">
         <name>.debug_info</name>
         <load_address>0x601a</load_address>
         <run_address>0x601a</run_address>
         <size>0x100</size>
         <input_file_ref idref="fl-c"/>
      </object_component>
      <object_component id="oc-108">
         <name>.debug_info</name>
         <load_address>0x611a</load_address>
         <run_address>0x611a</run_address>
         <size>0xf4</size>
         <input_file_ref idref="fl-c"/>
      </object_component>
      <object_component id="oc-83">
         <name>.debug_info</name>
         <load_address>0x620e</load_address>
         <run_address>0x620e</run_address>
         <size>0x51cf</size>
         <input_file_ref idref="fl-c"/>
      </object_component>
      <object_component id="oc-195">
         <name>.debug_info</name>
         <load_address>0xb3dd</load_address>
         <run_address>0xb3dd</run_address>
         <size>0x46</size>
         <input_file_ref idref="fl-c"/>
      </object_component>
      <object_component id="oc-19a">
         <name>.debug_info</name>
         <load_address>0xb423</load_address>
         <run_address>0xb423</run_address>
         <size>0x15b</size>
         <input_file_ref idref="fl-c"/>
      </object_component>
      <object_component id="oc-99">
         <name>.debug_info</name>
         <load_address>0xb57e</load_address>
         <run_address>0xb57e</run_address>
         <size>0x398</size>
         <input_file_ref idref="fl-d"/>
      </object_component>
      <object_component id="oc-1e2">
         <name>.debug_info</name>
         <load_address>0xb916</load_address>
         <run_address>0xb916</run_address>
         <size>0x8b</size>
         <input_file_ref idref="fl-d"/>
      </object_component>
      <object_component id="oc-1cd">
         <name>.debug_info</name>
         <load_address>0xb9a1</load_address>
         <run_address>0xb9a1</run_address>
         <size>0x3e8</size>
         <input_file_ref idref="fl-12"/>
      </object_component>
      <object_component id="oc-1f2">
         <name>.debug_info</name>
         <load_address>0xbd89</load_address>
         <run_address>0xbd89</run_address>
         <size>0x364</size>
         <input_file_ref idref="fl-1b"/>
      </object_component>
      <object_component id="oc-1e9">
         <name>.debug_info</name>
         <load_address>0xc0ed</load_address>
         <run_address>0xc0ed</run_address>
         <size>0x104</size>
         <input_file_ref idref="fl-1b"/>
      </object_component>
      <object_component id="oc-1ec">
         <name>.debug_info</name>
         <load_address>0xc1f1</load_address>
         <run_address>0xc1f1</run_address>
         <size>0x106</size>
         <input_file_ref idref="fl-1b"/>
      </object_component>
      <object_component id="oc-1ef">
         <name>.debug_info</name>
         <load_address>0xc2f7</load_address>
         <run_address>0xc2f7</run_address>
         <size>0xf8</size>
         <input_file_ref idref="fl-1b"/>
      </object_component>
      <object_component id="oc-12a">
         <name>.debug_info</name>
         <load_address>0xc3ef</load_address>
         <run_address>0xc3ef</run_address>
         <size>0x3683</size>
         <input_file_ref idref="fl-1b"/>
      </object_component>
      <object_component id="oc-236">
         <name>.debug_info</name>
         <load_address>0xfa72</load_address>
         <run_address>0xfa72</run_address>
         <size>0x341</size>
         <input_file_ref idref="fl-1e"/>
      </object_component>
      <object_component id="oc-224">
         <name>.debug_info</name>
         <load_address>0xfdb3</load_address>
         <run_address>0xfdb3</run_address>
         <size>0xf3</size>
         <input_file_ref idref="fl-1e"/>
      </object_component>
      <object_component id="oc-227">
         <name>.debug_info</name>
         <load_address>0xfea6</load_address>
         <run_address>0xfea6</run_address>
         <size>0xeb</size>
         <input_file_ref idref="fl-1e"/>
      </object_component>
      <object_component id="oc-22a">
         <name>.debug_info</name>
         <load_address>0xff91</load_address>
         <run_address>0xff91</run_address>
         <size>0xef</size>
         <input_file_ref idref="fl-1e"/>
      </object_component>
      <object_component id="oc-22d">
         <name>.debug_info</name>
         <load_address>0x10080</load_address>
         <run_address>0x10080</run_address>
         <size>0xf5</size>
         <input_file_ref idref="fl-1e"/>
      </object_component>
      <object_component id="oc-230">
         <name>.debug_info</name>
         <load_address>0x10175</load_address>
         <run_address>0x10175</run_address>
         <size>0xf3</size>
         <input_file_ref idref="fl-1e"/>
      </object_component>
      <object_component id="oc-233">
         <name>.debug_info</name>
         <load_address>0x10268</load_address>
         <run_address>0x10268</run_address>
         <size>0xf7</size>
         <input_file_ref idref="fl-1e"/>
      </object_component>
      <object_component id="oc-221">
         <name>.debug_info</name>
         <load_address>0x1035f</load_address>
         <run_address>0x1035f</run_address>
         <size>0xf4</size>
         <input_file_ref idref="fl-1e"/>
      </object_component>
      <object_component id="oc-1c7">
         <name>.debug_info</name>
         <load_address>0x10453</load_address>
         <run_address>0x10453</run_address>
         <size>0xed0</size>
         <input_file_ref idref="fl-1e"/>
      </object_component>
      <object_component id="oc-1f4">
         <name>.debug_info</name>
         <load_address>0x11323</load_address>
         <run_address>0x11323</run_address>
         <size>0x316</size>
         <input_file_ref idref="fl-22"/>
      </object_component>
      <object_component id="oc-130">
         <name>.debug_info</name>
         <load_address>0x11639</load_address>
         <run_address>0x11639</run_address>
         <size>0x2bad</size>
         <input_file_ref idref="fl-22"/>
      </object_component>
      <object_component id="oc-1e7">
         <name>.debug_info</name>
         <load_address>0x141e6</load_address>
         <run_address>0x141e6</run_address>
         <size>0x3c6</size>
         <input_file_ref idref="fl-27"/>
      </object_component>
      <object_component id="oc-1d3">
         <name>.debug_info</name>
         <load_address>0x145ac</load_address>
         <run_address>0x145ac</run_address>
         <size>0xea</size>
         <input_file_ref idref="fl-27"/>
      </object_component>
      <object_component id="oc-1d9">
         <name>.debug_info</name>
         <load_address>0x14696</load_address>
         <run_address>0x14696</run_address>
         <size>0xf6</size>
         <input_file_ref idref="fl-27"/>
      </object_component>
      <object_component id="oc-1c4">
         <name>.debug_info</name>
         <load_address>0x1478c</load_address>
         <run_address>0x1478c</run_address>
         <size>0xf0</size>
         <input_file_ref idref="fl-27"/>
      </object_component>
      <object_component id="oc-1d6">
         <name>.debug_info</name>
         <load_address>0x1487c</load_address>
         <run_address>0x1487c</run_address>
         <size>0xfd</size>
         <input_file_ref idref="fl-27"/>
      </object_component>
      <object_component id="oc-124">
         <name>.debug_info</name>
         <load_address>0x14979</load_address>
         <run_address>0x14979</run_address>
         <size>0x3176</size>
         <input_file_ref idref="fl-27"/>
      </object_component>
      <object_component id="oc-240">
         <name>.debug_info</name>
         <load_address>0x17aef</load_address>
         <run_address>0x17aef</run_address>
         <size>0x51</size>
         <input_file_ref idref="fl-27"/>
      </object_component>
      <object_component id="oc-4c">
         <name>.debug_info</name>
         <load_address>0x17b40</load_address>
         <run_address>0x17b40</run_address>
         <size>0x111</size>
         <input_file_ref idref="fl-ec"/>
      </object_component>
      <object_component id="oc-cb">
         <name>.debug_info</name>
         <load_address>0x17c51</load_address>
         <run_address>0x17c51</run_address>
         <size>0x13f</size>
         <input_file_ref idref="fl-ed"/>
      </object_component>
      <object_component id="oc-c9">
         <name>.debug_info</name>
         <load_address>0x17d90</load_address>
         <run_address>0x17d90</run_address>
         <size>0x313</size>
         <input_file_ref idref="fl-ee"/>
      </object_component>
      <object_component id="oc-5f">
         <name>.debug_info</name>
         <load_address>0x180a3</load_address>
         <run_address>0x180a3</run_address>
         <size>0x1aa</size>
         <input_file_ref idref="fl-ee"/>
      </object_component>
      <object_component id="oc-c4">
         <name>.debug_info</name>
         <load_address>0x1824d</load_address>
         <run_address>0x1824d</run_address>
         <size>0x46</size>
         <input_file_ref idref="fl-ee"/>
      </object_component>
      <object_component id="oc-14b">
         <name>.debug_info</name>
         <load_address>0x18293</load_address>
         <run_address>0x18293</run_address>
         <size>0x2c</size>
         <input_file_ref idref="fl-ee"/>
      </object_component>
      <object_component id="oc-54">
         <name>.debug_info</name>
         <load_address>0x182bf</load_address>
         <run_address>0x182bf</run_address>
         <size>0x29d</size>
         <input_file_ref idref="fl-ef"/>
      </object_component>
      <object_component id="oc-1c">
         <name>.debug_info</name>
         <load_address>0x1855c</load_address>
         <run_address>0x1855c</run_address>
         <size>0x1df</size>
         <input_file_ref idref="fl-ef"/>
      </object_component>
      <object_component id="oc-4f">
         <name>.debug_info</name>
         <load_address>0x1873b</load_address>
         <run_address>0x1873b</run_address>
         <size>0x46</size>
         <input_file_ref idref="fl-ef"/>
      </object_component>
      <object_component id="oc-bc">
         <name>.debug_info</name>
         <load_address>0x18781</load_address>
         <run_address>0x18781</run_address>
         <size>0x2c</size>
         <input_file_ref idref="fl-ef"/>
      </object_component>
      <object_component id="oc-ba">
         <name>.debug_info</name>
         <load_address>0x187ad</load_address>
         <run_address>0x187ad</run_address>
         <size>0x293</size>
         <input_file_ref idref="fl-f0"/>
      </object_component>
      <object_component id="oc-16">
         <name>.debug_info</name>
         <load_address>0x18a40</load_address>
         <run_address>0x18a40</run_address>
         <size>0x245</size>
         <input_file_ref idref="fl-f0"/>
      </object_component>
      <object_component id="oc-3f">
         <name>.debug_info</name>
         <load_address>0x18c85</load_address>
         <run_address>0x18c85</run_address>
         <size>0x60</size>
         <input_file_ref idref="fl-f0"/>
      </object_component>
      <object_component id="oc-144">
         <name>.debug_info</name>
         <load_address>0x18ce5</load_address>
         <run_address>0x18ce5</run_address>
         <size>0x46</size>
         <input_file_ref idref="fl-f0"/>
      </object_component>
      <object_component id="oc-b5">
         <name>.debug_info</name>
         <load_address>0x18d2b</load_address>
         <run_address>0x18d2b</run_address>
         <size>0x39</size>
         <input_file_ref idref="fl-f0"/>
      </object_component>
      <object_component id="oc-22">
         <name>.debug_info</name>
         <load_address>0x18d64</load_address>
         <run_address>0x18d64</run_address>
         <size>0x100</size>
         <input_file_ref idref="fl-f1"/>
      </object_component>
      <object_component id="oc-6b">
         <name>.debug_info</name>
         <load_address>0x18e64</load_address>
         <run_address>0x18e64</run_address>
         <size>0x1a4</size>
         <input_file_ref idref="fl-f1"/>
      </object_component>
      <object_component id="oc-158">
         <name>.debug_info</name>
         <load_address>0x19008</load_address>
         <run_address>0x19008</run_address>
         <size>0x117</size>
         <input_file_ref idref="fl-f2"/>
      </object_component>
      <object_component id="oc-201">
         <name>.debug_info</name>
         <load_address>0x1911f</load_address>
         <run_address>0x1911f</run_address>
         <size>0x547</size>
         <input_file_ref idref="fl-f5"/>
      </object_component>
      <object_component id="oc-165">
         <name>.debug_info</name>
         <load_address>0x19666</load_address>
         <run_address>0x19666</run_address>
         <size>0x19b</size>
         <input_file_ref idref="fl-f5"/>
      </object_component>
      <object_component id="oc-25e">
         <name>.debug_info</name>
         <load_address>0x19801</load_address>
         <run_address>0x19801</run_address>
         <size>0x39</size>
         <input_file_ref idref="fl-f5"/>
      </object_component>
      <object_component id="oc-282">
         <name>.debug_info</name>
         <load_address>0x1983a</load_address>
         <run_address>0x1983a</run_address>
         <size>0x39</size>
         <input_file_ref idref="fl-f5"/>
      </object_component>
      <object_component id="oc-263">
         <name>.debug_info</name>
         <load_address>0x19873</load_address>
         <run_address>0x19873</run_address>
         <size>0x39</size>
         <input_file_ref idref="fl-f5"/>
      </object_component>
      <object_component id="oc-268">
         <name>.debug_info</name>
         <load_address>0x198ac</load_address>
         <run_address>0x198ac</run_address>
         <size>0xcd</size>
         <input_file_ref idref="fl-f5"/>
      </object_component>
      <object_component id="oc-d1">
         <name>.debug_info</name>
         <load_address>0x19979</load_address>
         <run_address>0x19979</run_address>
         <size>0x148</size>
         <input_file_ref idref="fl-f6"/>
      </object_component>
      <object_component id="oc-2bb">
         <name>.debug_info</name>
         <load_address>0x19ac1</load_address>
         <run_address>0x19ac1</run_address>
         <size>0x9b</size>
      </object_component>
      <object_component id="oc-af">
         <name>.debug_line</name>
         <load_address>0x0</load_address>
         <run_address>0x0</run_address>
         <size>0x41</size>
         <input_file_ref idref="fl-2"/>
      </object_component>
      <object_component id="oc-3c">
         <name>.debug_line</name>
         <load_address>0x41</load_address>
         <run_address>0x41</run_address>
         <size>0x41</size>
         <input_file_ref idref="fl-2"/>
      </object_component>
      <object_component id="oc-28">
         <name>.debug_line</name>
         <load_address>0x82</load_address>
         <run_address>0x82</run_address>
         <size>0xa1</size>
         <input_file_ref idref="fl-2"/>
      </object_component>
      <object_component id="oc-b3">
         <name>.debug_line</name>
         <load_address>0x123</load_address>
         <run_address>0x123</run_address>
         <size>0x69</size>
         <input_file_ref idref="fl-2"/>
      </object_component>
      <object_component id="oc-47">
         <name>.debug_line</name>
         <load_address>0x18c</load_address>
         <run_address>0x18c</run_address>
         <size>0x20</size>
         <input_file_ref idref="fl-2"/>
      </object_component>
      <object_component id="oc-142">
         <name>.debug_line</name>
         <load_address>0x1ac</load_address>
         <run_address>0x1ac</run_address>
         <size>0x6d</size>
         <input_file_ref idref="fl-2"/>
      </object_component>
      <object_component id="oc-1e0">
         <name>.debug_line</name>
         <load_address>0x219</load_address>
         <run_address>0x219</run_address>
         <size>0x69</size>
         <input_file_ref idref="fl-2"/>
      </object_component>
      <object_component id="oc-ac">
         <name>.debug_line</name>
         <load_address>0x282</load_address>
         <run_address>0x282</run_address>
         <size>0x6a</size>
         <input_file_ref idref="fl-2"/>
      </object_component>
      <object_component id="oc-1bd">
         <name>.debug_line</name>
         <load_address>0x2ec</load_address>
         <run_address>0x2ec</run_address>
         <size>0x68</size>
         <input_file_ref idref="fl-3"/>
      </object_component>
      <object_component id="oc-a2">
         <name>.debug_line</name>
         <load_address>0x354</load_address>
         <run_address>0x354</run_address>
         <size>0x11d</size>
         <input_file_ref idref="fl-3"/>
      </object_component>
      <object_component id="oc-ee">
         <name>.debug_line</name>
         <load_address>0x471</load_address>
         <run_address>0x471</run_address>
         <size>0x67</size>
         <input_file_ref idref="fl-3"/>
      </object_component>
      <object_component id="oc-120">
         <name>.debug_line</name>
         <load_address>0x4d8</load_address>
         <run_address>0x4d8</run_address>
         <size>0x6b</size>
         <input_file_ref idref="fl-3"/>
      </object_component>
      <object_component id="oc-91">
         <name>.debug_line</name>
         <load_address>0x543</load_address>
         <run_address>0x543</run_address>
         <size>0x6b</size>
         <input_file_ref idref="fl-3"/>
      </object_component>
      <object_component id="oc-1c1">
         <name>.debug_line</name>
         <load_address>0x5ae</load_address>
         <run_address>0x5ae</run_address>
         <size>0x60</size>
         <input_file_ref idref="fl-3"/>
      </object_component>
      <object_component id="oc-96">
         <name>.debug_line</name>
         <load_address>0x60e</load_address>
         <run_address>0x60e</run_address>
         <size>0x6c</size>
         <input_file_ref idref="fl-3"/>
      </object_component>
      <object_component id="oc-11b">
         <name>.debug_line</name>
         <load_address>0x67a</load_address>
         <run_address>0x67a</run_address>
         <size>0x67</size>
         <input_file_ref idref="fl-3"/>
      </object_component>
      <object_component id="oc-13e">
         <name>.debug_line</name>
         <load_address>0x6e1</load_address>
         <run_address>0x6e1</run_address>
         <size>0x10e</size>
         <input_file_ref idref="fl-4"/>
      </object_component>
      <object_component id="oc-39">
         <name>.debug_line</name>
         <load_address>0x7ef</load_address>
         <run_address>0x7ef</run_address>
         <size>0x97</size>
         <input_file_ref idref="fl-4"/>
      </object_component>
      <object_component id="oc-da">
         <name>.debug_line</name>
         <load_address>0x886</load_address>
         <run_address>0x886</run_address>
         <size>0x5f</size>
         <input_file_ref idref="fl-5"/>
      </object_component>
      <object_component id="oc-13a">
         <name>.debug_line</name>
         <load_address>0x8e5</load_address>
         <run_address>0x8e5</run_address>
         <size>0xeb</size>
         <input_file_ref idref="fl-6"/>
      </object_component>
      <object_component id="oc-21b">
         <name>.debug_line</name>
         <load_address>0x9d0</load_address>
         <run_address>0x9d0</run_address>
         <size>0x67</size>
         <input_file_ref idref="fl-7"/>
      </object_component>
      <object_component id="oc-219">
         <name>.debug_line</name>
         <load_address>0xa37</load_address>
         <run_address>0xa37</run_address>
         <size>0x45</size>
         <input_file_ref idref="fl-7"/>
      </object_component>
      <object_component id="oc-217">
         <name>.debug_line</name>
         <load_address>0xa7c</load_address>
         <run_address>0xa7c</run_address>
         <size>0x45</size>
         <input_file_ref idref="fl-7"/>
      </object_component>
      <object_component id="oc-f6">
         <name>.debug_line</name>
         <load_address>0xac1</load_address>
         <run_address>0xac1</run_address>
         <size>0xc8</size>
         <input_file_ref idref="fl-7"/>
      </object_component>
      <object_component id="oc-1a2">
         <name>.debug_line</name>
         <load_address>0xb89</load_address>
         <run_address>0xb89</run_address>
         <size>0x65</size>
         <input_file_ref idref="fl-7"/>
      </object_component>
      <object_component id="oc-21d">
         <name>.debug_line</name>
         <load_address>0xbee</load_address>
         <run_address>0xbee</run_address>
         <size>0x20</size>
         <input_file_ref idref="fl-8"/>
      </object_component>
      <object_component id="oc-fc">
         <name>.debug_line</name>
         <load_address>0xc0e</load_address>
         <run_address>0xc0e</run_address>
         <size>0xfb</size>
         <input_file_ref idref="fl-8"/>
      </object_component>
      <object_component id="oc-117">
         <name>.debug_line</name>
         <load_address>0xd09</load_address>
         <run_address>0xd09</run_address>
         <size>0x8a</size>
         <input_file_ref idref="fl-9"/>
      </object_component>
      <object_component id="oc-f1">
         <name>.debug_line</name>
         <load_address>0xd93</load_address>
         <run_address>0xd93</run_address>
         <size>0x43</size>
         <input_file_ref idref="fl-9"/>
      </object_component>
      <object_component id="oc-115">
         <name>.debug_line</name>
         <load_address>0xdd6</load_address>
         <run_address>0xdd6</run_address>
         <size>0x43</size>
         <input_file_ref idref="fl-9"/>
      </object_component>
      <object_component id="oc-33">
         <name>.debug_line</name>
         <load_address>0xe19</load_address>
         <run_address>0xe19</run_address>
         <size>0x145</size>
         <input_file_ref idref="fl-9"/>
      </object_component>
      <object_component id="oc-2e">
         <name>.debug_line</name>
         <load_address>0xf5e</load_address>
         <run_address>0xf5e</run_address>
         <size>0xd8</size>
         <input_file_ref idref="fl-a"/>
      </object_component>
      <object_component id="oc-194">
         <name>.debug_line</name>
         <load_address>0x1036</load_address>
         <run_address>0x1036</run_address>
         <size>0x143</size>
         <input_file_ref idref="fl-c"/>
      </object_component>
      <object_component id="oc-e9">
         <name>.debug_line</name>
         <load_address>0x1179</load_address>
         <run_address>0x1179</run_address>
         <size>0x44</size>
         <input_file_ref idref="fl-c"/>
      </object_component>
      <object_component id="oc-1af">
         <name>.debug_line</name>
         <load_address>0x11bd</load_address>
         <run_address>0x11bd</run_address>
         <size>0x44</size>
         <input_file_ref idref="fl-c"/>
      </object_component>
      <object_component id="oc-1b9">
         <name>.debug_line</name>
         <load_address>0x1201</load_address>
         <run_address>0x1201</run_address>
         <size>0x44</size>
         <input_file_ref idref="fl-c"/>
      </object_component>
      <object_component id="oc-1bb">
         <name>.debug_line</name>
         <load_address>0x1245</load_address>
         <run_address>0x1245</run_address>
         <size>0x44</size>
         <input_file_ref idref="fl-c"/>
      </object_component>
      <object_component id="oc-1b3">
         <name>.debug_line</name>
         <load_address>0x1289</load_address>
         <run_address>0x1289</run_address>
         <size>0x44</size>
         <input_file_ref idref="fl-c"/>
      </object_component>
      <object_component id="oc-1b7">
         <name>.debug_line</name>
         <load_address>0x12cd</load_address>
         <run_address>0x12cd</run_address>
         <size>0x44</size>
         <input_file_ref idref="fl-c"/>
      </object_component>
      <object_component id="oc-1b1">
         <name>.debug_line</name>
         <load_address>0x1311</load_address>
         <run_address>0x1311</run_address>
         <size>0x44</size>
         <input_file_ref idref="fl-c"/>
      </object_component>
      <object_component id="oc-1b5">
         <name>.debug_line</name>
         <load_address>0x1355</load_address>
         <run_address>0x1355</run_address>
         <size>0x44</size>
         <input_file_ref idref="fl-c"/>
      </object_component>
      <object_component id="oc-86">
         <name>.debug_line</name>
         <load_address>0x1399</load_address>
         <run_address>0x1399</run_address>
         <size>0xe13</size>
         <input_file_ref idref="fl-c"/>
      </object_component>
      <object_component id="oc-198">
         <name>.debug_line</name>
         <load_address>0x21ac</load_address>
         <run_address>0x21ac</run_address>
         <size>0x69</size>
         <input_file_ref idref="fl-c"/>
      </object_component>
      <object_component id="oc-19d">
         <name>.debug_line</name>
         <load_address>0x2215</load_address>
         <run_address>0x2215</run_address>
         <size>0x44</size>
         <input_file_ref idref="fl-c"/>
      </object_component>
      <object_component id="oc-9c">
         <name>.debug_line</name>
         <load_address>0x2259</load_address>
         <run_address>0x2259</run_address>
         <size>0x87</size>
         <input_file_ref idref="fl-d"/>
      </object_component>
      <object_component id="oc-1e5">
         <name>.debug_line</name>
         <load_address>0x22e0</load_address>
         <run_address>0x22e0</run_address>
         <size>0x20</size>
         <input_file_ref idref="fl-d"/>
      </object_component>
      <object_component id="oc-1d0">
         <name>.debug_line</name>
         <load_address>0x2300</load_address>
         <run_address>0x2300</run_address>
         <size>0xe7</size>
         <input_file_ref idref="fl-12"/>
      </object_component>
      <object_component id="oc-24b">
         <name>.debug_line</name>
         <load_address>0x23e7</load_address>
         <run_address>0x23e7</run_address>
         <size>0x4a</size>
         <input_file_ref idref="fl-1b"/>
      </object_component>
      <object_component id="oc-245">
         <name>.debug_line</name>
         <load_address>0x2431</load_address>
         <run_address>0x2431</run_address>
         <size>0x45</size>
         <input_file_ref idref="fl-1b"/>
      </object_component>
      <object_component id="oc-247">
         <name>.debug_line</name>
         <load_address>0x2476</load_address>
         <run_address>0x2476</run_address>
         <size>0x45</size>
         <input_file_ref idref="fl-1b"/>
      </object_component>
      <object_component id="oc-249">
         <name>.debug_line</name>
         <load_address>0x24bb</load_address>
         <run_address>0x24bb</run_address>
         <size>0x45</size>
         <input_file_ref idref="fl-1b"/>
      </object_component>
      <object_component id="oc-12d">
         <name>.debug_line</name>
         <load_address>0x2500</load_address>
         <run_address>0x2500</run_address>
         <size>0x640</size>
         <input_file_ref idref="fl-1b"/>
      </object_component>
      <object_component id="oc-27e">
         <name>.debug_line</name>
         <load_address>0x2b40</load_address>
         <run_address>0x2b40</run_address>
         <size>0x44</size>
         <input_file_ref idref="fl-1e"/>
      </object_component>
      <object_component id="oc-272">
         <name>.debug_line</name>
         <load_address>0x2b84</load_address>
         <run_address>0x2b84</run_address>
         <size>0x4a</size>
         <input_file_ref idref="fl-1e"/>
      </object_component>
      <object_component id="oc-274">
         <name>.debug_line</name>
         <load_address>0x2bce</load_address>
         <run_address>0x2bce</run_address>
         <size>0x4a</size>
         <input_file_ref idref="fl-1e"/>
      </object_component>
      <object_component id="oc-276">
         <name>.debug_line</name>
         <load_address>0x2c18</load_address>
         <run_address>0x2c18</run_address>
         <size>0x4a</size>
         <input_file_ref idref="fl-1e"/>
      </object_component>
      <object_component id="oc-278">
         <name>.debug_line</name>
         <load_address>0x2c62</load_address>
         <run_address>0x2c62</run_address>
         <size>0x4a</size>
         <input_file_ref idref="fl-1e"/>
      </object_component>
      <object_component id="oc-27a">
         <name>.debug_line</name>
         <load_address>0x2cac</load_address>
         <run_address>0x2cac</run_address>
         <size>0x4a</size>
         <input_file_ref idref="fl-1e"/>
      </object_component>
      <object_component id="oc-27c">
         <name>.debug_line</name>
         <load_address>0x2cf6</load_address>
         <run_address>0x2cf6</run_address>
         <size>0x4a</size>
         <input_file_ref idref="fl-1e"/>
      </object_component>
      <object_component id="oc-270">
         <name>.debug_line</name>
         <load_address>0x2d40</load_address>
         <run_address>0x2d40</run_address>
         <size>0x4a</size>
         <input_file_ref idref="fl-1e"/>
      </object_component>
      <object_component id="oc-1ca">
         <name>.debug_line</name>
         <load_address>0x2d8a</load_address>
         <run_address>0x2d8a</run_address>
         <size>0x2fb</size>
         <input_file_ref idref="fl-1e"/>
      </object_component>
      <object_component id="oc-24d">
         <name>.debug_line</name>
         <load_address>0x3085</load_address>
         <run_address>0x3085</run_address>
         <size>0x4a</size>
         <input_file_ref idref="fl-22"/>
      </object_component>
      <object_component id="oc-133">
         <name>.debug_line</name>
         <load_address>0x30cf</load_address>
         <run_address>0x30cf</run_address>
         <size>0x565</size>
         <input_file_ref idref="fl-22"/>
      </object_component>
      <object_component id="oc-23f">
         <name>.debug_line</name>
         <load_address>0x3634</load_address>
         <run_address>0x3634</run_address>
         <size>0x95</size>
         <input_file_ref idref="fl-27"/>
      </object_component>
      <object_component id="oc-239">
         <name>.debug_line</name>
         <load_address>0x36c9</load_address>
         <run_address>0x36c9</run_address>
         <size>0x47</size>
         <input_file_ref idref="fl-27"/>
      </object_component>
      <object_component id="oc-23d">
         <name>.debug_line</name>
         <load_address>0x3710</load_address>
         <run_address>0x3710</run_address>
         <size>0x47</size>
         <input_file_ref idref="fl-27"/>
      </object_component>
      <object_component id="oc-21f">
         <name>.debug_line</name>
         <load_address>0x3757</load_address>
         <run_address>0x3757</run_address>
         <size>0x47</size>
         <input_file_ref idref="fl-27"/>
      </object_component>
      <object_component id="oc-23b">
         <name>.debug_line</name>
         <load_address>0x379e</load_address>
         <run_address>0x379e</run_address>
         <size>0x47</size>
         <input_file_ref idref="fl-27"/>
      </object_component>
      <object_component id="oc-127">
         <name>.debug_line</name>
         <load_address>0x37e5</load_address>
         <run_address>0x37e5</run_address>
         <size>0x9be</size>
         <input_file_ref idref="fl-27"/>
      </object_component>
      <object_component id="oc-242">
         <name>.debug_line</name>
         <load_address>0x41a3</load_address>
         <run_address>0x41a3</run_address>
         <size>0x47</size>
         <input_file_ref idref="fl-27"/>
      </object_component>
      <object_component id="oc-4b">
         <name>.debug_line</name>
         <load_address>0x41ea</load_address>
         <run_address>0x41ea</run_address>
         <size>0x88</size>
         <input_file_ref idref="fl-ec"/>
      </object_component>
      <object_component id="oc-ce">
         <name>.debug_line</name>
         <load_address>0x4272</load_address>
         <run_address>0x4272</run_address>
         <size>0x79</size>
         <input_file_ref idref="fl-ed"/>
      </object_component>
      <object_component id="oc-151">
         <name>.debug_line</name>
         <load_address>0x42eb</load_address>
         <run_address>0x42eb</run_address>
         <size>0x9e</size>
         <input_file_ref idref="fl-ee"/>
      </object_component>
      <object_component id="oc-5d">
         <name>.debug_line</name>
         <load_address>0x4389</load_address>
         <run_address>0x4389</run_address>
         <size>0x4f</size>
         <input_file_ref idref="fl-ee"/>
      </object_component>
      <object_component id="oc-c7">
         <name>.debug_line</name>
         <load_address>0x43d8</load_address>
         <run_address>0x43d8</run_address>
         <size>0x34</size>
         <input_file_ref idref="fl-ee"/>
      </object_component>
      <object_component id="oc-14e">
         <name>.debug_line</name>
         <load_address>0x440c</load_address>
         <run_address>0x440c</run_address>
         <size>0x8a</size>
         <input_file_ref idref="fl-ee"/>
      </object_component>
      <object_component id="oc-c2">
         <name>.debug_line</name>
         <load_address>0x4496</load_address>
         <run_address>0x4496</run_address>
         <size>0x20</size>
         <input_file_ref idref="fl-ef"/>
      </object_component>
      <object_component id="oc-1b">
         <name>.debug_line</name>
         <load_address>0x44b6</load_address>
         <run_address>0x44b6</run_address>
         <size>0x55</size>
         <input_file_ref idref="fl-ef"/>
      </object_component>
      <object_component id="oc-52">
         <name>.debug_line</name>
         <load_address>0x450b</load_address>
         <run_address>0x450b</run_address>
         <size>0x3a</size>
         <input_file_ref idref="fl-ef"/>
      </object_component>
      <object_component id="oc-bf">
         <name>.debug_line</name>
         <load_address>0x4545</load_address>
         <run_address>0x4545</run_address>
         <size>0x8a</size>
         <input_file_ref idref="fl-ef"/>
      </object_component>
      <object_component id="oc-14a">
         <name>.debug_line</name>
         <load_address>0x45cf</load_address>
         <run_address>0x45cf</run_address>
         <size>0x20</size>
         <input_file_ref idref="fl-f0"/>
      </object_component>
      <object_component id="oc-15">
         <name>.debug_line</name>
         <load_address>0x45ef</load_address>
         <run_address>0x45ef</run_address>
         <size>0xa9</size>
         <input_file_ref idref="fl-f0"/>
      </object_component>
      <object_component id="oc-42">
         <name>.debug_line</name>
         <load_address>0x4698</load_address>
         <run_address>0x4698</run_address>
         <size>0x3a</size>
         <input_file_ref idref="fl-f0"/>
      </object_component>
      <object_component id="oc-147">
         <name>.debug_line</name>
         <load_address>0x46d2</load_address>
         <run_address>0x46d2</run_address>
         <size>0x92</size>
         <input_file_ref idref="fl-f0"/>
      </object_component>
      <object_component id="oc-b8">
         <name>.debug_line</name>
         <load_address>0x4764</load_address>
         <run_address>0x4764</run_address>
         <size>0x8e</size>
         <input_file_ref idref="fl-f0"/>
      </object_component>
      <object_component id="oc-7a">
         <name>.debug_line</name>
         <load_address>0x47f2</load_address>
         <run_address>0x47f2</run_address>
         <size>0x33</size>
         <input_file_ref idref="fl-f1"/>
      </object_component>
      <object_component id="oc-69">
         <name>.debug_line</name>
         <load_address>0x4825</load_address>
         <run_address>0x4825</run_address>
         <size>0x56</size>
         <input_file_ref idref="fl-f1"/>
      </object_component>
      <object_component id="oc-15a">
         <name>.debug_line</name>
         <load_address>0x487b</load_address>
         <run_address>0x487b</run_address>
         <size>0x3c</size>
         <input_file_ref idref="fl-f2"/>
      </object_component>
      <object_component id="oc-25d">
         <name>.debug_line</name>
         <load_address>0x48b7</load_address>
         <run_address>0x48b7</run_address>
         <size>0xb7</size>
         <input_file_ref idref="fl-f5"/>
      </object_component>
      <object_component id="oc-163">
         <name>.debug_line</name>
         <load_address>0x496e</load_address>
         <run_address>0x496e</run_address>
         <size>0x6c</size>
         <input_file_ref idref="fl-f5"/>
      </object_component>
      <object_component id="oc-261">
         <name>.debug_line</name>
         <load_address>0x49da</load_address>
         <run_address>0x49da</run_address>
         <size>0x2e</size>
         <input_file_ref idref="fl-f5"/>
      </object_component>
      <object_component id="oc-285">
         <name>.debug_line</name>
         <load_address>0x4a08</load_address>
         <run_address>0x4a08</run_address>
         <size>0x92</size>
         <input_file_ref idref="fl-f5"/>
      </object_component>
      <object_component id="oc-266">
         <name>.debug_line</name>
         <load_address>0x4a9a</load_address>
         <run_address>0x4a9a</run_address>
         <size>0x8f</size>
         <input_file_ref idref="fl-f5"/>
      </object_component>
      <object_component id="oc-26b">
         <name>.debug_line</name>
         <load_address>0x4b29</load_address>
         <run_address>0x4b29</run_address>
         <size>0x8b</size>
         <input_file_ref idref="fl-f5"/>
      </object_component>
      <object_component id="oc-d4">
         <name>.debug_line</name>
         <load_address>0x4bb4</load_address>
         <run_address>0x4bb4</run_address>
         <size>0x40</size>
         <input_file_ref idref="fl-f6"/>
      </object_component>
      <object_component id="oc-29">
         <name>.debug_frame</name>
         <load_address>0x0</load_address>
         <run_address>0x0</run_address>
         <size>0x90</size>
         <input_file_ref idref="fl-2"/>
      </object_component>
      <object_component id="oc-a3">
         <name>.debug_frame</name>
         <load_address>0x90</load_address>
         <run_address>0x90</run_address>
         <size>0xe8</size>
         <input_file_ref idref="fl-3"/>
      </object_component>
      <object_component id="oc-3a">
         <name>.debug_frame</name>
         <load_address>0x178</load_address>
         <run_address>0x178</run_address>
         <size>0x8c</size>
         <input_file_ref idref="fl-4"/>
      </object_component>
      <object_component id="oc-db">
         <name>.debug_frame</name>
         <load_address>0x204</load_address>
         <run_address>0x204</run_address>
         <size>0x5c</size>
         <input_file_ref idref="fl-5"/>
      </object_component>
      <object_component id="oc-13b">
         <name>.debug_frame</name>
         <load_address>0x260</load_address>
         <run_address>0x260</run_address>
         <size>0xa4</size>
         <input_file_ref idref="fl-6"/>
      </object_component>
      <object_component id="oc-f7">
         <name>.debug_frame</name>
         <load_address>0x304</load_address>
         <run_address>0x304</run_address>
         <size>0x9c</size>
         <input_file_ref idref="fl-7"/>
      </object_component>
      <object_component id="oc-fd">
         <name>.debug_frame</name>
         <load_address>0x3a0</load_address>
         <run_address>0x3a0</run_address>
         <size>0xb8</size>
         <input_file_ref idref="fl-8"/>
      </object_component>
      <object_component id="oc-34">
         <name>.debug_frame</name>
         <load_address>0x458</load_address>
         <run_address>0x458</run_address>
         <size>0xec</size>
         <input_file_ref idref="fl-9"/>
      </object_component>
      <object_component id="oc-87">
         <name>.debug_frame</name>
         <load_address>0x544</load_address>
         <run_address>0x544</run_address>
         <size>0x6b0</size>
         <input_file_ref idref="fl-c"/>
      </object_component>
      <object_component id="oc-9d">
         <name>.debug_frame</name>
         <load_address>0xbf4</load_address>
         <run_address>0xbf4</run_address>
         <size>0x74</size>
         <input_file_ref idref="fl-d"/>
      </object_component>
      <object_component id="oc-1d1">
         <name>.debug_frame</name>
         <load_address>0xc68</load_address>
         <run_address>0xc68</run_address>
         <size>0xbc</size>
         <input_file_ref idref="fl-12"/>
      </object_component>
      <object_component id="oc-12e">
         <name>.debug_frame</name>
         <load_address>0xd24</load_address>
         <run_address>0xd24</run_address>
         <size>0x564</size>
         <input_file_ref idref="fl-1b"/>
      </object_component>
      <object_component id="oc-1cb">
         <name>.debug_frame</name>
         <load_address>0x1288</load_address>
         <run_address>0x1288</run_address>
         <size>0x1d4</size>
         <input_file_ref idref="fl-1e"/>
      </object_component>
      <object_component id="oc-134">
         <name>.debug_frame</name>
         <load_address>0x145c</load_address>
         <run_address>0x145c</run_address>
         <size>0x3e0</size>
         <input_file_ref idref="fl-22"/>
      </object_component>
      <object_component id="oc-128">
         <name>.debug_frame</name>
         <load_address>0x183c</load_address>
         <run_address>0x183c</run_address>
         <size>0x5a8</size>
         <input_file_ref idref="fl-27"/>
      </object_component>
      <object_component id="oc-5e">
         <name>.debug_frame</name>
         <load_address>0x1de4</load_address>
[...]
         <name>IntDisable</name>
         <value>0x3f91</value>
         <object_component_ref idref="oc-1c6"/>
      </symbol>
      <symbol id="sm-543">
         <name>IntRegister</name>
         <value>0x3df3</value>
         <object_component_ref idref="oc-1c6"/>
      </symbol>
      <symbol id="sm-544">
         <name>IntPriorityGet</name>
         <value>0x3efb</value>
         <object_component_ref idref="oc-1c6"/>
      </symbol>
      <symbol id="sm-545">
         <name>IntMasterDisable</name>
         <value>0x3de3</value>
         <object_component_ref idref="oc-1c6"/>
      </symbol>
      <symbol id="sm-546">
         <name>IntUnregister</name>
         <value>0x3e45</value>
         <object_component_ref idref="oc-1c6"/>
      </symbol>
      <symbol id="sm-547">
         <name>IntPriorityMaskGet</name>
         <value>0x4153</value>
         <object_component_ref idref="oc-1c6"/>
      </symbol>
      <symbol id="sm-548">
         <name>g_pfnRAMVectors</name>
         <value>0x20000000</value>
         <object_component_ref idref="oc-220"/>
      </symbol>
      <symbol id="sm-549">
         <name>IntMasterEnable</name>
         <value>0x3dd3</value>
         <object_component_ref idref="oc-1c6"/>
      </symbol>
      <symbol id="sm-54a">
         <name>IntPendSet</name>
         <value>0x4089</value>
         <object_component_ref idref="oc-1c6"/>
      </symbol>
      <symbol id="sm-5cb">
         <name>PWMGenFaultTriggerSet</name>
         <value>0x3c59</value>
         <object_component_ref idref="oc-12f"/>
      </symbol>
      <symbol id="sm-5cc">
         <name>PWMClockGet</name>
         <value>0x3d33</value>
         <object_component_ref idref="oc-12f"/>
      </symbol>
      <symbol id="sm-5cd">
         <name>PWMGenFaultClear</name>
         <value>0x3cdd</value>
         <object_component_ref idref="oc-12f"/>
      </symbol>
      <symbol id="sm-5ce">
         <name>PWMGenPeriodSet</name>
         <value>0x3703</value>
         <object_component_ref idref="oc-12f"/>
      </symbol>
      <symbol id="sm-5cf">
         <name>PWMGenIntStatus</name>
         <value>0x3b67</value>
         <object_component_ref idref="oc-12f"/>
      </symbol>
      <symbol id="sm-5d0">
         <name>PWMFaultIntRegister</name>
         <value>0x3af3</value>
         <object_component_ref idref="oc-12f"/>
      </symbol>
      <symbol id="sm-5d1">
         <name>PWMGenIntTrigEnable</name>
         <value>0x3b2b</value>
         <object_component_ref idref="oc-12f"/>
      </symbol>
      <symbol id="sm-5d2">
         <name>PWMGenFaultStatus</name>
         <value>0x3ca7</value>
         <object_component_ref idref="oc-12f"/>
      </symbol>
      <symbol id="sm-5d3">
         <name>PWMGenDisable</name>
         <value>0x3777</value>
         <object_component_ref idref="oc-12f"/>
      </symbol>
      <symbol id="sm-5d4">
         <name>PWMDeadBandEnable</name>
         <value>0x3825</value>
         <object_component_ref idref="oc-12f"/>
      </symbol>
      <symbol id="sm-5d5">
         <name>PWMOutputUpdateMode</name>
         <value>0x3d5d</value>
         <object_component_ref idref="oc-12f"/>
      </symbol>
      <symbol id="sm-5d6">
         <name>PWMClockSet</name>
         <value>0x3d13</value>
         <object_component_ref idref="oc-12f"/>
      </symbol>
      <symbol id="sm-5d7">
         <name>PWMPulseWidthSet</name>
         <value>0x3791</value>
         <object_component_ref idref="oc-12f"/>
      </symbol>
      <symbol id="sm-5d8">
         <name>PWMFaultIntClearExt</name>
         <value>0x3c0b</value>
         <object_component_ref idref="oc-12f"/>
      </symbol>
      <symbol id="sm-5d9">
         <name>PWMIntDisable</name>
         <value>0x3bc1</value>
         <object_component_ref idref="oc-12f"/>
      </symbol>
      <symbol id="sm-5da">
         <name>PWMGenFaultConfigure</name>
         <value>0x3c29</value>
         <object_component_ref idref="oc-12f"/>
      </symbol>
      <symbol id="sm-5db">
         <name>PWMOutputFaultLevel</name>
         <value>0x3901</value>
         <object_component_ref idref="oc-12f"/>
      </symbol>
      <symbol id="sm-5dc">
         <name>PWMGenFaultTriggerGet</name>
         <value>0x3c83</value>
         <object_component_ref idref="oc-12f"/>
      </symbol>
      <symbol id="sm-5dd">
         <name>PWMOutputFault</name>
         <value>0x3933</value>
         <object_component_ref idref="oc-12f"/>
      </symbol>
      <symbol id="sm-5de">
         <name>PWMDeadBandDisable</name>
         <value>0x385d</value>
         <object_component_ref idref="oc-12f"/>
      </symbol>
      <symbol id="sm-5df">
         <name>PWMGenIntUnregister</name>
         <value>0x3a8d</value>
         <object_component_ref idref="oc-12f"/>
      </symbol>
      <symbol id="sm-5e0">
         <name>PWMGenIntClear</name>
         <value>0x3b91</value>
         <object_component_ref idref="oc-12f"/>
      </symbol>
      <symbol id="sm-5e1">
         <name>PWMSyncTimeBase</name>
         <value>0x388b</value>
         <object_component_ref idref="oc-12f"/>
      </symbol>
      <symbol id="sm-5e2">
         <name>PWMGenPeriodGet</name>
         <value>0x3733</value>
         <object_component_ref idref="oc-12f"/>
      </symbol>
      <symbol id="sm-5e3">
         <name>PWMSyncUpdate</name>
         <value>0x3879</value>
         <object_component_ref idref="oc-12f"/>
      </symbol>
      <symbol id="sm-5e4">
         <name>PWMGenIntRegister</name>
         <value>0x3a65</value>
         <object_component_ref idref="oc-12f"/>
      </symbol>
      <symbol id="sm-5e5">
         <name>PWMOutputState</name>
         <value>0x389d</value>
         <object_component_ref idref="oc-12f"/>
      </symbol>
      <symbol id="sm-5e6">
         <name>PWMGenEnable</name>
         <value>0x375d</value>
         <object_component_ref idref="oc-12f"/>
      </symbol>
      <symbol id="sm-5e7">
         <name>PWMFaultIntClear</name>
         <value>0x3bd9</value>
         <object_component_ref idref="oc-12f"/>
      </symbol>
      <symbol id="sm-5e8">
         <name>PWMIntStatus</name>
         <value>0x3beb</value>
         <object_component_ref idref="oc-12f"/>
      </symbol>
      <symbol id="sm-5e9">
         <name>PWMIntEnable</name>
         <value>0x3ba9</value>
         <object_component_ref idref="oc-12f"/>
      </symbol>
      <symbol id="sm-5ea">
         <name>PWMGenConfigure</name>
         <value>0x36b9</value>
         <object_component_ref idref="oc-12f"/>
      </symbol>
      <symbol id="sm-5eb">
         <name>PWMGenIntTrigDisable</name>
         <value>0x3b49</value>
         <object_component_ref idref="oc-12f"/>
      </symbol>
      <symbol id="sm-5ec">
         <name>PWMPulseWidthGet</name>
         <value>0x37db</value>
         <object_component_ref idref="oc-12f"/>
      </symbol>
      <symbol id="sm-5ed">
         <name>PWMOutputInvert</name>
         <value>0x38cf</value>
         <object_component_ref idref="oc-12f"/>
      </symbol>
      <symbol id="sm-5ee">
         <name>PWMFaultIntUnregister</name>
         <value>0x3b11</value>
         <object_component_ref idref="oc-12f"/>
      </symbol>
      <symbol id="sm-733">
         <name>SysCtlGPIOAHBEnable</name>
         <value>0x294f</value>
         <object_component_ref idref="oc-123"/>
      </symbol>
      <symbol id="sm-734">
         <name>SysCtlIntRegister</name>
         <value>0x202d</value>
         <object_component_ref idref="oc-123"/>
      </symbol>
      <symbol id="sm-735">
         <name>SysCtlFlashSizeGet</name>
         <value>0x1c6f</value>
         <object_component_ref idref="oc-123"/>
      </symbol>
      <symbol id="sm-736">
         <name>SysCtlPeripheralDeepSleepEnable</name>
         <value>0x1f41</value>
         <object_component_ref idref="oc-123"/>
      </symbol>
      <symbol id="sm-737">
         <name>SysCtlLDODeepSleepGet</name>
         <value>0x20d3</value>
         <object_component_ref idref="oc-123"/>
      </symbol>
      <symbol id="sm-738">
         <name>SysCtlFlashSectorSizeGet</name>
         <value>0x1c9b</value>
         <object_component_ref idref="oc-123"/>
      </symbol>
      <symbol id="sm-739">
         <name>SysCtlIntDisable</name>
         <value>0x2069</value>
         <object_component_ref idref="oc-123"/>
      </symbol>
      <symbol id="sm-73a">
         <name>SysCtlResetBehaviorGet</name>
         <value>0x21b9</value>
         <object_component_ref idref="oc-123"/>
      </symbol>
      <symbol id="sm-73b">
         <name>SysCtlPeripheralPresent</name>
         <value>0x1cc1</value>
         <object_component_ref idref="oc-123"/>
      </symbol>
      <symbol id="sm-73c">
         <name>SysCtlDeepSleepClockSet</name>
         <value>0x2877</value>
         <object_component_ref idref="oc-123"/>
      </symbol>
      <symbol id="sm-73d">
         <name>SysCtlClockSet</name>
         <value>0x2501</value>
         <object_component_ref idref="oc-123"/>
      </symbol>
      <symbol id="sm-73e">
         <name>SysCtlAltClkConfig</name>
         <value>0x2ae1</value>
         <object_component_ref idref="oc-123"/>
      </symbol>
      <symbol id="sm-73f">
         <name>SysCtlPeripheralClockGating</name>
         <value>0x1fd9</value>
         <object_component_ref idref="oc-123"/>
      </symbol>
      <symbol id="sm-740">
         <name>SysCtlIntStatus</name>
         <value>0x2091</value>
         <object_component_ref idref="oc-123"/>
      </symbol>
      <symbol id="sm-741">
         <name>SysCtlIntClear</name>
         <value>0x2081</value>
         <object_component_ref idref="oc-123"/>
      </symbol>
      <symbol id="sm-742">
         <name>SysCtlVoltageEventStatus</name>
         <value>0x29b5</value>
         <object_component_ref idref="oc-123"/>
      </symbol>
      <symbol id="sm-743">
         <name>SysCtlVoltageEventConfig</name>
         <value>0x29a5</value>
         <object_component_ref idref="oc-123"/>
      </symbol>
      <symbol id="sm-744">
         <name>SysCtlResetCauseGet</name>
         <value>0x2129</value>
         <object_component_ref idref="oc-123"/>
      </symbol>
      <symbol id="sm-745">
         <name>SysCtlSleep</name>
         <value>0x2105</value>
         <object_component_ref idref="oc-123"/>
      </symbol>
      <symbol id="sm-746">
         <name>SysCtlPWMClockGet</name>
         <value>0x2939</value>
         <object_component_ref idref="oc-123"/>
      </symbol>
      <symbol id="sm-747">
         <name>SysCtlDeepSleepPowerSet</name>
         <value>0x20ed</value>
         <object_component_ref idref="oc-123"/>
      </symbol>
      <symbol id="sm-748">
         <name>SysCtlClockOutConfig</name>
         <value>0x2ac5</value>
         <object_component_ref idref="oc-123"/>
      </symbol>
      <symbol id="sm-749">
         <name>SysCtlNMIStatus</name>
         <value>0x2a95</value>
         <object_component_ref idref="oc-123"/>
      </symbol>
      <symbol id="sm-74a">
         <name>SysCtlDeepSleepClockConfigSet</name>
         <value>0x2895</value>
         <object_component_ref idref="oc-123"/>
      </symbol>
      <symbol id="sm-74b">
         <name>SysCtlDelay</name>
         <value>0x4b0f</value>
         <object_component_ref idref="oc-1db"/>
      </symbol>
      <symbol id="sm-74c">
         <name>SysCtlVoltageEventClear</name>
         <value>0x29c1</value>
         <object_component_ref idref="oc-123"/>
      </symbol>
      <symbol id="sm-74d">
         <name>SysCtlLDOSleepSet</name>
         <value>0x20ad</value>
         <object_component_ref idref="oc-123"/>
      </symbol>
      <symbol id="sm-74e">
         <name>SysCtlMOSCConfigSet</name>
         <value>0x2143</value>
         <object_component_ref idref="oc-123"/>
      </symbol>
      <symbol id="sm-74f">
         <name>SysCtlPeripheralEnable</name>
         <value>0x1e41</value>
         <object_component_ref idref="oc-123"/>
      </symbol>
      <symbol id="sm-750">
         <name>SysCtlIntEnable</name>
         <value>0x2055</value>
         <object_component_ref idref="oc-123"/>
      </symbol>
      <symbol id="sm-751">
         <name>SysCtlNMIClear</name>
         <value>0x2aa9</value>
         <object_component_ref idref="oc-123"/>
      </symbol>
      <symbol id="sm-752">
         <name>SysCtlPeripheralPowerOff</name>
         <value>0x1d7d</value>
         <object_component_ref idref="oc-123"/>
      </symbol>
      <symbol id="sm-753">
         <name>SysCtlSleepPowerSet</name>
         <value>0x20d9</value>
         <object_component_ref idref="oc-123"/>
      </symbol>
      <symbol id="sm-754">
         <name>SysCtlDeepSleep</name>
         <value>0x210d</value>
         <object_component_ref idref="oc-123"/>
      </symbol>
      <symbol id="sm-755">
         <name>SysCtlLDODeepSleepSet</name>
         <value>0x20c3</value>
         <object_component_ref idref="oc-123"/>
      </symbol>
      <symbol id="sm-756">
         <name>SysCtlPeripheralPowerOn</name>
         <value>0x1d41</value>
         <object_component_ref idref="oc-123"/>
      </symbol>
      <symbol id="sm-757">
         <name>SysCtlPeripheralDeepSleepDisable</name>
         <value>0x1f91</value>
         <object_component_ref idref="oc-123"/>
      </symbol>
      <symbol id="sm-758">
         <name>SysCtlPeripheralSleepDisable</name>
         <value>0x1f05</value>
         <object_component_ref idref="oc-123"/>
      </symbol>
      <symbol id="sm-759">
         <name>SysCtlVCOGet</name>
         <value>0x29d9</value>
         <object_component_ref idref="oc-123"/>
      </symbol>
      <symbol id="sm-75a">
         <name>SysCtlResetBehaviorSet</name>
         <value>0x21a9</value>
         <object_component_ref idref="oc-123"/>
      </symbol>
      <symbol id="sm-75b">
         <name>SysCtlReset</name>
         <value>0x20fd</value>
         <object_component_ref idref="oc-123"/>
      </symbol>
      <symbol id="sm-75c">
         <name>SysCtlGPIOAHBDisable</name>
         <value>0x296b</value>
         <object_component_ref idref="oc-123"/>
      </symbol>
      <symbol id="sm-75d">
         <name>SysCtlSRAMSizeGet</name>
         <value>0x1c65</value>
         <object_component_ref idref="oc-123"/>
      </symbol>
      <symbol id="sm-75e">
         <name>SysCtlClockGet</name>
         <value>0x26d1</value>
         <object_component_ref idref="oc-123"/>
      </symbol>
      <symbol id="sm-75f">
         <name>SysCtlPeripheralDisable</name>
         <value>0x1e7d</value>
         <object_component_ref idref="oc-123"/>
      </symbol>
      <symbol id="sm-760">
         <name>SysCtlPWMClockSet</name>
         <value>0x291f</value>
         <object_component_ref idref="oc-123"/>
      </symbol>
      <symbol id="sm-761">
         <name>SysCtlUSBPLLEnable</name>
         <value>0x2987</value>
         <object_component_ref idref="oc-123"/>
      </symbol>
      <symbol id="sm-762">
         <name>SysCtlPeripheralSleepEnable</name>
         <value>0x1ec1</value>
         <object_component_ref idref="oc-123"/>
      </symbol>
      <symbol id="sm-763">
         <name>SysCtlIntUnregister</name>
         <value>0x2045</value>
         <object_component_ref idref="oc-123"/>
      </symbol>
      <symbol id="sm-764">
         <name>SysCtlUSBPLLDisable</name>
         <value>0x2993</value>
         <object_component_ref idref="oc-123"/>
      </symbol>
      <symbol id="sm-765">
         <name>SysCtlPeripheralReady</name>
         <value>0x1d01</value>
         <object_component_ref idref="oc-123"/>
      </symbol>
      <symbol id="sm-766">
         <name>SysCtlPIOSCCalibrate</name>
         <value>0x2159</value>
         <object_component_ref idref="oc-123"/>
      </symbol>
      <symbol id="sm-767">
         <name>SysCtlResetCauseClear</name>
         <value>0x212f</value>
         <object_component_ref idref="oc-123"/>
      </symbol>
      <symbol id="sm-768">
         <name>SysCtlLDOSleepGet</name>
         <value>0x20bd</value>
         <object_component_ref idref="oc-123"/>
      </symbol>
      <symbol id="sm-769">
         <name>SysCtlClockFreqSet</name>
         <value>0x2209</value>
         <object_component_ref idref="oc-123"/>
      </symbol>
      <symbol id="sm-76a">
         <name>SysCtlPeripheralReset</name>
         <value>0x1db9</value>
         <object_component_ref idref="oc-123"/>
      </symbol>
      <symbol id="sm-78c">
         <name>memcpy</name>
         <value>0x47ed</value>
         <object_component_ref idref="oc-49"/>
      </symbol>
      <symbol id="sm-78d">
         <name>__aeabi_memcpy</name>
         <value>0x47ed</value>
         <object_component_ref idref="oc-49"/>
      </symbol>
      <symbol id="sm-78e">
         <name>__aeabi_memcpy8</name>
         <value>0x47ed</value>
         <object_component_ref idref="oc-49"/>
      </symbol>
      <symbol id="sm-78f">
         <name>__aeabi_memcpy4</name>
         <value>0x47ed</value>
         <object_component_ref idref="oc-49"/>
      </symbol>
      <symbol id="sm-79e">
         <name>__aeabi_memset</name>
         <value>0x488b</value>
         <object_component_ref idref="oc-ca"/>
      </symbol>
      <symbol id="sm-79f">
         <name>memset</name>
         <value>0x4891</value>
         <object_component_ref idref="oc-ca"/>
      </symbol>
      <symbol id="sm-7a0">
         <name>__aeabi_memset8</name>
         <value>0x488b</value>
         <object_component_ref idref="oc-ca"/>
      </symbol>
      <symbol id="sm-7a1">
         <name>__aeabi_memset4</name>
         <value>0x488b</value>
         <object_component_ref idref="oc-ca"/>
      </symbol>
      <symbol id="sm-7a2">
         <name>__aeabi_memclr8</name>
         <value>0x4889</value>
         <object_component_ref idref="oc-ca"/>
      </symbol>
      <symbol id="sm-7a3">
         <name>__aeabi_memclr4</name>
         <value>0x4889</value>
         <object_component_ref idref="oc-ca"/>
      </symbol>
      <symbol id="sm-7a4">
         <name>__aeabi_memclr</name>
         <value>0x4889</value>
         <object_component_ref idref="oc-ca"/>
      </symbol>
      <symbol id="sm-7bb">
         <name>__TI_zero_init</name>
         <value>0x4af7</value>
         <object_component_ref idref="oc-5b"/>
      </symbol>
      <symbol id="sm-7d2">
         <name>__TI_decompress_none</name>
         <value>0x4ae9</value>
         <object_component_ref idref="oc-18"/>
      </symbol>
      <symbol id="sm-7f5">
         <name>__TI_decompress_lzss</name>
         <value>0x4979</value>
         <object_component_ref idref="oc-12"/>
      </symbol>
      <symbol id="sm-808">
         <name>__stack</name>
         <value>0x20005168</value>
         <object_component_ref idref="oc-21"/>
      </symbol>
      <symbol id="sm-809">
         <name>_c_int00_noargs</name>
         <value>0x4ab1</value>
         <object_component_ref idref="oc-67"/>
      </symbol>
      <symbol id="sm-814">
         <name>C$$EXIT</name>
         <value>0x4b19</value>
         <object_component_ref idref="oc-155"/>
      </symbol>
      <symbol id="sm-815">
         <name>abort</name>
         <value>0x4b19</value>
         <object_component_ref idref="oc-155"/>
      </symbol>
      <symbol id="sm-83f">
         <name>__TI_auto_init_nobinit_nopinit</name>
         <value>0x4a2d</value>
         <object_component_ref idref="oc-161"/>
      </symbol>
      <symbol id="sm-849">
         <name>_system_pre_init</name>
         <value>0x4b15</value>
         <object_component_ref idref="oc-d0"/>
      </symbol>
      <symbol id="sm-84b">
         <name>__TI_static_base__</name>
         <value>0x0</value>
      </symbol>
      <symbol id="sm-84e">
         <name>__mpu_init</name>
         <value>0x0</value>
      </symbol>
      <symbol id="sm-84f">
         <name>_system_post_cinit</name>
         <value>0x0</value>
      </symbol>
   </symbol_table>
   <title>Link successful</title>
</link_info>
