******************************************************************************
                  TI ARM Linker PC v18.12.3                    
******************************************************************************
>> Linked Thu Dec 12 22:21:23 2019

OUTPUT FILE NAME:   <CarProj.out>
ENTRY POINT SYMBOL: "_c_int00_noargs"  address: 000059ad


MEMORY CONFIGURATION

         name            origin    length      used     unused   attr    fill
----------------------  --------  ---------  --------  --------  ----  --------
  FLASH                 00000000   00040000  000060a8  00039f58  R  X
  SRAM                  20000000   00008000  000053d4  00002c2c  RW X


SEGMENT ALLOCATION MAP

run origin  load origin   length   init length attrs members
----------  ----------- ---------- ----------- ----- -------
00000000    00000000    000060a8   000060a8    r-x
  00000000    00000000    0000026c   0000026c    r-- .intvecs
  0000026c    0000026c    000057c8   000057c8    r-x .text
  00005a34    00005a34    0000062c   0000062c    r-- .const
  00006060    00006060    00000048   00000048    r-- .cinit
20000000    20000000    000053d8   00000000    rw-
  20000000    20000000    0000026c   00000000    rw- .vtable
  2000026c    2000026c    00004f20   00000000    rw- .bss
  20005190    20005190    00000200   00000000    rw- .stack
  20005390    20005390    00000048   00000000    rw- .data


SECTION ALLOCATION MAP

 output                                  attributes/
section   page    origin      length       input sections
--------  ----  ----------  ----------   ----------------
.intvecs   0    00000000    0000026c     
                  00000000    0000026c     tm4c123gh6pm_startup_ccs.obj (.intvecs)

.text      0    0000026c    000057c8     
                  0000026c    000019d4     tasks.obj (.text)
                  00001c40    00000f80     sysctl.obj (.text)
                  00002bc0    00000b94     gpio.obj (.text)
                  00003754    00000718     pwm.obj (.text)
                  00003e6c    00000642     timer.obj (.text)
                  000044ae    00000002     --HOLE-- [fill = 0]
                  000044b0    000003c0     interrupt.obj (.text)
                  00004870    000002ec     LCD_t.obj (.text)
                  00004b5c    0000013c     port.obj (.text)
                  00004c98    00000136     rtsv7M4_T_le_v4SPD16_eabi.lib : fd_div_t2.asm.obj (.text)
                  00004dce    00000132     list.obj (.text)
                  00004f00    00000104     Icu.obj (.text)
                  00005004    000000fc     rtsv7M4_T_le_v4SPD16_eabi.lib : fd_mul_t2.asm.obj (.text)
                  00005100    000000e4     PWM.obj (.text)
                  000051e4    000000dc     DC_Motor.obj (.text)
                  000052c0    000000da     portasm.obj (.text)
                  0000539a    000000d2     CarControl.obj (.text)
                  0000546c    000000b8     testApp.obj (.text)
                  00005524    000000ac     Tasks.obj (.text)
                  000055d0    000000a4     Ultrasonic.obj (.text)
                  00005674    0000009c     heap_1.obj (.text)
                  00005710    0000009c     rtsv7M4_T_le_v4SPD16_eabi.lib : memcpy_t2.asm.obj (.text)
                  000057ac    0000007a                                   : memset_t2.asm.obj (.text)
                  00005826    00000068                                   : copy_decompress_lzss.c.obj (.text:decompress:lzss:__TI_decompress_lzss)
                  0000588e    00000002     --HOLE-- [fill = 0]
                  00005890    00000054     Ext_Int.obj (.text)
                  000058e4    00000044     rtsv7M4_T_le_v4SPD16_eabi.lib : autoinit.c.obj (.text:__TI_auto_init_nobinit_nopinit:__TI_auto_init_nobinit_nopinit)
                  00005928    00000044                                   : fd_tou_t2.asm.obj (.text)
                  0000596c    0000003e     cpu.obj (.text)
                  000059aa    00000002     --HOLE-- [fill = 0]
                  000059ac    00000034     rtsv7M4_T_le_v4SPD16_eabi.lib : boot_cortex_m.c.obj (.text:_c_int00_noargs:_c_int00_noargs)
                  000059e0    00000020                                   : u_tofd_t2.asm.obj (.text)
                  00005a00    0000000e                                   : copy_decompress_none.c.obj (.text:decompress:none:__TI_decompress_none)
                  00005a0e    0000000c                                   : copy_zero_init.c.obj (.text:decompress:ZI:__TI_zero_init)
                  00005a1a    0000000c     tm4c123gh6pm_startup_ccs.obj (.text)
                  00005a26    00000006     sysctl.obj (.text:SysCtlDelay)
                  00005a2c    00000004     rtsv7M4_T_le_v4SPD16_eabi.lib : pre_init.c.obj (.text:_system_pre_init)
                  00005a30    00000004                                   : exit.c.obj (.text:abort:abort)

.const     0    00005a34    0000062c     
                  00005a34    000001b0     sysctl.obj (.const:g_pppui32XTALtoVCO)
                  00005be4    000000d8     gpio.obj (.const:g_ppui32GPIOIntMapSnowflake)
                  00005cbc    000000c0     gpio.obj (.const:g_ppui32GPIOIntMapBlizzard)
                  00005d7c    0000009c     interrupt.obj (.const:g_pui32Regs)
                  00005e18    00000090     gpio.obj (.const:g_pui32GPIOBaseAddrs)
                  00005ea8    0000006c     sysctl.obj (.const:g_pui32Xtals)
                  00005f14    00000060     timer.obj (.const:g_ppui32TimerIntMap)
                  00005f74    00000040     timer.obj (.const:g_ppui32TimerIntMapSnowflake)
                  00005fb4    00000030     sysctl.obj (.const:g_sXTALtoMEMTIM)
                  00005fe4    00000020     interrupt.obj (.const:g_pui32Priority)
                  00006004    00000014     interrupt.obj (.const:g_pui32Dii16Regs)
                  00006018    00000014     interrupt.obj (.const:g_pui32EnRegs)
                  0000602c    00000014     interrupt.obj (.const:g_pui32PendRegs)
                  00006040    00000014     interrupt.obj (.const:g_pui32UnpendRegs)
                  00006054    00000008     sysctl.obj (.const:g_pui32VCOFrequencies)
                  0000605c    00000004     port.obj (.const)

.cinit     0    00006060    00000048     
                  00006060    00000012     (.cinit..data.load) [load image, compression = lzss]
                  00006072    00000002     --HOLE-- [fill = 0]
                  00006074    0000000c     (__TI_handler_table)
                  00006080    00000008     (.cinit..bss.load) [load image, compression = zero_init]
                  00006088    00000008     (.cinit..vtable.load) [load image, compression = zero_init]
                  00006090    00000018     (__TI_cinit_table)

.init_array 
*          0    00000000    00000000     UNINITIALIZED

.vtable    0    20000000    0000026c     UNINITIALIZED
                  20000000    0000026c     interrupt.obj (.vtable)

.bss       0    2000026c    00004f20     UNINITIALIZED
                  2000026c    00004e20     heap_1.obj (.bss:ucHeap)
                  2000508c    00000078     tasks.obj (.bss:pxReadyTasksLists)
                  20005104    00000014     tasks.obj (.bss:xDelayedTaskList1)
                  20005118    00000014     tasks.obj (.bss:xDelayedTaskList2)
                  2000512c    00000014     tasks.obj (.bss:xPendingReadyList)
                  20005140    00000014     tasks.obj (.bss:xSuspendedTaskList)
                  20005154    00000014     tasks.obj (.bss:xTasksWaitingTermination)
                  20005168    00000008     tasks.obj (.bss)
                  20005170    00000008     Icu.obj (.bss)
                  20005178    00000004     (.common:CarTaskLogic_Handle)
                  2000517c    00000004     (.common:Init_Task_Handle)
                  20005180    00000004     (.common:Ultarsonic_Task_Handle)
                  20005184    00000004     (.common:UltrasonicDistanc)
                  20005188    00000004     (.common:ptr)

.data      0    20005390    00000048     UNINITIALIZED
                  20005390    00000034     tasks.obj (.data)
                  200053c4    00000008     Icu.obj (.data)
                  200053cc    00000008     heap_1.obj (.data)
                  200053d4    00000004     port.obj (.data)

.stack     0    20005190    00000200     UNINITIALIZED
                  20005190    00000004     rtsv7M4_T_le_v4SPD16_eabi.lib : boot_cortex_m.c.obj (.stack)
                  20005194    000001fc     --HOLE--

MODULE SUMMARY

       Module                         code    ro data   rw data
       ------                         ----    -------   -------
    .\
       tm4c123gh6pm_startup_ccs.obj   12      620       0      
    +--+------------------------------+-------+---------+---------+
       Total:                         12      620       0      
                                                               
    .\App\CarControl\src\
       CarControl.obj                 210     0         0      
    +--+------------------------------+-------+---------+---------+
       Total:                         210     0         0      
                                                               
    .\App\testApp\src\
       Tasks.obj                      172     0         12     
       testApp.obj                    184     0         0      
    +--+------------------------------+-------+---------+---------+
       Total:                         356     0         12     
                                                               
    .\Ecual\Dc_Motor\src\
       DC_Motor.obj                   220     0         0      
    +--+------------------------------+-------+---------+---------+
       Total:                         220     0         0      
                                                               
    .\Ecual\Icu\src\
       Icu.obj                        260     0         16     
    +--+------------------------------+-------+---------+---------+
       Total:                         260     0         16     
                                                               
    .\Ecual\Lcd\src\
       LCD_t.obj                      748     0         0      
    +--+------------------------------+-------+---------+---------+
       Total:                         748     0         0      
                                                               
    .\Ecual\Ultrasonic\src\
       Ultrasonic.obj                 164     0         4      
    +--+------------------------------+-------+---------+---------+
       Total:                         164     0         4      
                                                               
    .\Firmware\FreeRtos\src\
       heap_1.obj                     156     0         20008  
       tasks.obj                      6612    0         280    
       port.obj                       316     4         4      
       list.obj                       306     0         0      
       portasm.obj                    218     0         0      
    +--+------------------------------+-------+---------+---------+
       Total:                         7608    4         20292  
                                                               
    .\Mcal\Ext_Int\src\
       Ext_Int.obj                    84      0         4      
    +--+------------------------------+-------+---------+---------+
       Total:                         84      0         4      
                                                               
    .\Mcal\PWM\src\
       PWM.obj                        228     0         0      
    +--+------------------------------+-------+---------+---------+
       Total:                         228     0         0      
                                                               
    .\Mcal\Tivaware\driverlib\
       sysctl.obj                     3974    596       0      
       gpio.obj                       2964    552       0      
       interrupt.obj                  960     268       620    
       pwm.obj                        1816    0         0      
       timer.obj                      1602    160       0      
       cpu.obj                        62      0         0      
    +--+------------------------------+-------+---------+---------+
       Total:                         11378   1576      620    
                                                               
    E:\programs\eng .. programms\Coding\CCS9.2.0.00013_win64\ccs\tools\compiler\ti-cgt-arm_18.12.3.LTS\lib\rtsv7M4_T_le_v4SPD16_eabi.lib
       fd_div_t2.asm.obj              310     0         0      
       fd_mul_t2.asm.obj              252     0         0      
       memcpy_t2.asm.obj              156     0         0      
       memset_t2.asm.obj              122     0         0      
       copy_decompress_lzss.c.obj     104     0         0      
       autoinit.c.obj                 68      0         0      
       fd_tou_t2.asm.obj              68      0         0      
       boot_cortex_m.c.obj            52      0         0      
       u_tofd_t2.asm.obj              32      0         0      
       copy_decompress_none.c.obj     14      0         0      
       copy_zero_init.c.obj           12      0         0      
       exit.c.obj                     4       0         0      
       pre_init.c.obj                 4       0         0      
    +--+------------------------------+-------+---------+---------+
       Total:                         1198    0         0      
                                                               
       Stack:                         0       0         512    
       Linker Generated:              0       70        0      
    +--+------------------------------+-------+---------+---------+
       Grand Total:                   22466   2270      21460  


LINKER GENERATED COPY TABLES

__TI_cinit_table @ 00006090 records: 3, size/record: 8, table size: 24
	.data: load addr=00006060, load size=00000012 bytes, run addr=20005390, run size=00000048 bytes, compression=lzss
	.bss: load addr=00006080, load size=00000008 bytes, run addr=2000026c, run size=00004f20 bytes, compression=zero_init
	.vtable: load addr=00006088, load size=00000008 bytes, run addr=20000000, run size=0000026c bytes, compression=zero_init


LINKER GENERATED HANDLER TABLE

__TI_handler_table @ 00006074 records: 3, size/record: 4, table size: 12
	index: 0, handler: __TI_zero_init
	index: 1, handler: __TI_decompress_lzss
	index: 2, handler: __TI_decompress_none


GLOBAL SYMBOLS: SORTED ALPHABETICALLY BY Name 

address   name                             
-------   ----                             
00005a31  C$$EXIT                          
000059a1  CPUbasepriGet                    
00005993  CPUbasepriSet                    
0000596d  CPUcpsid                         
00005983  CPUcpsie                         
00005979  CPUprimask                       
0000598f  CPUwfi                           
000058c9  CallBack                         
000053b3  CarControlLogic                  
00005421  CarMove__Backward                
0000540d  CarMove__Forward                 
00005449  CarMove__RotateLeft              
00005435  CarMove__RotateRight             
0000545d  CarStop                          
0000556b  CarTaskLogic                     
20005178  CarTaskLogic_Handle              
0000539b  Car_Init                         
000051e5  DC_Motor_Init                    
0000522d  DC_Motor_Set_Direction           
00005219  DC_Motor_Set_Speed               
0000528b  DC_Motor_Stop                    
00005891  ExtInt_Init                      
0000372d  GPIOADCTriggerDisable            
0000370f  GPIOADCTriggerEnable             
000036f1  GPIODMATriggerDisable            
000036d3  GPIODMATriggerEnable             
00002c7b  GPIODirModeGet                   
00002c1f  GPIODirModeSet                   
000031e3  GPIOIntClear                     
000031a7  GPIOIntDisable                   
0000318d  GPIOIntEnable                    
000031f7  GPIOIntRegister                  
0000322f  GPIOIntRegisterPin               
000031c1  GPIOIntStatus                    
00002d6b  GPIOIntTypeGet                   
00002cc7  GPIOIntTypeSet                   
00003215  GPIOIntUnregister                
0000325d  GPIOIntUnregisterPin             
0000303b  GPIOPadConfigGet                 
00002e01  GPIOPadConfigSet                 
00003675  GPIOPinConfigure                 
00003281  GPIOPinRead                      
000032b9  GPIOPinTypeADC                   
000032dd  GPIOPinTypeCAN                   
00003301  GPIOPinTypeComparator            
00003325  GPIOPinTypeComparatorOutput      
00003349  GPIOPinTypeDIVSCLK               
0000336d  GPIOPinTypeEPI                   
00003391  GPIOPinTypeEthernetLED           
000033b5  GPIOPinTypeEthernetMII           
000033d9  GPIOPinTypeGPIOInput             
000033fd  GPIOPinTypeGPIOOutput            
00003421  GPIOPinTypeGPIOOutputOD          
00003445  GPIOPinTypeHibernateRTCCLK       
00003469  GPIOPinTypeI2C                   
0000348d  GPIOPinTypeI2CSCL                
000034b1  GPIOPinTypeLCD                   
000034d5  GPIOPinTypeOneWire               
000034f9  GPIOPinTypePWM                   
0000351d  GPIOPinTypeQEI                   
00003541  GPIOPinTypeSSI                   
00003565  GPIOPinTypeTimer                 
00003589  GPIOPinTypeTrace                 
000035ad  GPIOPinTypeUART                  
000035d1  GPIOPinTypeUSBAnalog             
000035f5  GPIOPinTypeUSBDigital            
00003619  GPIOPinTypeWakeHigh              
0000363f  GPIOPinTypeWakeLow               
00003665  GPIOPinWakeStatus                
00003299  GPIOPinWrite                     
00004fd5  ICU_Enable                       
00005525  Init_Task                        
2000517c  Init_Task_Handle                 
00004671  IntDisable                       
000045ff  IntEnable                        
000046e3  IntIsEnabled                     
000044c3  IntMasterDisable                 
000044b3  IntMasterEnable                  
000047d9  IntPendClear                     
00004769  IntPendSet                       
000045db  IntPriorityGet                   
00004553  IntPriorityGroupingGet           
00004539  IntPriorityGroupingSet           
00004833  IntPriorityMaskGet               
00004827  IntPriorityMaskSet               
0000458b  IntPrioritySet                   
000044d3  IntRegister                      
0000483b  IntTrigger                       
00004525  IntUnregister                    
00004b41  LCD_clearScreen                  
000049b1  LCD_displayCharacter             
00004aa7  LCD_displayString                
00004acd  LCD_displayStringRowColumn       
00004a43  LCD_init                         
00004b25  LCD_intgerToString               
00003dcf  PWMClockGet                      
00003daf  PWMClockSet                      
000038f9  PWMDeadBandDisable               
000038c1  PWMDeadBandEnable                
00003c75  PWMFaultIntClear                 
00003ca7  PWMFaultIntClearExt              
00003b8f  PWMFaultIntRegister              
00003bad  PWMFaultIntUnregister            
00003755  PWMGenConfigure                  
00003813  PWMGenDisable                    
000037f9  PWMGenEnable                     
00003d79  PWMGenFaultClear                 
00003cc5  PWMGenFaultConfigure             
00003d43  PWMGenFaultStatus                
00003d1f  PWMGenFaultTriggerGet            
00003cf5  PWMGenFaultTriggerSet            
00003c2d  PWMGenIntClear                   
00003b01  PWMGenIntRegister                
00003c03  PWMGenIntStatus                  
00003be5  PWMGenIntTrigDisable             
00003bc7  PWMGenIntTrigEnable              
00003b29  PWMGenIntUnregister              
000037cf  PWMGenPeriodGet                  
0000379f  PWMGenPeriodSet                  
00003c5d  PWMIntDisable                    
00003c45  PWMIntEnable                     
00003c87  PWMIntStatus                     
000039cf  PWMOutputFault                   
0000399d  PWMOutputFaultLevel              
0000396b  PWMOutputInvert                  
00003939  PWMOutputState                   
00003df9  PWMOutputUpdateMode              
00003877  PWMPulseWidthGet                 
0000382d  PWMPulseWidthSet                 
00003927  PWMSyncTimeBase                  
00003915  PWMSyncUpdate                    
00005101  PWM_Init                         
0000516b  PWM_SetDutyCycle                 
000058b7  PortAIntHandler                  
00005a1b  ResetISR                         
00004f87  SwICU_Init                       
00004fc3  SwICU_Read                       
00002b7d  SysCtlAltClkConfig               
000022a5  SysCtlClockFreqSet               
0000276d  SysCtlClockGet                   
00002b61  SysCtlClockOutConfig             
0000259d  SysCtlClockSet                   
000021a9  SysCtlDeepSleep                  
00002931  SysCtlDeepSleepClockConfigSet    
00002913  SysCtlDeepSleepClockSet          
00002189  SysCtlDeepSleepPowerSet          
00005a27  SysCtlDelay                      
00001d37  SysCtlFlashSectorSizeGet         
00001d0b  SysCtlFlashSizeGet               
00002a07  SysCtlGPIOAHBDisable             
000029eb  SysCtlGPIOAHBEnable              
0000211d  SysCtlIntClear                   
00002105  SysCtlIntDisable                 
000020f1  SysCtlIntEnable                  
000020c9  SysCtlIntRegister                
0000212d  SysCtlIntStatus                  
000020e1  SysCtlIntUnregister              
0000216f  SysCtlLDODeepSleepGet            
0000215f  SysCtlLDODeepSleepSet            
00002159  SysCtlLDOSleepGet                
00002149  SysCtlLDOSleepSet                
000021df  SysCtlMOSCConfigSet              
00002b45  SysCtlNMIClear                   
00002b31  SysCtlNMIStatus                  
000021f5  SysCtlPIOSCCalibrate             
000029d5  SysCtlPWMClockGet                
000029bb  SysCtlPWMClockSet                
00002075  SysCtlPeripheralClockGating      
0000202d  SysCtlPeripheralDeepSleepDisable 
00001fdd  SysCtlPeripheralDeepSleepEnable  
00001f19  SysCtlPeripheralDisable          
00001edd  SysCtlPeripheralEnable           
00001e19  SysCtlPeripheralPowerOff         
00001ddd  SysCtlPeripheralPowerOn          
00001d5d  SysCtlPeripheralPresent          
00001d9d  SysCtlPeripheralReady            
00001e55  SysCtlPeripheralReset            
00001fa1  SysCtlPeripheralSleepDisable     
00001f5d  SysCtlPeripheralSleepEnable      
00002199  SysCtlReset                      
00002255  SysCtlResetBehaviorGet           
00002245  SysCtlResetBehaviorSet           
000021cb  SysCtlResetCauseClear            
000021c5  SysCtlResetCauseGet              
00001d01  SysCtlSRAMSizeGet                
000021a1  SysCtlSleep                      
00002175  SysCtlSleepPowerSet              
00002a2f  SysCtlUSBPLLDisable              
00002a23  SysCtlUSBPLLEnable               
00002a75  SysCtlVCOGet                     
00002a5d  SysCtlVoltageEventClear          
00002a41  SysCtlVoltageEventConfig         
00002a51  SysCtlVoltageEventStatus         
200053c8  TON                              
00004f7b  Timer0Isr                        
0000442d  TimerADCEventGet                 
0000441b  TimerADCEventSet                 
00004151  TimerClockSourceGet              
00004127  TimerClockSourceSet              
00003f1b  TimerConfigure                   
0000403b  TimerControlEvent                
00003f97  TimerControlLevel                
00004065  TimerControlStall                
00003fcd  TimerControlTrigger              
0000409b  TimerControlWaitOnTrigger        
0000444d  TimerDMAEventGet                 
0000443b  TimerDMAEventSet                 
00003efd  TimerDisable                     
00003edf  TimerEnable                      
000043f7  TimerIntClear                    
000043c1  TimerIntDisable                  
000043a9  TimerIntEnable                   
00004363  TimerIntRegister                 
000043d9  TimerIntStatus                   
0000438b  TimerIntUnregister               
0000421b  TimerLoadGet                     
00004251  TimerLoadGet64                   
000041f1  TimerLoadSet                     
00004237  TimerLoadSet64                   
000042fb  TimerMatchGet                    
00004331  TimerMatchGet64                  
000042d1  TimerMatchSet                    
00004317  TimerMatchSet64                  
0000418b  TimerPrescaleGet                 
000041d5  TimerPrescaleMatchGet            
000041a7  TimerPrescaleMatchSet            
00004161  TimerPrescaleSet                 
00004111  TimerRTCDisable                  
000040fb  TimerRTCEnable                   
00004409  TimerSynchronize                 
0000445b  TimerUpdateMode                  
00004283  TimerValueGet                    
0000429f  TimerValueGet64                  
20005180  Ultarsonic_Task_Handle           
20005184  UltrasonicDistanc                
00005645  UltrasonicGetDistanc             
00005657  UltrasonicSetDistanc             
00005587  UltrasonicTask                   
20005390  __STACK_END                      
00000200  __STACK_SIZE                     
20005390  __STACK_TOP                      
00006090  __TI_CINIT_Base                  
000060a8  __TI_CINIT_Limit                 
00006074  __TI_Handler_Table_Base          
00006080  __TI_Handler_Table_Limit         
000058e5  __TI_auto_init_nobinit_nopinit   
00005827  __TI_decompress_lzss             
00005a01  __TI_decompress_none             
ffffffff  __TI_pprof_out_hndl              
ffffffff  __TI_prof_data_size              
ffffffff  __TI_prof_data_start             
00000000  __TI_static_base__               
00005a0f  __TI_zero_init                   
00005929  __aeabi_d2uiz                    
00004c99  __aeabi_ddiv                     
00005005  __aeabi_dmul                     
000057ad  __aeabi_memclr                   
000057ad  __aeabi_memclr4                  
000057ad  __aeabi_memclr8                  
00005711  __aeabi_memcpy                   
00005711  __aeabi_memcpy4                  
00005711  __aeabi_memcpy8                  
000057af  __aeabi_memset                   
000057af  __aeabi_memset4                  
000057af  __aeabi_memset8                  
000059e1  __aeabi_ui2d                     
ffffffff  __binit__                        
ffffffff  __c_args__                       
UNDEFED   __mpu_init                       
20005190  __stack                          
000059ad  _c_int00_noargs                  
UNDEFED   _system_post_cinit               
00005a2d  _system_pre_init                 
00005a31  abort                            
ffffffff  binit                            
00005605  calculateDistance                
000005f1  eTaskGetState                    
200053c4  flag                             
20000000  g_pfnRAMVectors                  
00000000  g_pfnVectors                     
000055d1  initializeUltraSonic             
0000546d  main                             
00005711  memcpy                           
000057b5  memset                           
00000bbd  pcTaskGetName                    
20005188  ptr                              
00005675  pvPortMalloc                     
00001729  pvTaskIncrementMutexHeldCount    
20005390  pxCurrentTCB                     
00004b5d  pxPortInitialiseStack            
00004f01  startCalculationIcu              
000055e3  triggerUltrasonic                
0000605c  ulMaxSyscallInterruptPriority    
000052d1  ulPortGetIPSR                    
00001741  ulTaskNotifyTake                 
00004eb9  uxListRemove                     
00000bb7  uxTaskGetNumberOfTasks           
00001511  uxTaskGetStackHighWaterMark      
00000d41  uxTaskGetSystemState             
00001279  uxTaskGetTaskNumber              
00000681  uxTaskPriorityGet                
000006b1  uxTaskPriorityGetFromISR         
00001703  uxTaskResetEventItemValue        
00004dcf  vListInitialise                  
00004dff  vListInitialiseItem              
00004e4b  vListInsert                      
00004e0f  vListInsertEnd                   
0000538d  vPortEnableVFP                   
00004bfd  vPortEndScheduler                
00004bff  vPortEnterCritical               
00004c1f  vPortExitCritical                
000056e5  vPortFree                        
000056ef  vPortInitialiseBlocks            
00005349  vPortSVCHandler                  
00004c5b  vPortSetupTimerInterrupt         
00005369  vPortStartFirstTask              
000005b3  vTaskDelay                       
00000505  vTaskDelayUntil                  
00000475  vTaskDelete                      
00000a59  vTaskEndScheduler                
00001391  vTaskGetInfo                     
00001271  vTaskMissedYield                 
00001a89  vTaskNotifyGiveFromISR           
00001047  vTaskPlaceOnEventList            
00001067  vTaskPlaceOnUnorderedEventList   
000015e5  vTaskPriorityInherit             
00000701  vTaskPrioritySet                 
000008ed  vTaskResume                      
00001299  vTaskSetTaskNumber               
000011b1  vTaskSetTimeOutState             
00000a09  vTaskStartScheduler              
00000809  vTaskSuspend                     
00000a75  vTaskSuspendAll                  
00000fc1  vTaskSwitchContext               
000056f7  xPortGetFreeHeapSize             
000052e9  xPortPendSVHandler               
00004bc7  xPortStartScheduler              
00004c35  xPortSysTickHandler              
00000e25  xTaskAbortDelay                  
000011cb  xTaskCheckForTimeOut             
0000026d  xTaskCreate                      
00001885  xTaskGenericNotify               
00001975  xTaskGenericNotifyFromISR        
00001587  xTaskGetCurrentTaskHandle        
00000cb9  xTaskGetHandle                   
00000e19  xTaskGetIdleTaskHandle           
000015b5  xTaskGetSchedulerState           
00000b71  xTaskGetTickCount                
00000b89  xTaskGetTickCountFromISR         
00000ead  xTaskIncrementTick               
00001b3b  xTaskNotifyStateClear            
000017c9  xTaskNotifyWait                  
00001683  xTaskPriorityDisinherit          
0000109d  xTaskRemoveFromEventList         
0000112d  xTaskRemoveFromUnorderedEventList
00000a89  xTaskResumeAll                   
00000973  xTaskResumeFromISR               


GLOBAL SYMBOLS: SORTED BY Symbol Address 

address   name                             
-------   ----                             
00000000  __TI_static_base__               
00000000  g_pfnVectors                     
00000200  __STACK_SIZE                     
0000026d  xTaskCreate                      
00000475  vTaskDelete                      
00000505  vTaskDelayUntil                  
000005b3  vTaskDelay                       
000005f1  eTaskGetState                    
00000681  uxTaskPriorityGet                
000006b1  uxTaskPriorityGetFromISR         
00000701  vTaskPrioritySet                 
00000809  vTaskSuspend                     
000008ed  vTaskResume                      
00000973  xTaskResumeFromISR               
00000a09  vTaskStartScheduler              
00000a59  vTaskEndScheduler                
00000a75  vTaskSuspendAll                  
00000a89  xTaskResumeAll                   
00000b71  xTaskGetTickCount                
00000b89  xTaskGetTickCountFromISR         
00000bb7  uxTaskGetNumberOfTasks           
00000bbd  pcTaskGetName                    
00000cb9  xTaskGetHandle                   
00000d41  uxTaskGetSystemState             
00000e19  xTaskGetIdleTaskHandle           
00000e25  xTaskAbortDelay                  
00000ead  xTaskIncrementTick               
00000fc1  vTaskSwitchContext               
00001047  vTaskPlaceOnEventList            
00001067  vTaskPlaceOnUnorderedEventList   
0000109d  xTaskRemoveFromEventList         
0000112d  xTaskRemoveFromUnorderedEventList
000011b1  vTaskSetTimeOutState             
000011cb  xTaskCheckForTimeOut             
00001271  vTaskMissedYield                 
00001279  uxTaskGetTaskNumber              
00001299  vTaskSetTaskNumber               
00001391  vTaskGetInfo                     
00001511  uxTaskGetStackHighWaterMark      
00001587  xTaskGetCurrentTaskHandle        
000015b5  xTaskGetSchedulerState           
000015e5  vTaskPriorityInherit             
00001683  xTaskPriorityDisinherit          
00001703  uxTaskResetEventItemValue        
00001729  pvTaskIncrementMutexHeldCount    
00001741  ulTaskNotifyTake                 
000017c9  xTaskNotifyWait                  
00001885  xTaskGenericNotify               
00001975  xTaskGenericNotifyFromISR        
00001a89  vTaskNotifyGiveFromISR           
00001b3b  xTaskNotifyStateClear            
00001d01  SysCtlSRAMSizeGet                
00001d0b  SysCtlFlashSizeGet               
00001d37  SysCtlFlashSectorSizeGet         
00001d5d  SysCtlPeripheralPresent          
00001d9d  SysCtlPeripheralReady            
00001ddd  SysCtlPeripheralPowerOn          
00001e19  SysCtlPeripheralPowerOff         
00001e55  SysCtlPeripheralReset            
00001edd  SysCtlPeripheralEnable           
00001f19  SysCtlPeripheralDisable          
00001f5d  SysCtlPeripheralSleepEnable      
00001fa1  SysCtlPeripheralSleepDisable     
00001fdd  SysCtlPeripheralDeepSleepEnable  
0000202d  SysCtlPeripheralDeepSleepDisable 
00002075  SysCtlPeripheralClockGating      
000020c9  SysCtlIntRegister                
000020e1  SysCtlIntUnregister              
000020f1  SysCtlIntEnable                  
00002105  SysCtlIntDisable                 
0000211d  SysCtlIntClear                   
0000212d  SysCtlIntStatus                  
00002149  SysCtlLDOSleepSet                
00002159  SysCtlLDOSleepGet                
0000215f  SysCtlLDODeepSleepSet            
0000216f  SysCtlLDODeepSleepGet            
00002175  SysCtlSleepPowerSet              
00002189  SysCtlDeepSleepPowerSet          
00002199  SysCtlReset                      
000021a1  SysCtlSleep                      
000021a9  SysCtlDeepSleep                  
000021c5  SysCtlResetCauseGet              
000021cb  SysCtlResetCauseClear            
000021df  SysCtlMOSCConfigSet              
000021f5  SysCtlPIOSCCalibrate             
00002245  SysCtlResetBehaviorSet           
00002255  SysCtlResetBehaviorGet           
000022a5  SysCtlClockFreqSet               
0000259d  SysCtlClockSet                   
0000276d  SysCtlClockGet                   
00002913  SysCtlDeepSleepClockSet          
00002931  SysCtlDeepSleepClockConfigSet    
000029bb  SysCtlPWMClockSet                
000029d5  SysCtlPWMClockGet                
000029eb  SysCtlGPIOAHBEnable              
00002a07  SysCtlGPIOAHBDisable             
00002a23  SysCtlUSBPLLEnable               
00002a2f  SysCtlUSBPLLDisable              
00002a41  SysCtlVoltageEventConfig         
00002a51  SysCtlVoltageEventStatus         
00002a5d  SysCtlVoltageEventClear          
00002a75  SysCtlVCOGet                     
00002b31  SysCtlNMIStatus                  
00002b45  SysCtlNMIClear                   
00002b61  SysCtlClockOutConfig             
00002b7d  SysCtlAltClkConfig               
00002c1f  GPIODirModeSet                   
00002c7b  GPIODirModeGet                   
00002cc7  GPIOIntTypeSet                   
00002d6b  GPIOIntTypeGet                   
00002e01  GPIOPadConfigSet                 
0000303b  GPIOPadConfigGet                 
0000318d  GPIOIntEnable                    
000031a7  GPIOIntDisable                   
000031c1  GPIOIntStatus                    
000031e3  GPIOIntClear                     
000031f7  GPIOIntRegister                  
00003215  GPIOIntUnregister                
0000322f  GPIOIntRegisterPin               
0000325d  GPIOIntUnregisterPin             
00003281  GPIOPinRead                      
00003299  GPIOPinWrite                     
000032b9  GPIOPinTypeADC                   
000032dd  GPIOPinTypeCAN                   
00003301  GPIOPinTypeComparator            
00003325  GPIOPinTypeComparatorOutput      
00003349  GPIOPinTypeDIVSCLK               
0000336d  GPIOPinTypeEPI                   
00003391  GPIOPinTypeEthernetLED           
000033b5  GPIOPinTypeEthernetMII           
000033d9  GPIOPinTypeGPIOInput             
000033fd  GPIOPinTypeGPIOOutput            
00003421  GPIOPinTypeGPIOOutputOD          
00003445  GPIOPinTypeHibernateRTCCLK       
00003469  GPIOPinTypeI2C                   
0000348d  GPIOPinTypeI2CSCL                
000034b1  GPIOPinTypeLCD                   
000034d5  GPIOPinTypeOneWire               
000034f9  GPIOPinTypePWM                   
0000351d  GPIOPinTypeQEI                   
00003541  GPIOPinTypeSSI                   
00003565  GPIOPinTypeTimer                 
00003589  GPIOPinTypeTrace                 
000035ad  GPIOPinTypeUART                  
000035d1  GPIOPinTypeUSBAnalog             
000035f5  GPIOPinTypeUSBDigital            
00003619  GPIOPinTypeWakeHigh              
0000363f  GPIOPinTypeWakeLow               
00003665  GPIOPinWakeStatus                
00003675  GPIOPinConfigure                 
000036d3  GPIODMATriggerEnable             
000036f1  GPIODMATriggerDisable            
0000370f  GPIOADCTriggerEnable             
0000372d  GPIOADCTriggerDisable            
00003755  PWMGenConfigure                  
0000379f  PWMGenPeriodSet                  
000037cf  PWMGenPeriodGet                  
000037f9  PWMGenEnable                     
00003813  PWMGenDisable                    
0000382d  PWMPulseWidthSet                 
00003877  PWMPulseWidthGet                 
000038c1  PWMDeadBandEnable                
000038f9  PWMDeadBandDisable               
00003915  PWMSyncUpdate                    
00003927  PWMSyncTimeBase                  
00003939  PWMOutputState                   
0000396b  PWMOutputInvert                  
0000399d  PWMOutputFaultLevel              
000039cf  PWMOutputFault                   
00003b01  PWMGenIntRegister                
00003b29  PWMGenIntUnregister              
00003b8f  PWMFaultIntRegister              
00003bad  PWMFaultIntUnregister            
00003bc7  PWMGenIntTrigEnable              
00003be5  PWMGenIntTrigDisable             
00003c03  PWMGenIntStatus                  
00003c2d  PWMGenIntClear                   
00003c45  PWMIntEnable                     
00003c5d  PWMIntDisable                    
00003c75  PWMFaultIntClear                 
00003c87  PWMIntStatus                     
00003ca7  PWMFaultIntClearExt              
00003cc5  PWMGenFaultConfigure             
00003cf5  PWMGenFaultTriggerSet            
00003d1f  PWMGenFaultTriggerGet            
00003d43  PWMGenFaultStatus                
00003d79  PWMGenFaultClear                 
00003daf  PWMClockSet                      
00003dcf  PWMClockGet                      
00003df9  PWMOutputUpdateMode              
00003edf  TimerEnable                      
00003efd  TimerDisable                     
00003f1b  TimerConfigure                   
00003f97  TimerControlLevel                
00003fcd  TimerControlTrigger              
0000403b  TimerControlEvent                
00004065  TimerControlStall                
0000409b  TimerControlWaitOnTrigger        
000040fb  TimerRTCEnable                   
00004111  TimerRTCDisable                  
00004127  TimerClockSourceSet              
00004151  TimerClockSourceGet              
00004161  TimerPrescaleSet                 
0000418b  TimerPrescaleGet                 
000041a7  TimerPrescaleMatchSet            
000041d5  TimerPrescaleMatchGet            
000041f1  TimerLoadSet                     
0000421b  TimerLoadGet                     
00004237  TimerLoadSet64                   
00004251  TimerLoadGet64                   
00004283  TimerValueGet                    
0000429f  TimerValueGet64                  
000042d1  TimerMatchSet                    
000042fb  TimerMatchGet                    
00004317  TimerMatchSet64                  
00004331  TimerMatchGet64                  
00004363  TimerIntRegister                 
0000438b  TimerIntUnregister               
000043a9  TimerIntEnable                   
000043c1  TimerIntDisable                  
000043d9  TimerIntStatus                   
000043f7  TimerIntClear                    
00004409  TimerSynchronize                 
0000441b  TimerADCEventSet                 
0000442d  TimerADCEventGet                 
0000443b  TimerDMAEventSet                 
0000444d  TimerDMAEventGet                 
0000445b  TimerUpdateMode                  
000044b3  IntMasterEnable                  
000044c3  IntMasterDisable                 
000044d3  IntRegister                      
00004525  IntUnregister                    
00004539  IntPriorityGroupingSet           
00004553  IntPriorityGroupingGet           
0000458b  IntPrioritySet                   
000045db  IntPriorityGet                   
000045ff  IntEnable                        
00004671  IntDisable                       
000046e3  IntIsEnabled                     
00004769  IntPendSet                       
000047d9  IntPendClear                     
00004827  IntPriorityMaskSet               
00004833  IntPriorityMaskGet               
0000483b  IntTrigger                       
000049b1  LCD_displayCharacter             
00004a43  LCD_init                         
00004aa7  LCD_displayString                
00004acd  LCD_displayStringRowColumn       
00004b25  LCD_intgerToString               
00004b41  LCD_clearScreen                  
00004b5d  pxPortInitialiseStack            
00004bc7  xPortStartScheduler              
00004bfd  vPortEndScheduler                
00004bff  vPortEnterCritical               
00004c1f  vPortExitCritical                
00004c35  xPortSysTickHandler              
00004c5b  vPortSetupTimerInterrupt         
00004c99  __aeabi_ddiv                     
00004dcf  vListInitialise                  
00004dff  vListInitialiseItem              
00004e0f  vListInsertEnd                   
00004e4b  vListInsert                      
00004eb9  uxListRemove                     
00004f01  startCalculationIcu              
00004f7b  Timer0Isr                        
00004f87  SwICU_Init                       
00004fc3  SwICU_Read                       
00004fd5  ICU_Enable                       
00005005  __aeabi_dmul                     
00005101  PWM_Init                         
0000516b  PWM_SetDutyCycle                 
000051e5  DC_Motor_Init                    
00005219  DC_Motor_Set_Speed               
0000522d  DC_Motor_Set_Direction           
0000528b  DC_Motor_Stop                    
000052d1  ulPortGetIPSR                    
000052e9  xPortPendSVHandler               
00005349  vPortSVCHandler                  
00005369  vPortStartFirstTask              
0000538d  vPortEnableVFP                   
0000539b  Car_Init                         
000053b3  CarControlLogic                  
0000540d  CarMove__Forward                 
00005421  CarMove__Backward                
00005435  CarMove__RotateRight             
00005449  CarMove__RotateLeft              
0000545d  CarStop                          
0000546d  main                             
00005525  Init_Task                        
0000556b  CarTaskLogic                     
00005587  UltrasonicTask                   
000055d1  initializeUltraSonic             
000055e3  triggerUltrasonic                
00005605  calculateDistance                
00005645  UltrasonicGetDistanc             
00005657  UltrasonicSetDistanc             
00005675  pvPortMalloc                     
000056e5  vPortFree                        
000056ef  vPortInitialiseBlocks            
000056f7  xPortGetFreeHeapSize             
00005711  __aeabi_memcpy                   
00005711  __aeabi_memcpy4                  
00005711  __aeabi_memcpy8                  
00005711  memcpy                           
000057ad  __aeabi_memclr                   
000057ad  __aeabi_memclr4                  
000057ad  __aeabi_memclr8                  
000057af  __aeabi_memset                   
000057af  __aeabi_memset4                  
000057af  __aeabi_memset8                  
000057b5  memset                           
00005827  __TI_decompress_lzss             
00005891  ExtInt_Init                      
000058b7  PortAIntHandler                  
000058c9  CallBack                         
000058e5  __TI_auto_init_nobinit_nopinit   
00005929  __aeabi_d2uiz                    
0000596d  CPUcpsid                         
00005979  CPUprimask                       
00005983  CPUcpsie                         
0000598f  CPUwfi                           
00005993  CPUbasepriSet                    
000059a1  CPUbasepriGet                    
000059ad  _c_int00_noargs                  
000059e1  __aeabi_ui2d                     
00005a01  __TI_decompress_none             
00005a0f  __TI_zero_init                   
00005a1b  ResetISR                         
00005a27  SysCtlDelay                      
00005a2d  _system_pre_init                 
00005a31  C$$EXIT                          
00005a31  abort                            
0000605c  ulMaxSyscallInterruptPriority    
00006074  __TI_Handler_Table_Base          
00006080  __TI_Handler_Table_Limit         
00006090  __TI_CINIT_Base                  
000060a8  __TI_CINIT_Limit                 
20000000  g_pfnRAMVectors                  
20005178  CarTaskLogic_Handle              
2000517c  Init_Task_Handle                 
20005180  Ultarsonic_Task_Handle           
20005184  UltrasonicDistanc                
20005188  ptr                              
20005190  __stack                          
20005390  __STACK_END                      
20005390  __STACK_TOP                      
20005390  pxCurrentTCB                     
200053c4  flag                             
200053c8  TON                              
ffffffff  __TI_pprof_out_hndl              
ffffffff  __TI_prof_data_size              
ffffffff  __TI_prof_data_start             
ffffffff  __binit__                        
ffffffff  __c_args__                       
ffffffff  binit                            
UNDEFED   __mpu_init                       
UNDEFED   _system_post_cinit               

[357 symbols]
