<?xml version="1.0" encoding="ISO-8859-1" ?>
<link_info>
   <banner>TI ARM Linker PC v18.1.1.LTS</banner>
   <copyright>Copyright (c) 1996-2017 Texas Instruments Incorporated</copyright>
   <link_time>0x5df14c16</link_time>
   <link_errors>0x0</link_errors>
   <output_file>CarProj.out</output_file>
   <entry_point>
      <name>_c_int00_noargs</name>
      <address>0x59e5</address>
   </entry_point>
   <input_file_list>
      <input_file id="fl-2">
         <path>.\</path>
         <kind>object</kind>
         <file>tm4c123gh6pm_startup_ccs.obj</file>
         <name>tm4c123gh6pm_startup_ccs.obj</name>
      </input_file>
      <input_file id="fl-3">
         <path>.\App\CarControl\src\</path>
         <kind>object</kind>
         <file>CarControl.obj</file>
         <name>CarControl.obj</name>
      </input_file>
      <input_file id="fl-4">
         <path>.\App\testApp\src\</path>
         <kind>object</kind>
         <file>Tasks.obj</file>
         <name>Tasks.obj</name>
      </input_file>
      <input_file id="fl-5">
         <path>.\App\testApp\src\</path>
         <kind>object</kind>
         <file>testApp.obj</file>
         <name>testApp.obj</name>
      </input_file>
      <input_file id="fl-6">
         <path>.\Ecual\Dc_Motor\src\</path>
         <kind>object</kind>
         <file>DC_Motor.obj</file>
         <name>DC_Motor.obj</name>
      </input_file>
      <input_file id="fl-7">
         <path>.\Ecual\Icu\src\</path>
         <kind>object</kind>
         <file>Icu.obj</file>
         <name>Icu.obj</name>
      </input_file>
      <input_file id="fl-8">
         <path>.\Ecual\Lcd\src\</path>
         <kind>object</kind>
         <file>LCD_t.obj</file>
         <name>LCD_t.obj</name>
      </input_file>
      <input_file id="fl-9">
         <path>.\Ecual\Ultrasonic\src\</path>
         <kind>object</kind>
         <file>Ultrasonic.obj</file>
         <name>Ultrasonic.obj</name>
      </input_file>
      <input_file id="fl-a">
         <path>.\Firmware\FreeRtos\src\</path>
         <kind>object</kind>
         <file>heap_1.obj</file>
         <name>heap_1.obj</name>
      </input_file>
      <input_file id="fl-b">
         <path>.\Firmware\FreeRtos\src\</path>
         <kind>object</kind>
         <file>list.obj</file>
         <name>list.obj</name>
      </input_file>
      <input_file id="fl-c">
         <path>.\Firmware\FreeRtos\src\</path>
         <kind>object</kind>
         <file>port.obj</file>
         <name>port.obj</name>
      </input_file>
      <input_file id="fl-d">
         <path>.\Firmware\FreeRtos\src\</path>
         <kind>object</kind>
         <file>portasm.obj</file>
         <name>portasm.obj</name>
      </input_file>
      <input_file id="fl-e">
         <path>.\Firmware\FreeRtos\src\</path>
         <kind>object</kind>
         <file>queue.obj</file>
         <name>queue.obj</name>
      </input_file>
      <input_file id="fl-f">
         <path>.\Firmware\FreeRtos\src\</path>
         <kind>object</kind>
         <file>tasks.obj</file>
         <name>tasks.obj</name>
      </input_file>
      <input_file id="fl-10">
         <path>.\Mcal\Ext_Int\src\</path>
         <kind>object</kind>
         <file>Ext_Int.obj</file>
         <name>Ext_Int.obj</name>
      </input_file>
      <input_file id="fl-11">
         <path>.\Mcal\PWM\src\</path>
         <kind>object</kind>
         <file>PWM.obj</file>
         <name>PWM.obj</name>
      </input_file>
      <input_file id="fl-12">
         <path>.\Mcal\Tivaware\driverlib\</path>
         <kind>object</kind>
         <file>adc.obj</file>
         <name>adc.obj</name>
      </input_file>
      <input_file id="fl-13">
         <path>.\Mcal\Tivaware\driverlib\</path>
         <kind>object</kind>
         <file>aes.obj</file>
         <name>aes.obj</name>
      </input_file>
      <input_file id="fl-14">
         <path>.\Mcal\Tivaware\driverlib\</path>
         <kind>object</kind>
         <file>can.obj</file>
         <name>can.obj</name>
      </input_file>
      <input_file id="fl-15">
         <path>.\Mcal\Tivaware\driverlib\</path>
         <kind>object</kind>
         <file>comp.obj</file>
         <name>comp.obj</name>
      </input_file>
      <input_file id="fl-16">
         <path>.\Mcal\Tivaware\driverlib\</path>
         <kind>object</kind>
         <file>cpu.obj</file>
         <name>cpu.obj</name>
      </input_file>
      <input_file id="fl-17">
         <path>.\Mcal\Tivaware\driverlib\</path>
         <kind>object</kind>
         <file>crc.obj</file>
         <name>crc.obj</name>
      </input_file>
      <input_file id="fl-18">
         <path>.\Mcal\Tivaware\driverlib\</path>
         <kind>object</kind>
         <file>des.obj</file>
         <name>des.obj</name>
      </input_file>
      <input_file id="fl-19">
         <path>.\Mcal\Tivaware\driverlib\</path>
         <kind>object</kind>
         <file>eeprom.obj</file>
         <name>eeprom.obj</name>
      </input_file>
      <input_file id="fl-1a">
         <path>.\Mcal\Tivaware\driverlib\</path>
         <kind>object</kind>
         <file>emac.obj</file>
         <name>emac.obj</name>
      </input_file>
      <input_file id="fl-1b">
         <path>.\Mcal\Tivaware\driverlib\</path>
         <kind>object</kind>
         <file>epi.obj</file>
         <name>epi.obj</name>
      </input_file>
      <input_file id="fl-1c">
         <path>.\Mcal\Tivaware\driverlib\</path>
         <kind>object</kind>
         <file>epi_workaround_ccs.obj</file>
         <name>epi_workaround_ccs.obj</name>
      </input_file>
      <input_file id="fl-1d">
         <path>.\Mcal\Tivaware\driverlib\</path>
         <kind>object</kind>
         <file>flash.obj</file>
         <name>flash.obj</name>
      </input_file>
      <input_file id="fl-1e">
         <path>.\Mcal\Tivaware\driverlib\</path>
         <kind>object</kind>
         <file>fpu.obj</file>
         <name>fpu.obj</name>
      </input_file>
      <input_file id="fl-1f">
         <path>.\Mcal\Tivaware\driverlib\</path>
         <kind>object</kind>
         <file>gpio.obj</file>
         <name>gpio.obj</name>
      </input_file>
      <input_file id="fl-20">
         <path>.\Mcal\Tivaware\driverlib\</path>
         <kind>object</kind>
         <file>hibernate.obj</file>
         <name>hibernate.obj</name>
      </input_file>
      <input_file id="fl-21">
         <path>.\Mcal\Tivaware\driverlib\</path>
         <kind>object</kind>
         <file>i2c.obj</file>
         <name>i2c.obj</name>
      </input_file>
      <input_file id="fl-22">
         <path>.\Mcal\Tivaware\driverlib\</path>
         <kind>object</kind>
         <file>interrupt.obj</file>
         <name>interrupt.obj</name>
      </input_file>
      <input_file id="fl-23">
         <path>.\Mcal\Tivaware\driverlib\</path>
         <kind>object</kind>
         <file>lcd.obj</file>
         <name>lcd.obj</name>
      </input_file>
      <input_file id="fl-24">
         <path>.\Mcal\Tivaware\driverlib\</path>
         <kind>object</kind>
         <file>mpu.obj</file>
         <name>mpu.obj</name>
      </input_file>
      <input_file id="fl-25">
         <path>.\Mcal\Tivaware\driverlib\</path>
         <kind>object</kind>
         <file>onewire.obj</file>
         <name>onewire.obj</name>
      </input_file>
      <input_file id="fl-26">
         <path>.\Mcal\Tivaware\driverlib\</path>
         <kind>object</kind>
         <file>pwm.obj</file>
         <name>pwm.obj</name>
      </input_file>
      <input_file id="fl-27">
         <path>.\Mcal\Tivaware\driverlib\</path>
         <kind>object</kind>
         <file>qei.obj</file>
         <name>qei.obj</name>
      </input_file>
      <input_file id="fl-28">
         <path>.\Mcal\Tivaware\driverlib\</path>
         <kind>object</kind>
         <file>shamd5.obj</file>
         <name>shamd5.obj</name>
      </input_file>
      <input_file id="fl-29">
         <path>.\Mcal\Tivaware\driverlib\</path>
         <kind>object</kind>
         <file>ssi.obj</file>
         <name>ssi.obj</name>
      </input_file>
      <input_file id="fl-2a">
         <path>.\Mcal\Tivaware\driverlib\</path>
         <kind>object</kind>
         <file>sw_crc.obj</file>
         <name>sw_crc.obj</name>
      </input_file>
      <input_file id="fl-2b">
         <path>.\Mcal\Tivaware\driverlib\</path>
         <kind>object</kind>
         <file>sysctl.obj</file>
         <name>sysctl.obj</name>
      </input_file>
      <input_file id="fl-2c">
         <path>.\Mcal\Tivaware\driverlib\</path>
         <kind>object</kind>
         <file>sysexc.obj</file>
         <name>sysexc.obj</name>
      </input_file>
      <input_file id="fl-2d">
         <path>.\Mcal\Tivaware\driverlib\</path>
         <kind>object</kind>
         <file>systick.obj</file>
         <name>systick.obj</name>
      </input_file>
      <input_file id="fl-2e">
         <path>.\Mcal\Tivaware\driverlib\</path>
         <kind>object</kind>
         <file>timer.obj</file>
         <name>timer.obj</name>
      </input_file>
      <input_file id="fl-2f">
         <path>.\Mcal\Tivaware\driverlib\</path>
         <kind>object</kind>
         <file>uart.obj</file>
         <name>uart.obj</name>
      </input_file>
      <input_file id="fl-30">
         <path>.\Mcal\Tivaware\driverlib\</path>
         <kind>object</kind>
         <file>udma.obj</file>
         <name>udma.obj</name>
      </input_file>
      <input_file id="fl-31">
         <path>.\Mcal\Tivaware\driverlib\</path>
         <kind>object</kind>
         <file>usb.obj</file>
         <name>usb.obj</name>
      </input_file>
      <input_file id="fl-32">
         <path>.\Mcal\Tivaware\driverlib\</path>
         <kind>object</kind>
         <file>watchdog.obj</file>
         <name>watchdog.obj</name>
      </input_file>
      <input_file id="fl-3a">
         <kind>object</kind>
         <file>&lt;internal&gt;</file>
         <name>&lt;internal&gt;</name>
      </input_file>
      <input_file id="fl-f0">
         <path>C:\ti\ccsv8\tools\compiler\ti-cgt-arm_18.1.1.LTS\lib\</path>
         <kind>archive</kind>
         <file>rtsv7M4_T_le_v4SPD16_eabi.lib</file>
         <name>fd_div_t2.asm.obj</name>
      </input_file>
      <input_file id="fl-f1">
         <path>C:\ti\ccsv8\tools\compiler\ti-cgt-arm_18.1.1.LTS\lib\</path>
         <kind>archive</kind>
         <file>rtsv7M4_T_le_v4SPD16_eabi.lib</file>
         <name>fd_mul_t2.asm.obj</name>
      </input_file>
      <input_file id="fl-f2">
         <path>C:\ti\ccsv8\tools\compiler\ti-cgt-arm_18.1.1.LTS\lib\</path>
         <kind>archive</kind>
         <file>rtsv7M4_T_le_v4SPD16_eabi.lib</file>
         <name>fd_tou_t2.asm.obj</name>
      </input_file>
      <input_file id="fl-f3">
         <path>C:\ti\ccsv8\tools\compiler\ti-cgt-arm_18.1.1.LTS\lib\</path>
         <kind>archive</kind>
         <file>rtsv7M4_T_le_v4SPD16_eabi.lib</file>
         <name>memcpy_t2.asm.obj</name>
      </input_file>
      <input_file id="fl-f4">
         <path>C:\ti\ccsv8\tools\compiler\ti-cgt-arm_18.1.1.LTS\lib\</path>
         <kind>archive</kind>
         <file>rtsv7M4_T_le_v4SPD16_eabi.lib</file>
         <name>u_tofd_t2.asm.obj</name>
      </input_file>
      <input_file id="fl-f5">
         <path>C:\ti\ccsv8\tools\compiler\ti-cgt-arm_18.1.1.LTS\lib\</path>
         <kind>archive</kind>
         <file>rtsv7M4_T_le_v4SPD16_eabi.lib</file>
         <name>memset_t2.asm.obj</name>
      </input_file>
      <input_file id="fl-f6">
         <path>C:\ti\ccsv8\tools\compiler\ti-cgt-arm_18.1.1.LTS\lib\</path>
         <kind>archive</kind>
         <file>rtsv7M4_T_le_v4SPD16_eabi.lib</file>
         <name>copy_zero_init.c.obj</name>
      </input_file>
      <input_file id="fl-f7">
         <path>C:\ti\ccsv8\tools\compiler\ti-cgt-arm_18.1.1.LTS\lib\</path>
         <kind>archive</kind>
         <file>rtsv7M4_T_le_v4SPD16_eabi.lib</file>
         <name>copy_decompress_none.c.obj</name>
      </input_file>
      <input_file id="fl-f8">
         <path>C:\ti\ccsv8\tools\compiler\ti-cgt-arm_18.1.1.LTS\lib\</path>
         <kind>archive</kind>
         <file>rtsv7M4_T_le_v4SPD16_eabi.lib</file>
         <name>copy_decompress_lzss.c.obj</name>
      </input_file>
      <input_file id="fl-f9">
         <path>C:\ti\ccsv8\tools\compiler\ti-cgt-arm_18.1.1.LTS\lib\</path>
         <kind>archive</kind>
         <file>rtsv7M4_T_le_v4SPD16_eabi.lib</file>
         <name>boot_cortex_m.c.obj</name>
      </input_file>
      <input_file id="fl-fa">
         <path>C:\ti\ccsv8\tools\compiler\ti-cgt-arm_18.1.1.LTS\lib\</path>
         <kind>archive</kind>
         <file>rtsv7M4_T_le_v4SPD16_eabi.lib</file>
         <name>exit.c.obj</name>
      </input_file>
      <input_file id="fl-fb">
         <path>C:\ti\ccsv8\tools\compiler\ti-cgt-arm_18.1.1.LTS\lib\</path>
         <kind>archive</kind>
         <file>rtsv7M4_T_le_v4SPD16_eabi.lib</file>
         <name>_lock.c.obj</name>
      </input_file>
      <input_file id="fl-fc">
         <path>C:\ti\ccsv8\tools\compiler\ti-cgt-arm_18.1.1.LTS\lib\</path>
         <kind>archive</kind>
         <file>rtsv7M4_T_le_v4SPD16_eabi.lib</file>
         <name>args_main.c.obj</name>
      </input_file>
      <input_file id="fl-fd">
         <path>C:\ti\ccsv8\tools\compiler\ti-cgt-arm_18.1.1.LTS\lib\</path>
         <kind>archive</kind>
         <file>rtsv7M4_T_le_v4SPD16_eabi.lib</file>
         <name>autoinit.c.obj</name>
      </input_file>
      <input_file id="fl-fe">
         <path>C:\ti\ccsv8\tools\compiler\ti-cgt-arm_18.1.1.LTS\lib\</path>
         <kind>archive</kind>
         <file>rtsv7M4_T_le_v4SPD16_eabi.lib</file>
         <name>pre_init.c.obj</name>
      </input_file>
      <input_file id="fl-ff">
         <path>C:\ti\ccsv8\tools\compiler\ti-cgt-arm_18.1.1.LTS\lib\</path>
         <kind>archive</kind>
         <file>rtsv7M4_T_le_v4SPD16_eabi.lib</file>
         <name>cpy_tbl.c.obj</name>
      </input_file>
   </input_file_list>
   <object_component_list>
      <object_component id="oc-f">
         <name>.intvecs</name>
         <load_address>0x0</load_address>
         <run_address>0x0</run_address>
         <size>0x26c</size>
         <input_file_ref idref="fl-2"/>
      </object_component>
      <object_component id="oc-88">
         <name>.text</name>
         <load_address>0x26c</load_address>
         <run_address>0x26c</run_address>
         <size>0x19d4</size>
         <input_file_ref idref="fl-f"/>
      </object_component>
      <object_component id="oc-aa">
         <name>.text</name>
         <load_address>0x1c40</load_address>
         <run_address>0x1c40</run_address>
         <size>0xf80</size>
         <input_file_ref idref="fl-2b"/>
      </object_component>
      <object_component id="oc-a4">
         <name>.text</name>
         <load_address>0x2bc0</load_address>
         <run_address>0x2bc0</run_address>
         <size>0xb94</size>
         <input_file_ref idref="fl-1f"/>
      </object_component>
      <object_component id="oc-2d2">
         <name>.text</name>
         <load_address>0x3754</load_address>
         <run_address>0x3754</run_address>
         <size>0x718</size>
         <input_file_ref idref="fl-26"/>
      </object_component>
      <object_component id="oc-9e">
         <name>.text</name>
         <load_address>0x3e6c</load_address>
         <run_address>0x3e6c</run_address>
         <size>0x642</size>
         <input_file_ref idref="fl-2e"/>
      </object_component>
      <object_component id="oc-b0">
         <name>.text</name>
         <load_address>0x44b0</load_address>
         <run_address>0x44b0</run_address>
         <size>0x3c0</size>
         <input_file_ref idref="fl-22"/>
      </object_component>
      <object_component id="oc-259">
         <name>.text</name>
         <load_address>0x4870</load_address>
         <run_address>0x4870</run_address>
         <size>0x33c</size>
         <input_file_ref idref="fl-8"/>
      </object_component>
      <object_component id="oc-2f">
         <name>.text</name>
         <load_address>0x4bac</load_address>
         <run_address>0x4bac</run_address>
         <size>0x13c</size>
         <input_file_ref idref="fl-c"/>
      </object_component>
      <object_component id="oc-28e">
         <name>.text</name>
         <load_address>0x4ce8</load_address>
         <run_address>0x4ce8</run_address>
         <size>0x136</size>
         <input_file_ref idref="fl-f0"/>
      </object_component>
      <object_component id="oc-110">
         <name>.text</name>
         <load_address>0x4e1e</load_address>
         <run_address>0x4e1e</run_address>
         <size>0x132</size>
         <input_file_ref idref="fl-b"/>
      </object_component>
      <object_component id="oc-35">
         <name>.text</name>
         <load_address>0x4f50</load_address>
         <run_address>0x4f50</run_address>
         <size>0x104</size>
         <input_file_ref idref="fl-7"/>
      </object_component>
      <object_component id="oc-293">
         <name>.text</name>
         <load_address>0x5054</load_address>
         <run_address>0x5054</run_address>
         <size>0xfc</size>
         <input_file_ref idref="fl-f1"/>
      </object_component>
      <object_component id="oc-29e">
         <name>.text</name>
         <load_address>0x5150</load_address>
         <run_address>0x5150</run_address>
         <size>0xe4</size>
         <input_file_ref idref="fl-11"/>
      </object_component>
      <object_component id="oc-2a4">
         <name>.text</name>
         <load_address>0x5234</load_address>
         <run_address>0x5234</run_address>
         <size>0xdc</size>
         <input_file_ref idref="fl-6"/>
      </object_component>
      <object_component id="oc-2a">
         <name>.text</name>
         <load_address>0x5310</load_address>
         <run_address>0x5310</run_address>
         <size>0xda</size>
         <input_file_ref idref="fl-d"/>
      </object_component>
      <object_component id="oc-253">
         <name>.text</name>
         <load_address>0x53ea</load_address>
         <run_address>0x53ea</run_address>
         <size>0xc8</size>
         <input_file_ref idref="fl-3"/>
      </object_component>
      <object_component id="oc-ee">
         <name>.text</name>
         <load_address>0x54b4</load_address>
         <run_address>0x54b4</run_address>
         <size>0xb8</size>
         <input_file_ref idref="fl-5"/>
      </object_component>
      <object_component id="oc-1a7">
         <name>.text</name>
         <load_address>0x556c</load_address>
         <run_address>0x556c</run_address>
         <size>0xa4</size>
         <input_file_ref idref="fl-4"/>
      </object_component>
      <object_component id="oc-24d">
         <name>.text</name>
         <load_address>0x5610</load_address>
         <run_address>0x5610</run_address>
         <size>0x9c</size>
         <input_file_ref idref="fl-9"/>
      </object_component>
      <object_component id="oc-10a">
         <name>.text</name>
         <load_address>0x56ac</load_address>
         <run_address>0x56ac</run_address>
         <size>0x9c</size>
         <input_file_ref idref="fl-a"/>
      </object_component>
      <object_component id="oc-4f">
         <name>.text</name>
         <load_address>0x5748</load_address>
         <run_address>0x5748</run_address>
         <size>0x9c</size>
         <input_file_ref idref="fl-f3"/>
      </object_component>
      <object_component id="oc-e2">
         <name>.text</name>
         <load_address>0x57e4</load_address>
         <run_address>0x57e4</run_address>
         <size>0x7a</size>
         <input_file_ref idref="fl-f5"/>
      </object_component>
      <object_component id="oc-12">
         <name>.text:decompress:lzss:__TI_decompress_lzss</name>
         <load_address>0x585e</load_address>
         <run_address>0x585e</run_address>
         <size>0x68</size>
         <input_file_ref idref="fl-f8"/>
      </object_component>
      <object_component id="oc-3b">
         <name>.text</name>
         <load_address>0x58c8</load_address>
         <run_address>0x58c8</run_address>
         <size>0x54</size>
         <input_file_ref idref="fl-10"/>
      </object_component>
      <object_component id="oc-1bc">
         <name>.text:__TI_auto_init_nobinit_nopinit:__TI_auto_init_nobinit_nopinit</name>
         <load_address>0x591c</load_address>
         <run_address>0x591c</run_address>
         <size>0x44</size>
         <input_file_ref idref="fl-fd"/>
      </object_component>
      <object_component id="oc-298">
         <name>.text</name>
         <load_address>0x5960</load_address>
         <run_address>0x5960</run_address>
         <size>0x44</size>
         <input_file_ref idref="fl-f2"/>
      </object_component>
      <object_component id="oc-15b">
         <name>.text</name>
         <load_address>0x59a4</load_address>
         <run_address>0x59a4</run_address>
         <size>0x3e</size>
         <input_file_ref idref="fl-16"/>
      </object_component>
      <object_component id="oc-6d">
         <name>.text:_c_int00_noargs:_c_int00_noargs</name>
         <load_address>0x59e4</load_address>
         <run_address>0x59e4</run_address>
         <size>0x38</size>
         <input_file_ref idref="fl-f9"/>
      </object_component>
      <object_component id="oc-289">
         <name>.text</name>
         <load_address>0x5a1c</load_address>
         <run_address>0x5a1c</run_address>
         <size>0x20</size>
         <input_file_ref idref="fl-f4"/>
      </object_component>
      <object_component id="oc-18">
         <name>.text:decompress:none:__TI_decompress_none</name>
         <load_address>0x5a3c</load_address>
         <run_address>0x5a3c</run_address>
         <size>0xe</size>
         <input_file_ref idref="fl-f7"/>
      </object_component>
      <object_component id="oc-61">
         <name>.text:decompress:ZI:__TI_zero_init</name>
         <load_address>0x5a4a</load_address>
         <run_address>0x5a4a</run_address>
         <size>0xc</size>
         <input_file_ref idref="fl-f6"/>
      </object_component>
      <object_component id="oc-24">
         <name>.text</name>
         <load_address>0x5a56</load_address>
         <run_address>0x5a56</run_address>
         <size>0xc</size>
         <input_file_ref idref="fl-2"/>
      </object_component>
      <object_component id="oc-16a">
         <name>.text:SysCtlDelay</name>
         <load_address>0x5a62</load_address>
         <run_address>0x5a62</run_address>
         <size>0x6</size>
         <input_file_ref idref="fl-2b"/>
      </object_component>
      <object_component id="oc-e8">
         <name>.text:_system_pre_init</name>
         <load_address>0x5a68</load_address>
         <run_address>0x5a68</run_address>
         <size>0x4</size>
         <input_file_ref idref="fl-fe"/>
      </object_component>
      <object_component id="oc-1b0">
         <name>.text:abort:abort</name>
         <load_address>0x5a6c</load_address>
         <run_address>0x5a6c</run_address>
         <size>0x4</size>
         <input_file_ref idref="fl-fa"/>
      </object_component>
      <object_component id="oc-167">
         <name>.const:g_pppui32XTALtoVCO</name>
         <load_address>0x5a70</load_address>
         <run_address>0x5a70</run_address>
         <size>0x1b0</size>
         <input_file_ref idref="fl-2b"/>
      </object_component>
      <object_component id="oc-150">
         <name>.const:g_ppui32GPIOIntMapSnowflake</name>
         <load_address>0x5c20</load_address>
         <run_address>0x5c20</run_address>
         <size>0xd8</size>
         <input_file_ref idref="fl-1f"/>
      </object_component>
      <object_component id="oc-14d">
         <name>.const:g_ppui32GPIOIntMapBlizzard</name>
         <load_address>0x5cf8</load_address>
         <run_address>0x5cf8</run_address>
         <size>0xc0</size>
         <input_file_ref idref="fl-1f"/>
      </object_component>
      <object_component id="oc-173">
         <name>.const:g_pui32Regs</name>
         <load_address>0x5db8</load_address>
         <run_address>0x5db8</run_address>
         <size>0x9c</size>
         <input_file_ref idref="fl-22"/>
      </object_component>
      <object_component id="oc-153">
         <name>.const:g_pui32GPIOBaseAddrs</name>
         <load_address>0x5e54</load_address>
         <run_address>0x5e54</run_address>
         <size>0x90</size>
         <input_file_ref idref="fl-1f"/>
      </object_component>
      <object_component id="oc-161">
         <name>.const:g_pui32Xtals</name>
         <load_address>0x5ee4</load_address>
         <run_address>0x5ee4</run_address>
         <size>0x6c</size>
         <input_file_ref idref="fl-2b"/>
      </object_component>
      <object_component id="oc-13b">
         <name>.const:g_ppui32TimerIntMap</name>
         <load_address>0x5f50</load_address>
         <run_address>0x5f50</run_address>
         <size>0x60</size>
         <input_file_ref idref="fl-2e"/>
      </object_component>
      <object_component id="oc-13e">
         <name>.const:g_ppui32TimerIntMapSnowflake</name>
         <load_address>0x5fb0</load_address>
         <run_address>0x5fb0</run_address>
         <size>0x40</size>
         <input_file_ref idref="fl-2e"/>
      </object_component>
      <object_component id="oc-158">
         <name>.const:g_sXTALtoMEMTIM</name>
         <load_address>0x5ff0</load_address>
         <run_address>0x5ff0</run_address>
         <size>0x30</size>
         <input_file_ref idref="fl-2b"/>
      </object_component>
      <object_component id="oc-170">
         <name>.const:g_pui32Priority</name>
         <load_address>0x6020</load_address>
         <run_address>0x6020</run_address>
         <size>0x20</size>
         <input_file_ref idref="fl-22"/>
      </object_component>
      <object_component id="oc-179">
         <name>.const:g_pui32Dii16Regs</name>
         <load_address>0x6040</load_address>
         <run_address>0x6040</run_address>
         <size>0x14</size>
         <input_file_ref idref="fl-22"/>
      </object_component>
      <object_component id="oc-176">
         <name>.const:g_pui32EnRegs</name>
         <load_address>0x6054</load_address>
         <run_address>0x6054</run_address>
         <size>0x14</size>
         <input_file_ref idref="fl-22"/>
      </object_component>
      <object_component id="oc-17c">
         <name>.const:g_pui32PendRegs</name>
         <load_address>0x6068</load_address>
         <run_address>0x6068</run_address>
         <size>0x14</size>
         <input_file_ref idref="fl-22"/>
      </object_component>
      <object_component id="oc-17f">
         <name>.const:g_pui32UnpendRegs</name>
         <load_address>0x607c</load_address>
         <run_address>0x607c</run_address>
         <size>0x14</size>
         <input_file_ref idref="fl-22"/>
      </object_component>
      <object_component id="oc-164">
         <name>.const:g_pui32VCOFrequencies</name>
         <load_address>0x6090</load_address>
         <run_address>0x6090</run_address>
         <size>0x8</size>
         <input_file_ref idref="fl-2b"/>
      </object_component>
      <object_component id="oc-85">
         <name>.const</name>
         <load_address>0x6098</load_address>
         <run_address>0x6098</run_address>
         <size>0x4</size>
         <input_file_ref idref="fl-c"/>
      </object_component>
      <object_component id="oc-319">
         <name>.cinit..data.load</name>
         <load_address>0x60a0</load_address>
         <run_address>0x60a0</run_address>
         <size>0x12</size>
      </object_component>
      <object_component id="oc-316">
         <name>__TI_handler_table</name>
         <load_address>0x60b4</load_address>
         <run_address>0x60b4</run_address>
         <size>0xc</size>
      </object_component>
      <object_component id="oc-31a">
         <name>.cinit..bss.load</name>
         <load_address>0x60c0</load_address>
         <run_address>0x60c0</run_address>
         <size>0x8</size>
      </object_component>
      <object_component id="oc-318">
         <name>.cinit..vtable.load</name>
         <load_address>0x60c8</load_address>
         <run_address>0x60c8</run_address>
         <size>0x8</size>
      </object_component>
      <object_component id="oc-317">
         <name>__TI_cinit_table</name>
         <load_address>0x60d0</load_address>
         <run_address>0x60d0</run_address>
         <size>0x18</size>
      </object_component>
      <object_component id="oc-16d">
         <name>.vtable</name>
         <uninitialized>true</uninitialized>
         <run_address>0x20000000</run_address>
         <size>0x26c</size>
         <input_file_ref idref="fl-22"/>
      </object_component>
      <object_component id="oc-b6">
         <name>.data</name>
         <load_address>0x200053c4</load_address>
         <run_address>0x200053c4</run_address>
         <size>0x8</size>
         <input_file_ref idref="fl-7"/>
      </object_component>
      <object_component id="oc-1ff">
         <name>.data</name>
         <load_address>0x200053cc</load_address>
         <run_address>0x200053cc</run_address>
         <size>0x8</size>
         <input_file_ref idref="fl-a"/>
      </object_component>
      <object_component id="oc-8f">
         <name>.data</name>
         <load_address>0x200053d4</load_address>
         <run_address>0x200053d4</run_address>
         <size>0x4</size>
         <input_file_ref idref="fl-c"/>
      </object_component>
      <object_component id="oc-82">
         <name>.data</name>
         <load_address>0x20005390</load_address>
         <run_address>0x20005390</run_address>
         <size>0x34</size>
         <input_file_ref idref="fl-f"/>
      </object_component>
      <object_component id="oc-b9">
         <name>.bss</name>
         <uninitialized>true</uninitialized>
         <run_address>0x20005170</run_address>
         <size>0x8</size>
         <input_file_ref idref="fl-7"/>
      </object_component>
      <object_component id="oc-202">
         <name>.bss:ucHeap</name>
         <uninitialized>true</uninitialized>
         <run_address>0x2000026c</run_address>
         <size>0x4e20</size>
         <input_file_ref idref="fl-a"/>
      </object_component>
      <object_component id="oc-116">
         <name>.bss:pxReadyTasksLists</name>
         <uninitialized>true</uninitialized>
         <run_address>0x2000508c</run_address>
         <size>0x78</size>
         <input_file_ref idref="fl-f"/>
      </object_component>
      <object_component id="oc-125">
         <name>.bss:xDelayedTaskList1</name>
         <uninitialized>true</uninitialized>
         <run_address>0x20005104</run_address>
         <size>0x14</size>
         <input_file_ref idref="fl-f"/>
      </object_component>
      <object_component id="oc-128">
         <name>.bss:xDelayedTaskList2</name>
         <uninitialized>true</uninitialized>
         <run_address>0x20005118</run_address>
         <size>0x14</size>
         <input_file_ref idref="fl-f"/>
      </object_component>
      <object_component id="oc-11c">
         <name>.bss</name>
         <uninitialized>true</uninitialized>
         <run_address>0x20005168</run_address>
         <size>0x8</size>
         <input_file_ref idref="fl-f"/>
      </object_component>
      <object_component id="oc-122">
         <name>.bss:xPendingReadyList</name>
         <uninitialized>true</uninitialized>
         <run_address>0x2000512c</run_address>
         <size>0x14</size>
         <input_file_ref idref="fl-f"/>
      </object_component>
      <object_component id="oc-119">
         <name>.bss:xTasksWaitingTermination</name>
         <uninitialized>true</uninitialized>
         <run_address>0x20005154</run_address>
         <size>0x14</size>
         <input_file_ref idref="fl-f"/>
      </object_component>
      <object_component id="oc-11f">
         <name>.bss:xSuspendedTaskList</name>
         <uninitialized>true</uninitialized>
         <run_address>0x20005140</run_address>
         <size>0x14</size>
         <input_file_ref idref="fl-f"/>
      </object_component>
      <object_component id="oc-1a4">
         <name>.common:Init_Task_Handle</name>
         <uninitialized>true</uninitialized>
         <run_address>0x2000517c</run_address>
         <size>0x4</size>
      </object_component>
      <object_component id="oc-1ae">
         <name>.common:Ultarsonic_Task_Handle</name>
         <uninitialized>true</uninitialized>
         <run_address>0x20005180</run_address>
         <size>0x4</size>
      </object_component>
      <object_component id="oc-1ad">
         <name>.common:CarTaskLogic_Handle</name>
         <uninitialized>true</uninitialized>
         <run_address>0x20005178</run_address>
         <size>0x4</size>
      </object_component>
      <object_component id="oc-25f">
         <name>.common:ultrasonicDistanc</name>
         <uninitialized>true</uninitialized>
         <run_address>0x20005188</run_address>
         <size>0x4</size>
      </object_component>
      <object_component id="oc-c2">
         <name>.common:ptr</name>
         <uninitialized>true</uninitialized>
         <run_address>0x20005184</run_address>
         <size>0x4</size>
      </object_component>
      <object_component id="oc-21">
         <name>.stack</name>
         <uninitialized>true</uninitialized>
         <run_address>0x20005190</run_address>
         <size>0x4</size>
         <input_file_ref idref="fl-f9"/>
      </object_component>
      <object_component id="oc-31b">
         <name>.stack</name>
         <uninitialized>true</uninitialized>
         <run_address>0x20005190</run_address>
         <size>0x0</size>
      </object_component>
      <object_component id="oc-43">
         <name>.debug_info</name>
         <load_address>0x0</load_address>
         <run_address>0x0</run_address>
         <size>0x369</size>
         <input_file_ref idref="fl-2"/>
      </object_component>
      <object_component id="oc-10">
         <name>.debug_info</name>
         <load_address>0x369</load_address>
         <run_address>0x369</run_address>
         <size>0xe8</size>
         <input_file_ref idref="fl-2"/>
      </object_component>
      <object_component id="oc-25">
         <name>.debug_info</name>
         <load_address>0x451</load_address>
         <run_address>0x451</run_address>
         <size>0x264</size>
         <input_file_ref idref="fl-2"/>
      </object_component>
      <object_component id="oc-c8">
         <name>.debug_info</name>
         <load_address>0x6b5</load_address>
         <run_address>0x6b5</run_address>
         <size>0x26b</size>
         <input_file_ref idref="fl-2"/>
      </object_component>
      <object_component id="oc-4a">
         <name>.debug_info</name>
         <load_address>0x920</load_address>
         <run_address>0x920</run_address>
         <size>0x84</size>
         <input_file_ref idref="fl-2"/>
      </object_component>
      <object_component id="oc-186">
         <name>.debug_info</name>
         <load_address>0x9a4</load_address>
         <run_address>0x9a4</run_address>
         <size>0x297</size>
         <input_file_ref idref="fl-2"/>
      </object_component>
      <object_component id="oc-142">
         <name>.debug_info</name>
         <load_address>0xc3b</load_address>
         <run_address>0xc3b</run_address>
         <size>0xef</size>
         <input_file_ref idref="fl-2"/>
      </object_component>
      <object_component id="oc-bb">
         <name>.debug_info</name>
         <load_address>0xd2a</load_address>
         <run_address>0xd2a</run_address>
         <size>0xbb</size>
         <input_file_ref idref="fl-2"/>
      </object_component>
      <object_component id="oc-13a">
         <name>.debug_info</name>
         <load_address>0xde5</load_address>
         <run_address>0xde5</run_address>
         <size>0x479</size>
         <input_file_ref idref="fl-3"/>
      </object_component>
      <object_component id="oc-254">
         <name>.debug_info</name>
         <load_address>0x125e</load_address>
         <run_address>0x125e</run_address>
         <size>0x6de</size>
         <input_file_ref idref="fl-3"/>
      </object_component>
      <object_component id="oc-103">
         <name>.debug_info</name>
         <load_address>0x193c</load_address>
         <run_address>0x193c</run_address>
         <size>0x30c</size>
         <input_file_ref idref="fl-3"/>
      </object_component>
      <object_component id="oc-135">
         <name>.debug_info</name>
         <load_address>0x1c48</load_address>
         <run_address>0x1c48</run_address>
         <size>0x3cd</size>
         <input_file_ref idref="fl-3"/>
      </object_component>
      <object_component id="oc-94">
         <name>.debug_info</name>
         <load_address>0x2015</load_address>
         <run_address>0x2015</run_address>
         <size>0x2c</size>
         <input_file_ref idref="fl-3"/>
      </object_component>
      <object_component id="oc-219">
         <name>.debug_info</name>
         <load_address>0x2041</load_address>
         <run_address>0x2041</run_address>
         <size>0xa1</size>
         <input_file_ref idref="fl-3"/>
      </object_component>
      <object_component id="oc-99">
         <name>.debug_info</name>
         <load_address>0x20e2</load_address>
         <run_address>0x20e2</run_address>
         <size>0x53</size>
         <input_file_ref idref="fl-3"/>
      </object_component>
      <object_component id="oc-130">
         <name>.debug_info</name>
         <load_address>0x2135</load_address>
         <run_address>0x2135</run_address>
         <size>0x14c</size>
         <input_file_ref idref="fl-3"/>
      </object_component>
      <object_component id="oc-1a5">
         <name>.debug_info</name>
         <load_address>0x2281</load_address>
         <run_address>0x2281</run_address>
         <size>0x634</size>
         <input_file_ref idref="fl-4"/>
      </object_component>
      <object_component id="oc-1a8">
         <name>.debug_info</name>
         <load_address>0x28b5</load_address>
         <run_address>0x28b5</run_address>
         <size>0x427</size>
         <input_file_ref idref="fl-4"/>
      </object_component>
      <object_component id="oc-148">
         <name>.debug_info</name>
         <load_address>0x2cdc</load_address>
         <run_address>0x2cdc</run_address>
         <size>0x8b</size>
         <input_file_ref idref="fl-4"/>
      </object_component>
      <object_component id="oc-18d">
         <name>.debug_info</name>
         <load_address>0x2d67</load_address>
         <run_address>0x2d67</run_address>
         <size>0xa1</size>
         <input_file_ref idref="fl-4"/>
      </object_component>
      <object_component id="oc-ef">
         <name>.debug_info</name>
         <load_address>0x2e08</load_address>
         <run_address>0x2e08</run_address>
         <size>0x1cd</size>
         <input_file_ref idref="fl-5"/>
      </object_component>
      <object_component id="oc-2a5">
         <name>.debug_info</name>
         <load_address>0x2fd5</load_address>
         <run_address>0x2fd5</run_address>
         <size>0x4b8</size>
         <input_file_ref idref="fl-6"/>
      </object_component>
      <object_component id="oc-c0">
         <name>.debug_info</name>
         <load_address>0x348d</load_address>
         <run_address>0x348d</run_address>
         <size>0x56a</size>
         <input_file_ref idref="fl-7"/>
      </object_component>
      <object_component id="oc-b7">
         <name>.debug_info</name>
         <load_address>0x39f7</load_address>
         <run_address>0x39f7</run_address>
         <size>0xe8</size>
         <input_file_ref idref="fl-7"/>
      </object_component>
      <object_component id="oc-36">
         <name>.debug_info</name>
         <load_address>0x3adf</load_address>
         <run_address>0x3adf</run_address>
         <size>0x439</size>
         <input_file_ref idref="fl-7"/>
      </object_component>
      <object_component id="oc-2ac">
         <name>.debug_info</name>
         <load_address>0x3f18</load_address>
         <run_address>0x3f18</run_address>
         <size>0x45c</size>
         <input_file_ref idref="fl-8"/>
      </object_component>
      <object_component id="oc-25a">
         <name>.debug_info</name>
         <load_address>0x4374</load_address>
         <run_address>0x4374</run_address>
         <size>0xb1b</size>
         <input_file_ref idref="fl-8"/>
      </object_component>
      <object_component id="oc-24e">
         <name>.debug_info</name>
         <load_address>0x4e8f</load_address>
         <run_address>0x4e8f</run_address>
         <size>0x457</size>
         <input_file_ref idref="fl-9"/>
      </object_component>
      <object_component id="oc-206">
         <name>.debug_info</name>
         <load_address>0x52e6</load_address>
         <run_address>0x52e6</run_address>
         <size>0x3d9</size>
         <input_file_ref idref="fl-a"/>
      </object_component>
      <object_component id="oc-203">
         <name>.debug_info</name>
         <load_address>0x56bf</load_address>
         <run_address>0x56bf</run_address>
         <size>0xdf</size>
         <input_file_ref idref="fl-a"/>
      </object_component>
      <object_component id="oc-200">
         <name>.debug_info</name>
         <load_address>0x579e</load_address>
         <run_address>0x579e</run_address>
         <size>0xed</size>
         <input_file_ref idref="fl-a"/>
      </object_component>
      <object_component id="oc-10b">
         <name>.debug_info</name>
         <load_address>0x588b</load_address>
         <run_address>0x588b</run_address>
         <size>0x3a5</size>
         <input_file_ref idref="fl-a"/>
      </object_component>
      <object_component id="oc-1fa">
         <name>.debug_info</name>
         <load_address>0x5c30</load_address>
         <run_address>0x5c30</run_address>
         <size>0x110</size>
         <input_file_ref idref="fl-a"/>
      </object_component>
      <object_component id="oc-208">
         <name>.debug_info</name>
         <load_address>0x5d40</load_address>
         <run_address>0x5d40</run_address>
         <size>0x352</size>
         <input_file_ref idref="fl-b"/>
      </object_component>
      <object_component id="oc-111">
         <name>.debug_info</name>
         <load_address>0x6092</load_address>
         <run_address>0x6092</run_address>
         <size>0x533</size>
         <input_file_ref idref="fl-b"/>
      </object_component>
      <object_component id="oc-93">
         <name>.debug_info</name>
         <load_address>0x65c5</load_address>
         <run_address>0x65c5</run_address>
         <size>0x3d1</size>
         <input_file_ref idref="fl-c"/>
      </object_component>
      <object_component id="oc-86">
         <name>.debug_info</name>
         <load_address>0x6996</load_address>
         <run_address>0x6996</run_address>
         <size>0x10c</size>
         <input_file_ref idref="fl-c"/>
      </object_component>
      <object_component id="oc-90">
         <name>.debug_info</name>
         <load_address>0x6aa2</load_address>
         <run_address>0x6aa2</run_address>
         <size>0xf3</size>
         <input_file_ref idref="fl-c"/>
      </object_component>
      <object_component id="oc-30">
         <name>.debug_info</name>
         <load_address>0x6b95</load_address>
         <run_address>0x6b95</run_address>
         <size>0x613</size>
         <input_file_ref idref="fl-c"/>
      </object_component>
      <object_component id="oc-2b">
         <name>.debug_info</name>
         <load_address>0x71a8</load_address>
         <run_address>0x71a8</run_address>
         <size>0x244</size>
         <input_file_ref idref="fl-d"/>
      </object_component>
      <object_component id="oc-102">
         <name>.debug_info</name>
         <load_address>0x73ec</load_address>
         <run_address>0x73ec</run_address>
         <size>0x727</size>
         <input_file_ref idref="fl-f"/>
      </object_component>
      <object_component id="oc-83">
         <name>.debug_info</name>
         <load_address>0x7b13</load_address>
         <run_address>0x7b13</run_address>
         <size>0x34e</size>
         <input_file_ref idref="fl-f"/>
      </object_component>
      <object_component id="oc-117">
         <name>.debug_info</name>
         <load_address>0x7e61</load_address>
         <run_address>0x7e61</run_address>
         <size>0xf5</size>
         <input_file_ref idref="fl-f"/>
      </object_component>
      <object_component id="oc-126">
         <name>.debug_info</name>
         <load_address>0x7f56</load_address>
         <run_address>0x7f56</run_address>
         <size>0xf5</size>
         <input_file_ref idref="fl-f"/>
      </object_component>
      <object_component id="oc-129">
         <name>.debug_info</name>
         <load_address>0x804b</load_address>
         <run_address>0x804b</run_address>
         <size>0xf5</size>
         <input_file_ref idref="fl-f"/>
      </object_component>
      <object_component id="oc-11d">
         <name>.debug_info</name>
         <load_address>0x8140</load_address>
         <run_address>0x8140</run_address>
         <size>0x138</size>
         <input_file_ref idref="fl-f"/>
      </object_component>
      <object_component id="oc-123">
         <name>.debug_info</name>
         <load_address>0x8278</load_address>
         <run_address>0x8278</run_address>
         <size>0xf5</size>
         <input_file_ref idref="fl-f"/>
      </object_component>
      <object_component id="oc-11a">
         <name>.debug_info</name>
         <load_address>0x836d</load_address>
         <run_address>0x836d</run_address>
         <size>0x103</size>
         <input_file_ref idref="fl-f"/>
      </object_component>
      <object_component id="oc-120">
         <name>.debug_info</name>
         <load_address>0x8470</load_address>
         <run_address>0x8470</run_address>
         <size>0xf7</size>
         <input_file_ref idref="fl-f"/>
      </object_component>
      <object_component id="oc-89">
         <name>.debug_info</name>
         <load_address>0x8567</load_address>
         <run_address>0x8567</run_address>
         <size>0x51d2</size>
         <input_file_ref idref="fl-f"/>
      </object_component>
      <object_component id="oc-1f0">
         <name>.debug_info</name>
         <load_address>0xd739</load_address>
         <run_address>0xd739</run_address>
         <size>0x46</size>
         <input_file_ref idref="fl-f"/>
      </object_component>
      <object_component id="oc-1f5">
         <name>.debug_info</name>
         <load_address>0xd77f</load_address>
         <run_address>0xd77f</run_address>
         <size>0x15b</size>
         <input_file_ref idref="fl-f"/>
      </object_component>
      <object_component id="oc-c3">
         <name>.debug_info</name>
         <load_address>0xd8da</load_address>
         <run_address>0xd8da</run_address>
         <size>0x396</size>
         <input_file_ref idref="fl-10"/>
      </object_component>
      <object_component id="oc-3c">
         <name>.debug_info</name>
         <load_address>0xdc70</load_address>
         <run_address>0xdc70</run_address>
         <size>0x2b3</size>
         <input_file_ref idref="fl-10"/>
      </object_component>
      <object_component id="oc-29f">
         <name>.debug_info</name>
         <load_address>0xdf23</load_address>
         <run_address>0xdf23</run_address>
         <size>0x391</size>
         <input_file_ref idref="fl-11"/>
      </object_component>
      <object_component id="oc-15c">
         <name>.debug_info</name>
         <load_address>0xe2b4</load_address>
         <run_address>0xe2b4</run_address>
         <size>0x3eb</size>
         <input_file_ref idref="fl-16"/>
      </object_component>
      <object_component id="oc-157">
         <name>.debug_info</name>
         <load_address>0xe69f</load_address>
         <run_address>0xe69f</run_address>
         <size>0x367</size>
         <input_file_ref idref="fl-1f"/>
      </object_component>
      <object_component id="oc-14e">
         <name>.debug_info</name>
         <load_address>0xea06</load_address>
         <run_address>0xea06</run_address>
         <size>0x107</size>
         <input_file_ref idref="fl-1f"/>
      </object_component>
      <object_component id="oc-151">
         <name>.debug_info</name>
         <load_address>0xeb0d</load_address>
         <run_address>0xeb0d</run_address>
         <size>0x109</size>
         <input_file_ref idref="fl-1f"/>
      </object_component>
      <object_component id="oc-154">
         <name>.debug_info</name>
         <load_address>0xec16</load_address>
         <run_address>0xec16</run_address>
         <size>0xfb</size>
         <input_file_ref idref="fl-1f"/>
      </object_component>
      <object_component id="oc-a5">
         <name>.debug_info</name>
         <load_address>0xed11</load_address>
         <run_address>0xed11</run_address>
         <size>0x3686</size>
         <input_file_ref idref="fl-1f"/>
      </object_component>
      <object_component id="oc-183">
         <name>.debug_info</name>
         <load_address>0x12397</load_address>
         <run_address>0x12397</run_address>
         <size>0x344</size>
         <input_file_ref idref="fl-22"/>
      </object_component>
      <object_component id="oc-171">
         <name>.debug_info</name>
         <load_address>0x126db</load_address>
         <run_address>0x126db</run_address>
         <size>0xf6</size>
         <input_file_ref idref="fl-22"/>
      </object_component>
      <object_component id="oc-174">
         <name>.debug_info</name>
         <load_address>0x127d1</load_address>
         <run_address>0x127d1</run_address>
         <size>0xee</size>
         <input_file_ref idref="fl-22"/>
      </object_component>
      <object_component id="oc-177">
         <name>.debug_info</name>
         <load_address>0x128bf</load_address>
         <run_address>0x128bf</run_address>
         <size>0xf2</size>
         <input_file_ref idref="fl-22"/>
      </object_component>
      <object_component id="oc-17a">
         <name>.debug_info</name>
         <load_address>0x129b1</load_address>
         <run_address>0x129b1</run_address>
         <size>0xf8</size>
         <input_file_ref idref="fl-22"/>
      </object_component>
      <object_component id="oc-17d">
         <name>.debug_info</name>
         <load_address>0x12aa9</load_address>
         <run_address>0x12aa9</run_address>
         <size>0xf6</size>
         <input_file_ref idref="fl-22"/>
      </object_component>
      <object_component id="oc-180">
         <name>.debug_info</name>
         <load_address>0x12b9f</load_address>
         <run_address>0x12b9f</run_address>
         <size>0xfa</size>
         <input_file_ref idref="fl-22"/>
      </object_component>
      <object_component id="oc-16e">
         <name>.debug_info</name>
         <load_address>0x12c99</load_address>
         <run_address>0x12c99</run_address>
         <size>0xf7</size>
         <input_file_ref idref="fl-22"/>
      </object_component>
      <object_component id="oc-b1">
         <name>.debug_info</name>
         <load_address>0x12d90</load_address>
         <run_address>0x12d90</run_address>
         <size>0xed3</size>
         <input_file_ref idref="fl-22"/>
      </object_component>
      <object_component id="oc-2ec">
         <name>.debug_info</name>
         <load_address>0x13c63</load_address>
         <run_address>0x13c63</run_address>
         <size>0x319</size>
         <input_file_ref idref="fl-26"/>
      </object_component>
      <object_component id="oc-2d3">
         <name>.debug_info</name>
         <load_address>0x13f7c</load_address>
         <run_address>0x13f7c</run_address>
         <size>0x2bb0</size>
         <input_file_ref idref="fl-26"/>
      </object_component>
      <object_component id="oc-16c">
         <name>.debug_info</name>
         <load_address>0x16b2c</load_address>
         <run_address>0x16b2c</run_address>
         <size>0x3c9</size>
         <input_file_ref idref="fl-2b"/>
      </object_component>
      <object_component id="oc-162">
         <name>.debug_info</name>
         <load_address>0x16ef5</load_address>
         <run_address>0x16ef5</run_address>
         <size>0xed</size>
         <input_file_ref idref="fl-2b"/>
      </object_component>
      <object_component id="oc-168">
         <name>.debug_info</name>
         <load_address>0x16fe2</load_address>
         <run_address>0x16fe2</run_address>
         <size>0xf9</size>
         <input_file_ref idref="fl-2b"/>
      </object_component>
      <object_component id="oc-159">
         <name>.debug_info</name>
         <load_address>0x170db</load_address>
         <run_address>0x170db</run_address>
         <size>0xf3</size>
         <input_file_ref idref="fl-2b"/>
      </object_component>
      <object_component id="oc-165">
         <name>.debug_info</name>
         <load_address>0x171ce</load_address>
         <run_address>0x171ce</run_address>
         <size>0x100</size>
         <input_file_ref idref="fl-2b"/>
      </object_component>
      <object_component id="oc-ab">
         <name>.debug_info</name>
         <load_address>0x172ce</load_address>
         <run_address>0x172ce</run_address>
         <size>0x3179</size>
         <input_file_ref idref="fl-2b"/>
      </object_component>
      <object_component id="oc-237">
         <name>.debug_info</name>
         <load_address>0x1a447</load_address>
         <run_address>0x1a447</run_address>
         <size>0x51</size>
         <input_file_ref idref="fl-2b"/>
      </object_component>
      <object_component id="oc-147">
         <name>.debug_info</name>
         <load_address>0x1a498</load_address>
         <run_address>0x1a498</run_address>
         <size>0x354</size>
         <input_file_ref idref="fl-2e"/>
      </object_component>
      <object_component id="oc-13c">
         <name>.debug_info</name>
         <load_address>0x1a7ec</load_address>
         <run_address>0x1a7ec</run_address>
         <size>0xfa</size>
         <input_file_ref idref="fl-2e"/>
      </object_component>
      <object_component id="oc-13f">
         <name>.debug_info</name>
         <load_address>0x1a8e6</load_address>
         <run_address>0x1a8e6</run_address>
         <size>0x10c</size>
         <input_file_ref idref="fl-2e"/>
      </object_component>
      <object_component id="oc-9f">
         <name>.debug_info</name>
         <load_address>0x1a9f2</load_address>
         <run_address>0x1a9f2</run_address>
         <size>0x28c6</size>
         <input_file_ref idref="fl-2e"/>
      </object_component>
      <object_component id="oc-291">
         <name>.debug_info</name>
         <load_address>0x1d2b8</load_address>
         <run_address>0x1d2b8</run_address>
         <size>0x132</size>
         <input_file_ref idref="fl-f0"/>
      </object_component>
      <object_component id="oc-296">
         <name>.debug_info</name>
         <load_address>0x1d3ea</load_address>
         <run_address>0x1d3ea</run_address>
         <size>0x132</size>
         <input_file_ref idref="fl-f1"/>
      </object_component>
      <object_component id="oc-299">
         <name>.debug_info</name>
         <load_address>0x1d51c</load_address>
         <run_address>0x1d51c</run_address>
         <size>0x131</size>
         <input_file_ref idref="fl-f2"/>
      </object_component>
      <object_component id="oc-50">
         <name>.debug_info</name>
         <load_address>0x1d64d</load_address>
         <run_address>0x1d64d</run_address>
         <size>0x111</size>
         <input_file_ref idref="fl-f3"/>
      </object_component>
      <object_component id="oc-28a">
         <name>.debug_info</name>
         <load_address>0x1d75e</load_address>
         <run_address>0x1d75e</run_address>
         <size>0x126</size>
         <input_file_ref idref="fl-f4"/>
      </object_component>
      <object_component id="oc-e3">
         <name>.debug_info</name>
         <load_address>0x1d884</load_address>
         <run_address>0x1d884</run_address>
         <size>0x13f</size>
         <input_file_ref idref="fl-f5"/>
      </object_component>
      <object_component id="oc-e1">
         <name>.debug_info</name>
         <load_address>0x1d9c3</load_address>
         <run_address>0x1d9c3</run_address>
         <size>0x313</size>
         <input_file_ref idref="fl-f6"/>
      </object_component>
      <object_component id="oc-62">
         <name>.debug_info</name>
         <load_address>0x1dcd6</load_address>
         <run_address>0x1dcd6</run_address>
         <size>0x1aa</size>
         <input_file_ref idref="fl-f6"/>
      </object_component>
      <object_component id="oc-dc">
         <name>.debug_info</name>
         <load_address>0x1de80</load_address>
         <run_address>0x1de80</run_address>
         <size>0x46</size>
         <input_file_ref idref="fl-f6"/>
      </object_component>
      <object_component id="oc-19b">
         <name>.debug_info</name>
         <load_address>0x1dec6</load_address>
         <run_address>0x1dec6</run_address>
         <size>0x2c</size>
         <input_file_ref idref="fl-f6"/>
      </object_component>
      <object_component id="oc-5a">
         <name>.debug_info</name>
         <load_address>0x1def2</load_address>
         <run_address>0x1def2</run_address>
         <size>0x29d</size>
         <input_file_ref idref="fl-f7"/>
      </object_component>
      <object_component id="oc-19">
         <name>.debug_info</name>
         <load_address>0x1e18f</load_address>
         <run_address>0x1e18f</run_address>
         <size>0x1df</size>
         <input_file_ref idref="fl-f7"/>
      </object_component>
      <object_component id="oc-55">
         <name>.debug_info</name>
         <load_address>0x1e36e</load_address>
         <run_address>0x1e36e</run_address>
         <size>0x46</size>
         <input_file_ref idref="fl-f7"/>
      </object_component>
      <object_component id="oc-d4">
         <name>.debug_info</name>
         <load_address>0x1e3b4</load_address>
         <run_address>0x1e3b4</run_address>
         <size>0x2c</size>
         <input_file_ref idref="fl-f7"/>
      </object_component>
      <object_component id="oc-d2">
         <name>.debug_info</name>
         <load_address>0x1e3e0</load_address>
         <run_address>0x1e3e0</run_address>
         <size>0x293</size>
         <input_file_ref idref="fl-f8"/>
      </object_component>
      <object_component id="oc-16">
         <name>.debug_info</name>
         <load_address>0x1e673</load_address>
         <run_address>0x1e673</run_address>
         <size>0x245</size>
         <input_file_ref idref="fl-f8"/>
      </object_component>
      <object_component id="oc-45">
         <name>.debug_info</name>
         <load_address>0x1e8b8</load_address>
         <run_address>0x1e8b8</run_address>
         <size>0x60</size>
         <input_file_ref idref="fl-f8"/>
      </object_component>
      <object_component id="oc-194">
         <name>.debug_info</name>
         <load_address>0x1e918</load_address>
         <run_address>0x1e918</run_address>
         <size>0x46</size>
         <input_file_ref idref="fl-f8"/>
      </object_component>
      <object_component id="oc-cd">
         <name>.debug_info</name>
         <load_address>0x1e95e</load_address>
         <run_address>0x1e95e</run_address>
         <size>0x39</size>
         <input_file_ref idref="fl-f8"/>
      </object_component>
      <object_component id="oc-22">
         <name>.debug_info</name>
         <load_address>0x1e997</load_address>
         <run_address>0x1e997</run_address>
         <size>0x100</size>
         <input_file_ref idref="fl-f9"/>
      </object_component>
      <object_component id="oc-70">
         <name>.debug_info</name>
         <load_address>0x1ea97</load_address>
         <run_address>0x1ea97</run_address>
         <size>0x1a4</size>
         <input_file_ref idref="fl-f9"/>
      </object_component>
      <object_component id="oc-1b2">
         <name>.debug_info</name>
         <load_address>0x1ec3b</load_address>
         <run_address>0x1ec3b</run_address>
         <size>0x117</size>
         <input_file_ref idref="fl-fa"/>
      </object_component>
      <object_component id="oc-26c">
         <name>.debug_info</name>
         <load_address>0x1ed52</load_address>
         <run_address>0x1ed52</run_address>
         <size>0x547</size>
         <input_file_ref idref="fl-fd"/>
      </object_component>
      <object_component id="oc-1c0">
         <name>.debug_info</name>
         <load_address>0x1f299</load_address>
         <run_address>0x1f299</run_address>
         <size>0x19b</size>
         <input_file_ref idref="fl-fd"/>
      </object_component>
      <object_component id="oc-2bd">
         <name>.debug_info</name>
         <load_address>0x1f434</load_address>
         <run_address>0x1f434</run_address>
         <size>0x39</size>
         <input_file_ref idref="fl-fd"/>
      </object_component>
      <object_component id="oc-2df">
         <name>.debug_info</name>
         <load_address>0x1f46d</load_address>
         <run_address>0x1f46d</run_address>
         <size>0x39</size>
         <input_file_ref idref="fl-fd"/>
      </object_component>
      <object_component id="oc-2c2">
         <name>.debug_info</name>
         <load_address>0x1f4a6</load_address>
         <run_address>0x1f4a6</run_address>
         <size>0x39</size>
         <input_file_ref idref="fl-fd"/>
      </object_component>
      <object_component id="oc-2c7">
         <name>.debug_info</name>
         <load_address>0x1f4df</load_address>
         <run_address>0x1f4df</run_address>
         <size>0xcd</size>
         <input_file_ref idref="fl-fd"/>
      </object_component>
      <object_component id="oc-ec">
         <name>.debug_info</name>
         <load_address>0x1f5ac</load_address>
         <run_address>0x1f5ac</run_address>
         <size>0x148</size>
         <input_file_ref idref="fl-fe"/>
      </object_component>
      <object_component id="oc-31c">
         <name>.debug_info</name>
         <load_address>0x1f6f4</load_address>
         <run_address>0x1f6f4</run_address>
         <size>0x9e</size>
      </object_component>
      <object_component id="oc-c7">
         <name>.debug_line</name>
         <load_address>0x0</load_address>
         <run_address>0x0</run_address>
         <size>0x41</size>
         <input_file_ref idref="fl-2"/>
      </object_component>
      <object_component id="oc-42">
         <name>.debug_line</name>
         <load_address>0x41</load_address>
         <run_address>0x41</run_address>
         <size>0x41</size>
         <input_file_ref idref="fl-2"/>
      </object_component>
      <object_component id="oc-28">
         <name>.debug_line</name>
         <load_address>0x82</load_address>
         <run_address>0x82</run_address>
         <size>0xa1</size>
         <input_file_ref idref="fl-2"/>
      </object_component>
      <object_component id="oc-cb">
         <name>.debug_line</name>
         <load_address>0x123</load_address>
         <run_address>0x123</run_address>
         <size>0x69</size>
         <input_file_ref idref="fl-2"/>
      </object_component>
      <object_component id="oc-4d">
         <name>.debug_line</name>
         <load_address>0x18c</load_address>
         <run_address>0x18c</run_address>
         <size>0x20</size>
         <input_file_ref idref="fl-2"/>
      </object_component>
      <object_component id="oc-189">
         <name>.debug_line</name>
         <load_address>0x1ac</load_address>
         <run_address>0x1ac</run_address>
         <size>0x6d</size>
         <input_file_ref idref="fl-2"/>
      </object_component>
      <object_component id="oc-145">
         <name>.debug_line</name>
         <load_address>0x219</load_address>
         <run_address>0x219</run_address>
         <size>0x69</size>
         <input_file_ref idref="fl-2"/>
      </object_component>
      <object_component id="oc-be">
         <name>.debug_line</name>
         <load_address>0x282</load_address>
         <run_address>0x282</run_address>
         <size>0x6a</size>
         <input_file_ref idref="fl-2"/>
      </object_component>
      <object_component id="oc-218">
         <name>.debug_line</name>
         <load_address>0x2ec</load_address>
         <run_address>0x2ec</run_address>
         <size>0xf8</size>
         <input_file_ref idref="fl-3"/>
      </object_component>
      <object_component id="oc-257">
         <name>.debug_line</name>
         <load_address>0x3e4</load_address>
         <run_address>0x3e4</run_address>
         <size>0x121</size>
         <input_file_ref idref="fl-3"/>
      </object_component>
      <object_component id="oc-106">
         <name>.debug_line</name>
         <load_address>0x505</load_address>
         <run_address>0x505</run_address>
         <size>0x6a</size>
         <input_file_ref idref="fl-3"/>
      </object_component>
      <object_component id="oc-138">
         <name>.debug_line</name>
         <load_address>0x56f</load_address>
         <run_address>0x56f</run_address>
         <size>0x6e</size>
         <input_file_ref idref="fl-3"/>
      </object_component>
      <object_component id="oc-97">
         <name>.debug_line</name>
         <load_address>0x5dd</load_address>
         <run_address>0x5dd</run_address>
         <size>0x6e</size>
         <input_file_ref idref="fl-3"/>
      </object_component>
      <object_component id="oc-21c">
         <name>.debug_line</name>
         <load_address>0x64b</load_address>
         <run_address>0x64b</run_address>
         <size>0x63</size>
         <input_file_ref idref="fl-3"/>
      </object_component>
      <object_component id="oc-9c">
         <name>.debug_line</name>
         <load_address>0x6ae</load_address>
         <run_address>0x6ae</run_address>
         <size>0x6f</size>
         <input_file_ref idref="fl-3"/>
      </object_component>
      <object_component id="oc-133">
         <name>.debug_line</name>
         <load_address>0x71d</load_address>
         <run_address>0x71d</run_address>
         <size>0x6a</size>
         <input_file_ref idref="fl-3"/>
      </object_component>
      <object_component id="oc-24c">
         <name>.debug_line</name>
         <load_address>0x787</load_address>
         <run_address>0x787</run_address>
         <size>0x1b5</size>
         <input_file_ref idref="fl-4"/>
      </object_component>
      <object_component id="oc-1ab">
         <name>.debug_line</name>
         <load_address>0x93c</load_address>
         <run_address>0x93c</run_address>
         <size>0xa6</size>
         <input_file_ref idref="fl-4"/>
      </object_component>
      <object_component id="oc-14b">
         <name>.debug_line</name>
         <load_address>0x9e2</load_address>
         <run_address>0x9e2</run_address>
         <size>0x20</size>
         <input_file_ref idref="fl-4"/>
      </object_component>
      <object_component id="oc-190">
         <name>.debug_line</name>
         <load_address>0xa02</load_address>
         <run_address>0xa02</run_address>
         <size>0x64</size>
         <input_file_ref idref="fl-4"/>
      </object_component>
      <object_component id="oc-f2">
         <name>.debug_line</name>
         <load_address>0xa66</load_address>
         <run_address>0xa66</run_address>
         <size>0x6a</size>
         <input_file_ref idref="fl-5"/>
      </object_component>
      <object_component id="oc-2a8">
         <name>.debug_line</name>
         <load_address>0xad0</load_address>
         <run_address>0xad0</run_address>
         <size>0xeb</size>
         <input_file_ref idref="fl-6"/>
      </object_component>
      <object_component id="oc-18c">
         <name>.debug_line</name>
         <load_address>0xbbb</load_address>
         <run_address>0xbbb</run_address>
         <size>0x1fb</size>
         <input_file_ref idref="fl-7"/>
      </object_component>
      <object_component id="oc-185">
         <name>.debug_line</name>
         <load_address>0xdb6</load_address>
         <run_address>0xdb6</run_address>
         <size>0x3a</size>
         <input_file_ref idref="fl-7"/>
      </object_component>
      <object_component id="oc-39">
         <name>.debug_line</name>
         <load_address>0xdf0</load_address>
         <run_address>0xdf0</run_address>
         <size>0xe0</size>
         <input_file_ref idref="fl-7"/>
      </object_component>
      <object_component id="oc-2db">
         <name>.debug_line</name>
         <load_address>0xed0</load_address>
         <run_address>0xed0</run_address>
         <size>0xba</size>
         <input_file_ref idref="fl-8"/>
      </object_component>
      <object_component id="oc-25d">
         <name>.debug_line</name>
         <load_address>0xf8a</load_address>
         <run_address>0xf8a</run_address>
         <size>0x19f</size>
         <input_file_ref idref="fl-8"/>
      </object_component>
      <object_component id="oc-251">
         <name>.debug_line</name>
         <load_address>0x1129</load_address>
         <run_address>0x1129</run_address>
         <size>0xba</size>
         <input_file_ref idref="fl-9"/>
      </object_component>
      <object_component id="oc-286">
         <name>.debug_line</name>
         <load_address>0x11e3</load_address>
         <run_address>0x11e3</run_address>
         <size>0x6a</size>
         <input_file_ref idref="fl-a"/>
      </object_component>
      <object_component id="oc-284">
         <name>.debug_line</name>
         <load_address>0x124d</load_address>
         <run_address>0x124d</run_address>
         <size>0x45</size>
         <input_file_ref idref="fl-a"/>
      </object_component>
      <object_component id="oc-282">
         <name>.debug_line</name>
         <load_address>0x1292</load_address>
         <run_address>0x1292</run_address>
         <size>0x45</size>
         <input_file_ref idref="fl-a"/>
      </object_component>
      <object_component id="oc-10e">
         <name>.debug_line</name>
         <load_address>0x12d7</load_address>
         <run_address>0x12d7</run_address>
         <size>0xc8</size>
         <input_file_ref idref="fl-a"/>
      </object_component>
      <object_component id="oc-1fd">
         <name>.debug_line</name>
         <load_address>0x139f</load_address>
         <run_address>0x139f</run_address>
         <size>0x65</size>
         <input_file_ref idref="fl-a"/>
      </object_component>
      <object_component id="oc-288">
         <name>.debug_line</name>
         <load_address>0x1404</load_address>
         <run_address>0x1404</run_address>
         <size>0x20</size>
         <input_file_ref idref="fl-b"/>
      </object_component>
      <object_component id="oc-114">
         <name>.debug_line</name>
         <load_address>0x1424</load_address>
         <run_address>0x1424</run_address>
         <size>0xfb</size>
         <input_file_ref idref="fl-b"/>
      </object_component>
      <object_component id="oc-12f">
         <name>.debug_line</name>
         <load_address>0x151f</load_address>
         <run_address>0x151f</run_address>
         <size>0x8d</size>
         <input_file_ref idref="fl-c"/>
      </object_component>
      <object_component id="oc-109">
         <name>.debug_line</name>
         <load_address>0x15ac</load_address>
         <run_address>0x15ac</run_address>
         <size>0x43</size>
         <input_file_ref idref="fl-c"/>
      </object_component>
      <object_component id="oc-12d">
         <name>.debug_line</name>
         <load_address>0x15ef</load_address>
         <run_address>0x15ef</run_address>
         <size>0x43</size>
         <input_file_ref idref="fl-c"/>
      </object_component>
      <object_component id="oc-33">
         <name>.debug_line</name>
         <load_address>0x1632</load_address>
         <run_address>0x1632</run_address>
         <size>0x145</size>
         <input_file_ref idref="fl-c"/>
      </object_component>
      <object_component id="oc-2e">
         <name>.debug_line</name>
         <load_address>0x1777</load_address>
         <run_address>0x1777</run_address>
         <size>0xd8</size>
         <input_file_ref idref="fl-d"/>
      </object_component>
      <object_component id="oc-1ef">
         <name>.debug_line</name>
         <load_address>0x184f</load_address>
         <run_address>0x184f</run_address>
         <size>0x14c</size>
         <input_file_ref idref="fl-f"/>
      </object_component>
      <object_component id="oc-101">
         <name>.debug_line</name>
         <load_address>0x199b</load_address>
         <run_address>0x199b</run_address>
         <size>0x44</size>
         <input_file_ref idref="fl-f"/>
      </object_component>
      <object_component id="oc-20a">
         <name>.debug_line</name>
         <load_address>0x19df</load_address>
         <run_address>0x19df</run_address>
         <size>0x44</size>
         <input_file_ref idref="fl-f"/>
      </object_component>
      <object_component id="oc-214">
         <name>.debug_line</name>
         <load_address>0x1a23</load_address>
         <run_address>0x1a23</run_address>
         <size>0x44</size>
         <input_file_ref idref="fl-f"/>
      </object_component>
      <object_component id="oc-216">
         <name>.debug_line</name>
         <load_address>0x1a67</load_address>
         <run_address>0x1a67</run_address>
         <size>0x44</size>
         <input_file_ref idref="fl-f"/>
      </object_component>
      <object_component id="oc-20e">
         <name>.debug_line</name>
         <load_address>0x1aab</load_address>
         <run_address>0x1aab</run_address>
         <size>0x44</size>
         <input_file_ref idref="fl-f"/>
      </object_component>
      <object_component id="oc-212">
         <name>.debug_line</name>
         <load_address>0x1aef</load_address>
         <run_address>0x1aef</run_address>
         <size>0x44</size>
         <input_file_ref idref="fl-f"/>
      </object_component>
      <object_component id="oc-20c">
         <name>.debug_line</name>
         <load_address>0x1b33</load_address>
         <run_address>0x1b33</run_address>
         <size>0x44</size>
         <input_file_ref idref="fl-f"/>
      </object_component>
      <object_component id="oc-210">
         <name>.debug_line</name>
         <load_address>0x1b77</load_address>
         <run_address>0x1b77</run_address>
         <size>0x44</size>
         <input_file_ref idref="fl-f"/>
      </object_component>
      <object_component id="oc-8c">
         <name>.debug_line</name>
         <load_address>0x1bbb</load_address>
         <run_address>0x1bbb</run_address>
         <size>0xd93</size>
         <input_file_ref idref="fl-f"/>
      </object_component>
      <object_component id="oc-1f3">
         <name>.debug_line</name>
         <load_address>0x294e</load_address>
         <run_address>0x294e</run_address>
         <size>0x6c</size>
         <input_file_ref idref="fl-f"/>
      </object_component>
      <object_component id="oc-1f8">
         <name>.debug_line</name>
         <load_address>0x29ba</load_address>
         <run_address>0x29ba</run_address>
         <size>0x44</size>
         <input_file_ref idref="fl-f"/>
      </object_component>
      <object_component id="oc-193">
         <name>.debug_line</name>
         <load_address>0x29fe</load_address>
         <run_address>0x29fe</run_address>
         <size>0x8d</size>
         <input_file_ref idref="fl-10"/>
      </object_component>
      <object_component id="oc-3f">
         <name>.debug_line</name>
         <load_address>0x2a8b</load_address>
         <run_address>0x2a8b</run_address>
         <size>0x8f</size>
         <input_file_ref idref="fl-10"/>
      </object_component>
      <object_component id="oc-2a2">
         <name>.debug_line</name>
         <load_address>0x2b1a</load_address>
         <run_address>0x2b1a</run_address>
         <size>0x85</size>
         <input_file_ref idref="fl-11"/>
      </object_component>
      <object_component id="oc-15f">
         <name>.debug_line</name>
         <load_address>0x2b9f</load_address>
         <run_address>0x2b9f</run_address>
         <size>0xe7</size>
         <input_file_ref idref="fl-16"/>
      </object_component>
      <object_component id="oc-22b">
         <name>.debug_line</name>
         <load_address>0x2c86</load_address>
         <run_address>0x2c86</run_address>
         <size>0x4a</size>
         <input_file_ref idref="fl-1f"/>
      </object_component>
      <object_component id="oc-225">
         <name>.debug_line</name>
         <load_address>0x2cd0</load_address>
         <run_address>0x2cd0</run_address>
         <size>0x45</size>
         <input_file_ref idref="fl-1f"/>
      </object_component>
      <object_component id="oc-227">
         <name>.debug_line</name>
         <load_address>0x2d15</load_address>
         <run_address>0x2d15</run_address>
         <size>0x45</size>
         <input_file_ref idref="fl-1f"/>
      </object_component>
      <object_component id="oc-229">
         <name>.debug_line</name>
         <load_address>0x2d5a</load_address>
         <run_address>0x2d5a</run_address>
         <size>0x45</size>
         <input_file_ref idref="fl-1f"/>
      </object_component>
      <object_component id="oc-a8">
         <name>.debug_line</name>
         <load_address>0x2d9f</load_address>
         <run_address>0x2d9f</run_address>
         <size>0x640</size>
         <input_file_ref idref="fl-1f"/>
      </object_component>
      <object_component id="oc-24a">
         <name>.debug_line</name>
         <load_address>0x33df</load_address>
         <run_address>0x33df</run_address>
         <size>0x44</size>
         <input_file_ref idref="fl-22"/>
      </object_component>
      <object_component id="oc-23e">
         <name>.debug_line</name>
         <load_address>0x3423</load_address>
         <run_address>0x3423</run_address>
         <size>0x4a</size>
         <input_file_ref idref="fl-22"/>
      </object_component>
      <object_component id="oc-240">
         <name>.debug_line</name>
         <load_address>0x346d</load_address>
         <run_address>0x346d</run_address>
         <size>0x4a</size>
         <input_file_ref idref="fl-22"/>
      </object_component>
      <object_component id="oc-242">
         <name>.debug_line</name>
         <load_address>0x34b7</load_address>
         <run_address>0x34b7</run_address>
         <size>0x4a</size>
         <input_file_ref idref="fl-22"/>
      </object_component>
      <object_component id="oc-244">
         <name>.debug_line</name>
         <load_address>0x3501</load_address>
         <run_address>0x3501</run_address>
         <size>0x4a</size>
         <input_file_ref idref="fl-22"/>
      </object_component>
      <object_component id="oc-246">
         <name>.debug_line</name>
         <load_address>0x354b</load_address>
         <run_address>0x354b</run_address>
         <size>0x4a</size>
         <input_file_ref idref="fl-22"/>
      </object_component>
      <object_component id="oc-248">
         <name>.debug_line</name>
         <load_address>0x3595</load_address>
         <run_address>0x3595</run_address>
         <size>0x4a</size>
         <input_file_ref idref="fl-22"/>
      </object_component>
      <object_component id="oc-23c">
         <name>.debug_line</name>
         <load_address>0x35df</load_address>
         <run_address>0x35df</run_address>
         <size>0x4a</size>
         <input_file_ref idref="fl-22"/>
      </object_component>
      <object_component id="oc-b4">
         <name>.debug_line</name>
         <load_address>0x3629</load_address>
         <run_address>0x3629</run_address>
         <size>0x2fb</size>
         <input_file_ref idref="fl-22"/>
      </object_component>
      <object_component id="oc-2ee">
         <name>.debug_line</name>
         <load_address>0x3924</load_address>
         <run_address>0x3924</run_address>
         <size>0x4a</size>
[...]
         <object_component_ref idref="oc-2d2"/>
      </symbol>
      <symbol id="sm-687">
         <name>PWMPulseWidthGet</name>
         <value>0x3877</value>
         <object_component_ref idref="oc-2d2"/>
      </symbol>
      <symbol id="sm-688">
         <name>PWMOutputInvert</name>
         <value>0x396b</value>
         <object_component_ref idref="oc-2d2"/>
      </symbol>
      <symbol id="sm-689">
         <name>PWMFaultIntUnregister</name>
         <value>0x3bad</value>
         <object_component_ref idref="oc-2d2"/>
      </symbol>
      <symbol id="sm-7ce">
         <name>SysCtlGPIOAHBEnable</name>
         <value>0x29eb</value>
         <object_component_ref idref="oc-aa"/>
      </symbol>
      <symbol id="sm-7cf">
         <name>SysCtlIntRegister</name>
         <value>0x20c9</value>
         <object_component_ref idref="oc-aa"/>
      </symbol>
      <symbol id="sm-7d0">
         <name>SysCtlFlashSizeGet</name>
         <value>0x1d0b</value>
         <object_component_ref idref="oc-aa"/>
      </symbol>
      <symbol id="sm-7d1">
         <name>SysCtlPeripheralDeepSleepEnable</name>
         <value>0x1fdd</value>
         <object_component_ref idref="oc-aa"/>
      </symbol>
      <symbol id="sm-7d2">
         <name>SysCtlLDODeepSleepGet</name>
         <value>0x216f</value>
         <object_component_ref idref="oc-aa"/>
      </symbol>
      <symbol id="sm-7d3">
         <name>SysCtlFlashSectorSizeGet</name>
         <value>0x1d37</value>
         <object_component_ref idref="oc-aa"/>
      </symbol>
      <symbol id="sm-7d4">
         <name>SysCtlIntDisable</name>
         <value>0x2105</value>
         <object_component_ref idref="oc-aa"/>
      </symbol>
      <symbol id="sm-7d5">
         <name>SysCtlResetBehaviorGet</name>
         <value>0x2255</value>
         <object_component_ref idref="oc-aa"/>
      </symbol>
      <symbol id="sm-7d6">
         <name>SysCtlPeripheralPresent</name>
         <value>0x1d5d</value>
         <object_component_ref idref="oc-aa"/>
      </symbol>
      <symbol id="sm-7d7">
         <name>SysCtlDeepSleepClockSet</name>
         <value>0x2913</value>
         <object_component_ref idref="oc-aa"/>
      </symbol>
      <symbol id="sm-7d8">
         <name>SysCtlClockSet</name>
         <value>0x259d</value>
         <object_component_ref idref="oc-aa"/>
      </symbol>
      <symbol id="sm-7d9">
         <name>SysCtlAltClkConfig</name>
         <value>0x2b7d</value>
         <object_component_ref idref="oc-aa"/>
      </symbol>
      <symbol id="sm-7da">
         <name>SysCtlPeripheralClockGating</name>
         <value>0x2075</value>
         <object_component_ref idref="oc-aa"/>
      </symbol>
      <symbol id="sm-7db">
         <name>SysCtlIntStatus</name>
         <value>0x212d</value>
         <object_component_ref idref="oc-aa"/>
      </symbol>
      <symbol id="sm-7dc">
         <name>SysCtlIntClear</name>
         <value>0x211d</value>
         <object_component_ref idref="oc-aa"/>
      </symbol>
      <symbol id="sm-7dd">
         <name>SysCtlVoltageEventStatus</name>
         <value>0x2a51</value>
         <object_component_ref idref="oc-aa"/>
      </symbol>
      <symbol id="sm-7de">
         <name>SysCtlVoltageEventConfig</name>
         <value>0x2a41</value>
         <object_component_ref idref="oc-aa"/>
      </symbol>
      <symbol id="sm-7df">
         <name>SysCtlResetCauseGet</name>
         <value>0x21c5</value>
         <object_component_ref idref="oc-aa"/>
      </symbol>
      <symbol id="sm-7e0">
         <name>SysCtlSleep</name>
         <value>0x21a1</value>
         <object_component_ref idref="oc-aa"/>
      </symbol>
      <symbol id="sm-7e1">
         <name>SysCtlPWMClockGet</name>
         <value>0x29d5</value>
         <object_component_ref idref="oc-aa"/>
      </symbol>
      <symbol id="sm-7e2">
         <name>SysCtlDeepSleepPowerSet</name>
         <value>0x2189</value>
         <object_component_ref idref="oc-aa"/>
      </symbol>
      <symbol id="sm-7e3">
         <name>SysCtlClockOutConfig</name>
         <value>0x2b61</value>
         <object_component_ref idref="oc-aa"/>
      </symbol>
      <symbol id="sm-7e4">
         <name>SysCtlNMIStatus</name>
         <value>0x2b31</value>
         <object_component_ref idref="oc-aa"/>
      </symbol>
      <symbol id="sm-7e5">
         <name>SysCtlDeepSleepClockConfigSet</name>
         <value>0x2931</value>
         <object_component_ref idref="oc-aa"/>
      </symbol>
      <symbol id="sm-7e6">
         <name>SysCtlDelay</name>
         <value>0x5a63</value>
         <object_component_ref idref="oc-16a"/>
      </symbol>
      <symbol id="sm-7e7">
         <name>SysCtlVoltageEventClear</name>
         <value>0x2a5d</value>
         <object_component_ref idref="oc-aa"/>
      </symbol>
      <symbol id="sm-7e8">
         <name>SysCtlLDOSleepSet</name>
         <value>0x2149</value>
         <object_component_ref idref="oc-aa"/>
      </symbol>
      <symbol id="sm-7e9">
         <name>SysCtlMOSCConfigSet</name>
         <value>0x21df</value>
         <object_component_ref idref="oc-aa"/>
      </symbol>
      <symbol id="sm-7ea">
         <name>SysCtlPeripheralEnable</name>
         <value>0x1edd</value>
         <object_component_ref idref="oc-aa"/>
      </symbol>
      <symbol id="sm-7eb">
         <name>SysCtlIntEnable</name>
         <value>0x20f1</value>
         <object_component_ref idref="oc-aa"/>
      </symbol>
      <symbol id="sm-7ec">
         <name>SysCtlNMIClear</name>
         <value>0x2b45</value>
         <object_component_ref idref="oc-aa"/>
      </symbol>
      <symbol id="sm-7ed">
         <name>SysCtlPeripheralPowerOff</name>
         <value>0x1e19</value>
         <object_component_ref idref="oc-aa"/>
      </symbol>
      <symbol id="sm-7ee">
         <name>SysCtlSleepPowerSet</name>
         <value>0x2175</value>
         <object_component_ref idref="oc-aa"/>
      </symbol>
      <symbol id="sm-7ef">
         <name>SysCtlDeepSleep</name>
         <value>0x21a9</value>
         <object_component_ref idref="oc-aa"/>
      </symbol>
      <symbol id="sm-7f0">
         <name>SysCtlLDODeepSleepSet</name>
         <value>0x215f</value>
         <object_component_ref idref="oc-aa"/>
      </symbol>
      <symbol id="sm-7f1">
         <name>SysCtlPeripheralPowerOn</name>
         <value>0x1ddd</value>
         <object_component_ref idref="oc-aa"/>
      </symbol>
      <symbol id="sm-7f2">
         <name>SysCtlPeripheralDeepSleepDisable</name>
         <value>0x202d</value>
         <object_component_ref idref="oc-aa"/>
      </symbol>
      <symbol id="sm-7f3">
         <name>SysCtlPeripheralSleepDisable</name>
         <value>0x1fa1</value>
         <object_component_ref idref="oc-aa"/>
      </symbol>
      <symbol id="sm-7f4">
         <name>SysCtlVCOGet</name>
         <value>0x2a75</value>
         <object_component_ref idref="oc-aa"/>
      </symbol>
      <symbol id="sm-7f5">
         <name>SysCtlResetBehaviorSet</name>
         <value>0x2245</value>
         <object_component_ref idref="oc-aa"/>
      </symbol>
      <symbol id="sm-7f6">
         <name>SysCtlReset</name>
         <value>0x2199</value>
         <object_component_ref idref="oc-aa"/>
      </symbol>
      <symbol id="sm-7f7">
         <name>SysCtlGPIOAHBDisable</name>
         <value>0x2a07</value>
         <object_component_ref idref="oc-aa"/>
      </symbol>
      <symbol id="sm-7f8">
         <name>SysCtlSRAMSizeGet</name>
         <value>0x1d01</value>
         <object_component_ref idref="oc-aa"/>
      </symbol>
      <symbol id="sm-7f9">
         <name>SysCtlClockGet</name>
         <value>0x276d</value>
         <object_component_ref idref="oc-aa"/>
      </symbol>
      <symbol id="sm-7fa">
         <name>SysCtlPeripheralDisable</name>
         <value>0x1f19</value>
         <object_component_ref idref="oc-aa"/>
      </symbol>
      <symbol id="sm-7fb">
         <name>SysCtlPWMClockSet</name>
         <value>0x29bb</value>
         <object_component_ref idref="oc-aa"/>
      </symbol>
      <symbol id="sm-7fc">
         <name>SysCtlUSBPLLEnable</name>
         <value>0x2a23</value>
         <object_component_ref idref="oc-aa"/>
      </symbol>
      <symbol id="sm-7fd">
         <name>SysCtlPeripheralSleepEnable</name>
         <value>0x1f5d</value>
         <object_component_ref idref="oc-aa"/>
      </symbol>
      <symbol id="sm-7fe">
         <name>SysCtlIntUnregister</name>
         <value>0x20e1</value>
         <object_component_ref idref="oc-aa"/>
      </symbol>
      <symbol id="sm-7ff">
         <name>SysCtlUSBPLLDisable</name>
         <value>0x2a2f</value>
         <object_component_ref idref="oc-aa"/>
      </symbol>
      <symbol id="sm-800">
         <name>SysCtlPeripheralReady</name>
         <value>0x1d9d</value>
         <object_component_ref idref="oc-aa"/>
      </symbol>
      <symbol id="sm-801">
         <name>SysCtlPIOSCCalibrate</name>
         <value>0x21f5</value>
         <object_component_ref idref="oc-aa"/>
      </symbol>
      <symbol id="sm-802">
         <name>SysCtlResetCauseClear</name>
         <value>0x21cb</value>
         <object_component_ref idref="oc-aa"/>
      </symbol>
      <symbol id="sm-803">
         <name>SysCtlLDOSleepGet</name>
         <value>0x2159</value>
         <object_component_ref idref="oc-aa"/>
      </symbol>
      <symbol id="sm-804">
         <name>SysCtlClockFreqSet</name>
         <value>0x22a5</value>
         <object_component_ref idref="oc-aa"/>
      </symbol>
      <symbol id="sm-805">
         <name>SysCtlPeripheralReset</name>
         <value>0x1e55</value>
         <object_component_ref idref="oc-aa"/>
      </symbol>
      <symbol id="sm-87f">
         <name>TimerMatchSet</name>
         <value>0x42d1</value>
         <object_component_ref idref="oc-9e"/>
      </symbol>
      <symbol id="sm-880">
         <name>TimerLoadSet</name>
         <value>0x41f1</value>
         <object_component_ref idref="oc-9e"/>
      </symbol>
      <symbol id="sm-881">
         <name>TimerDMAEventSet</name>
         <value>0x443b</value>
         <object_component_ref idref="oc-9e"/>
      </symbol>
      <symbol id="sm-882">
         <name>TimerADCEventSet</name>
         <value>0x441b</value>
         <object_component_ref idref="oc-9e"/>
      </symbol>
      <symbol id="sm-883">
         <name>TimerPrescaleMatchGet</name>
         <value>0x41d5</value>
         <object_component_ref idref="oc-9e"/>
      </symbol>
      <symbol id="sm-884">
         <name>TimerPrescaleGet</name>
         <value>0x418b</value>
         <object_component_ref idref="oc-9e"/>
      </symbol>
      <symbol id="sm-885">
         <name>TimerControlLevel</name>
         <value>0x3f97</value>
         <object_component_ref idref="oc-9e"/>
      </symbol>
      <symbol id="sm-886">
         <name>TimerDisable</name>
         <value>0x3efd</value>
         <object_component_ref idref="oc-9e"/>
      </symbol>
      <symbol id="sm-887">
         <name>TimerUpdateMode</name>
         <value>0x445b</value>
         <object_component_ref idref="oc-9e"/>
      </symbol>
      <symbol id="sm-888">
         <name>TimerIntRegister</name>
         <value>0x4363</value>
         <object_component_ref idref="oc-9e"/>
      </symbol>
      <symbol id="sm-889">
         <name>TimerMatchSet64</name>
         <value>0x4317</value>
         <object_component_ref idref="oc-9e"/>
      </symbol>
      <symbol id="sm-88a">
         <name>TimerEnable</name>
         <value>0x3edf</value>
         <object_component_ref idref="oc-9e"/>
      </symbol>
      <symbol id="sm-88b">
         <name>TimerLoadGet64</name>
         <value>0x4251</value>
         <object_component_ref idref="oc-9e"/>
      </symbol>
      <symbol id="sm-88c">
         <name>TimerIntUnregister</name>
         <value>0x438b</value>
         <object_component_ref idref="oc-9e"/>
      </symbol>
      <symbol id="sm-88d">
         <name>TimerValueGet64</name>
         <value>0x429f</value>
         <object_component_ref idref="oc-9e"/>
      </symbol>
      <symbol id="sm-88e">
         <name>TimerMatchGet</name>
         <value>0x42fb</value>
         <object_component_ref idref="oc-9e"/>
      </symbol>
      <symbol id="sm-88f">
         <name>TimerIntStatus</name>
         <value>0x43d9</value>
         <object_component_ref idref="oc-9e"/>
      </symbol>
      <symbol id="sm-890">
         <name>TimerClockSourceGet</name>
         <value>0x4151</value>
         <object_component_ref idref="oc-9e"/>
      </symbol>
      <symbol id="sm-891">
         <name>TimerIntDisable</name>
         <value>0x43c1</value>
         <object_component_ref idref="oc-9e"/>
      </symbol>
      <symbol id="sm-892">
         <name>TimerValueGet</name>
         <value>0x4283</value>
         <object_component_ref idref="oc-9e"/>
      </symbol>
      <symbol id="sm-893">
         <name>TimerControlTrigger</name>
         <value>0x3fcd</value>
         <object_component_ref idref="oc-9e"/>
      </symbol>
      <symbol id="sm-894">
         <name>TimerPrescaleSet</name>
         <value>0x4161</value>
         <object_component_ref idref="oc-9e"/>
      </symbol>
      <symbol id="sm-895">
         <name>TimerControlStall</name>
         <value>0x4065</value>
         <object_component_ref idref="oc-9e"/>
      </symbol>
      <symbol id="sm-896">
         <name>TimerMatchGet64</name>
         <value>0x4331</value>
         <object_component_ref idref="oc-9e"/>
      </symbol>
      <symbol id="sm-897">
         <name>TimerRTCEnable</name>
         <value>0x40fb</value>
         <object_component_ref idref="oc-9e"/>
      </symbol>
      <symbol id="sm-898">
         <name>TimerLoadGet</name>
         <value>0x421b</value>
         <object_component_ref idref="oc-9e"/>
      </symbol>
      <symbol id="sm-899">
         <name>TimerIntEnable</name>
         <value>0x43a9</value>
         <object_component_ref idref="oc-9e"/>
      </symbol>
      <symbol id="sm-89a">
         <name>TimerClockSourceSet</name>
         <value>0x4127</value>
         <object_component_ref idref="oc-9e"/>
      </symbol>
      <symbol id="sm-89b">
         <name>TimerLoadSet64</name>
         <value>0x4237</value>
         <object_component_ref idref="oc-9e"/>
      </symbol>
      <symbol id="sm-89c">
         <name>TimerDMAEventGet</name>
         <value>0x444d</value>
         <object_component_ref idref="oc-9e"/>
      </symbol>
      <symbol id="sm-89d">
         <name>TimerRTCDisable</name>
         <value>0x4111</value>
         <object_component_ref idref="oc-9e"/>
      </symbol>
      <symbol id="sm-89e">
         <name>TimerADCEventGet</name>
         <value>0x442d</value>
         <object_component_ref idref="oc-9e"/>
      </symbol>
      <symbol id="sm-89f">
         <name>TimerPrescaleMatchSet</name>
         <value>0x41a7</value>
         <object_component_ref idref="oc-9e"/>
      </symbol>
      <symbol id="sm-8a0">
         <name>TimerControlWaitOnTrigger</name>
         <value>0x409b</value>
         <object_component_ref idref="oc-9e"/>
      </symbol>
      <symbol id="sm-8a1">
         <name>TimerConfigure</name>
         <value>0x3f1b</value>
         <object_component_ref idref="oc-9e"/>
      </symbol>
      <symbol id="sm-8a2">
         <name>TimerControlEvent</name>
         <value>0x403b</value>
         <object_component_ref idref="oc-9e"/>
      </symbol>
      <symbol id="sm-8a3">
         <name>TimerIntClear</name>
         <value>0x43f7</value>
         <object_component_ref idref="oc-9e"/>
      </symbol>
      <symbol id="sm-8a4">
         <name>TimerSynchronize</name>
         <value>0x4409</value>
         <object_component_ref idref="oc-9e"/>
      </symbol>
      <symbol id="sm-8bc">
         <name>__aeabi_ddiv</name>
         <value>0x4ce9</value>
         <object_component_ref idref="oc-28e"/>
      </symbol>
      <symbol id="sm-8c7">
         <name>__aeabi_dmul</name>
         <value>0x5055</value>
         <object_component_ref idref="oc-293"/>
      </symbol>
      <symbol id="sm-8d1">
         <name>__aeabi_d2uiz</name>
         <value>0x5961</value>
         <object_component_ref idref="oc-298"/>
      </symbol>
      <symbol id="sm-8ec">
         <name>memcpy</name>
         <value>0x5749</value>
         <object_component_ref idref="oc-4f"/>
      </symbol>
      <symbol id="sm-8ed">
         <name>__aeabi_memcpy</name>
         <value>0x5749</value>
         <object_component_ref idref="oc-4f"/>
      </symbol>
      <symbol id="sm-8ee">
         <name>__aeabi_memcpy8</name>
         <value>0x5749</value>
         <object_component_ref idref="oc-4f"/>
      </symbol>
      <symbol id="sm-8ef">
         <name>__aeabi_memcpy4</name>
         <value>0x5749</value>
         <object_component_ref idref="oc-4f"/>
      </symbol>
      <symbol id="sm-8f9">
         <name>__aeabi_ui2d</name>
         <value>0x5a1d</value>
         <object_component_ref idref="oc-289"/>
      </symbol>
      <symbol id="sm-908">
         <name>__aeabi_memset</name>
         <value>0x57e7</value>
         <object_component_ref idref="oc-e2"/>
      </symbol>
      <symbol id="sm-909">
         <name>memset</name>
         <value>0x57ed</value>
         <object_component_ref idref="oc-e2"/>
      </symbol>
      <symbol id="sm-90a">
         <name>__aeabi_memset8</name>
         <value>0x57e7</value>
         <object_component_ref idref="oc-e2"/>
      </symbol>
      <symbol id="sm-90b">
         <name>__aeabi_memset4</name>
         <value>0x57e7</value>
         <object_component_ref idref="oc-e2"/>
      </symbol>
      <symbol id="sm-90c">
         <name>__aeabi_memclr8</name>
         <value>0x57e5</value>
         <object_component_ref idref="oc-e2"/>
      </symbol>
      <symbol id="sm-90d">
         <name>__aeabi_memclr4</name>
         <value>0x57e5</value>
         <object_component_ref idref="oc-e2"/>
      </symbol>
      <symbol id="sm-90e">
         <name>__aeabi_memclr</name>
         <value>0x57e5</value>
         <object_component_ref idref="oc-e2"/>
      </symbol>
      <symbol id="sm-925">
         <name>__TI_zero_init</name>
         <value>0x5a4b</value>
         <object_component_ref idref="oc-61"/>
      </symbol>
      <symbol id="sm-93c">
         <name>__TI_decompress_none</name>
         <value>0x5a3d</value>
         <object_component_ref idref="oc-18"/>
      </symbol>
      <symbol id="sm-95f">
         <name>__TI_decompress_lzss</name>
         <value>0x585f</value>
         <object_component_ref idref="oc-12"/>
      </symbol>
      <symbol id="sm-972">
         <name>__stack</name>
         <value>0x20005190</value>
         <object_component_ref idref="oc-21"/>
      </symbol>
      <symbol id="sm-973">
         <name>_c_int00_noargs</name>
         <value>0x59e5</value>
         <object_component_ref idref="oc-6d"/>
      </symbol>
      <symbol id="sm-97e">
         <name>C$$EXIT</name>
         <value>0x5a6d</value>
         <object_component_ref idref="oc-1b0"/>
      </symbol>
      <symbol id="sm-97f">
         <name>abort</name>
         <value>0x5a6d</value>
         <object_component_ref idref="oc-1b0"/>
      </symbol>
      <symbol id="sm-9a9">
         <name>__TI_auto_init_nobinit_nopinit</name>
         <value>0x591d</value>
         <object_component_ref idref="oc-1bc"/>
      </symbol>
      <symbol id="sm-9b3">
         <name>_system_pre_init</name>
         <value>0x5a69</value>
         <object_component_ref idref="oc-e8"/>
      </symbol>
      <symbol id="sm-9b5">
         <name>__TI_static_base__</name>
         <value>0x0</value>
      </symbol>
      <symbol id="sm-9b8">
         <name>__mpu_init</name>
         <value>0x0</value>
      </symbol>
      <symbol id="sm-9b9">
         <name>_system_post_cinit</name>
         <value>0x0</value>
      </symbol>
   </symbol_table>
   <title>Link successful</title>
</link_info>
